Archive member included because of file (symbol)

.\CortexM0\ARM_GCC_473\Debug\Dynamixel_Servo_Driver.a(cyfitter_cfg.o)
                              .\CortexM0\ARM_GCC_473\Debug\Cm0Start.o (cyfitter_cfg)
.\CortexM0\ARM_GCC_473\Debug\Dynamixel_Servo_Driver.a(LED.o)
                              .\CortexM0\ARM_GCC_473\Debug\main.o (LED_Write)
.\CortexM0\ARM_GCC_473\Debug\Dynamixel_Servo_Driver.a(UART_1.o)
                              .\CortexM0\ARM_GCC_473\Debug\main.o (UART_1_Start)
.\CortexM0\ARM_GCC_473\Debug\Dynamixel_Servo_Driver.a(Timer_1.o)
                              .\CortexM0\ARM_GCC_473\Debug\main.o (Timer_1_Start)
.\CortexM0\ARM_GCC_473\Debug\Dynamixel_Servo_Driver.a(Timer_2.o)
                              .\CortexM0\ARM_GCC_473\Debug\main.o (Timer_2_Start)
.\CortexM0\ARM_GCC_473\Debug\Dynamixel_Servo_Driver.a(UART_1_IntClock.o)
                              .\CortexM0\ARM_GCC_473\Debug\Dynamixel_Servo_Driver.a(UART_1.o) (UART_1_IntClock_Start)
.\CortexM0\ARM_GCC_473\Debug\Dynamixel_Servo_Driver.a(CyBootAsmGnu.o)
                              .\CortexM0\ARM_GCC_473\Debug\Dynamixel_Servo_Driver.a(cyfitter_cfg.o) (CyDelayCycles)
.\CortexM0\ARM_GCC_473\Debug\Dynamixel_Servo_Driver.a(CyLib.o)
                              .\CortexM0\ARM_GCC_473\Debug\Dynamixel_Servo_Driver.a(cyfitter_cfg.o) (CyDelayUs)
c:/program files (x86)/cypress/psoc creator/3.0/psoc creator/import/gnu_cs/arm/4.7.3/bin/../lib/gcc/arm-none-eabi/4.7.3/armv6-m\libgcc.a(_udivsi3.o)
                              .\CortexM0\ARM_GCC_473\Debug\Dynamixel_Servo_Driver.a(CyLib.o) (__aeabi_uidiv)
c:/program files (x86)/cypress/psoc creator/3.0/psoc creator/import/gnu_cs/arm/4.7.3/bin/../lib/gcc/arm-none-eabi/4.7.3/armv6-m\libgcc.a(_divsi3.o)
                              .\CortexM0\ARM_GCC_473\Debug\Cm0Start.o (__aeabi_idiv)
c:/program files (x86)/cypress/psoc creator/3.0/psoc creator/import/gnu_cs/arm/4.7.3/bin/../lib/gcc/arm-none-eabi/4.7.3/armv6-m\libgcc.a(_dvmd_tls.o)
                              c:/program files (x86)/cypress/psoc creator/3.0/psoc creator/import/gnu_cs/arm/4.7.3/bin/../lib/gcc/arm-none-eabi/4.7.3/armv6-m\libgcc.a(_udivsi3.o) (__aeabi_idiv0)
c:/program files (x86)/cypress/psoc creator/3.0/psoc creator/import/gnu_cs/arm/4.7.3/bin/../lib/gcc/arm-none-eabi/4.7.3/../../../../arm-none-eabi/lib/armv6-m\libc_s.a(lib_a-__atexit2.o)
                              c:/program files (x86)/cypress/psoc creator/3.0/psoc creator/import/gnu_cs/arm/4.7.3/bin/../lib/gcc/arm-none-eabi/4.7.3/../../../../arm-none-eabi/lib/armv6-m/crt0.o (__register_exitproc)
c:/program files (x86)/cypress/psoc creator/3.0/psoc creator/import/gnu_cs/arm/4.7.3/bin/../lib/gcc/arm-none-eabi/4.7.3/../../../../arm-none-eabi/lib/armv6-m\libc_s.a(lib_a-exit.o)
                              c:/program files (x86)/cypress/psoc creator/3.0/psoc creator/import/gnu_cs/arm/4.7.3/bin/../lib/gcc/arm-none-eabi/4.7.3/../../../../arm-none-eabi/lib/armv6-m/crt0.o (exit)
c:/program files (x86)/cypress/psoc creator/3.0/psoc creator/import/gnu_cs/arm/4.7.3/bin/../lib/gcc/arm-none-eabi/4.7.3/../../../../arm-none-eabi/lib/armv6-m\libc_s.a(lib_a-fini.o)
                              c:/program files (x86)/cypress/psoc creator/3.0/psoc creator/import/gnu_cs/arm/4.7.3/bin/../lib/gcc/arm-none-eabi/4.7.3/../../../../arm-none-eabi/lib/armv6-m/crt0.o (__libc_fini_array)
c:/program files (x86)/cypress/psoc creator/3.0/psoc creator/import/gnu_cs/arm/4.7.3/bin/../lib/gcc/arm-none-eabi/4.7.3/../../../../arm-none-eabi/lib/armv6-m\libc_s.a(lib_a-impure.o)
                              c:/program files (x86)/cypress/psoc creator/3.0/psoc creator/import/gnu_cs/arm/4.7.3/bin/../lib/gcc/arm-none-eabi/4.7.3/../../../../arm-none-eabi/lib/armv6-m\libc_s.a(lib_a-exit.o) (_global_impure_ptr)
c:/program files (x86)/cypress/psoc creator/3.0/psoc creator/import/gnu_cs/arm/4.7.3/bin/../lib/gcc/arm-none-eabi/4.7.3/../../../../arm-none-eabi/lib/armv6-m\libc_s.a(lib_a-init.o)
                              c:/program files (x86)/cypress/psoc creator/3.0/psoc creator/import/gnu_cs/arm/4.7.3/bin/../lib/gcc/arm-none-eabi/4.7.3/../../../../arm-none-eabi/lib/armv6-m/crt0.o (__libc_init_array)
c:/program files (x86)/cypress/psoc creator/3.0/psoc creator/import/gnu_cs/arm/4.7.3/bin/../lib/gcc/arm-none-eabi/4.7.3/../../../../arm-none-eabi/lib/armv6-m\libc_s.a(lib_a-memcpy.o)
                              .\CortexM0\ARM_GCC_473\Debug\Dynamixel_Servo_Driver.a(cyfitter_cfg.o) (memcpy)
c:/program files (x86)/cypress/psoc creator/3.0/psoc creator/import/gnu_cs/arm/4.7.3/bin/../lib/gcc/arm-none-eabi/4.7.3/../../../../arm-none-eabi/lib/armv6-m\libc_s.a(lib_a-memset.o)
                              c:/program files (x86)/cypress/psoc creator/3.0/psoc creator/import/gnu_cs/arm/4.7.3/bin/../lib/gcc/arm-none-eabi/4.7.3/../../../../arm-none-eabi/lib/armv6-m/crt0.o (memset)

Allocating common symbols
Common symbol       size              file

SpiReg              0x14              .\CortexM0\ARM_GCC_473\Debug\main.o

Discarded input sections

 .text          0x00000000        0x0 c:/program files (x86)/cypress/psoc creator/3.0/psoc creator/import/gnu_cs/arm/4.7.3/bin/../lib/gcc/arm-none-eabi/4.7.3/armv6-m/crti.o
 .data          0x00000000        0x0 c:/program files (x86)/cypress/psoc creator/3.0/psoc creator/import/gnu_cs/arm/4.7.3/bin/../lib/gcc/arm-none-eabi/4.7.3/armv6-m/crti.o
 .bss           0x00000000        0x0 c:/program files (x86)/cypress/psoc creator/3.0/psoc creator/import/gnu_cs/arm/4.7.3/bin/../lib/gcc/arm-none-eabi/4.7.3/armv6-m/crti.o
 .data          0x00000000        0x4 c:/program files (x86)/cypress/psoc creator/3.0/psoc creator/import/gnu_cs/arm/4.7.3/bin/../lib/gcc/arm-none-eabi/4.7.3/armv6-m/crtbegin.o
 .text          0x00000000       0x74 c:/program files (x86)/cypress/psoc creator/3.0/psoc creator/import/gnu_cs/arm/4.7.3/bin/../lib/gcc/arm-none-eabi/4.7.3/../../../../arm-none-eabi/lib/armv6-m/crt0.o
 .data          0x00000000        0x0 c:/program files (x86)/cypress/psoc creator/3.0/psoc creator/import/gnu_cs/arm/4.7.3/bin/../lib/gcc/arm-none-eabi/4.7.3/../../../../arm-none-eabi/lib/armv6-m/crt0.o
 .bss           0x00000000        0x0 c:/program files (x86)/cypress/psoc creator/3.0/psoc creator/import/gnu_cs/arm/4.7.3/bin/../lib/gcc/arm-none-eabi/4.7.3/../../../../arm-none-eabi/lib/armv6-m/crt0.o
 .ARM.extab     0x00000000        0x0 c:/program files (x86)/cypress/psoc creator/3.0/psoc creator/import/gnu_cs/arm/4.7.3/bin/../lib/gcc/arm-none-eabi/4.7.3/../../../../arm-none-eabi/lib/armv6-m/crt0.o
 .ARM.exidx     0x00000000        0x8 c:/program files (x86)/cypress/psoc creator/3.0/psoc creator/import/gnu_cs/arm/4.7.3/bin/../lib/gcc/arm-none-eabi/4.7.3/../../../../arm-none-eabi/lib/armv6-m/crt0.o
 .text          0x00000000        0x0 .\CortexM0\ARM_GCC_473\Debug\main.o
 .data          0x00000000        0x0 .\CortexM0\ARM_GCC_473\Debug\main.o
 .bss           0x00000000        0x0 .\CortexM0\ARM_GCC_473\Debug\main.o
 .text.SetServoTorque
                0x00000000       0x98 .\CortexM0\ARM_GCC_473\Debug\main.o
 .text.ReadRequest
                0x00000000       0x88 .\CortexM0\ARM_GCC_473\Debug\main.o
 .text.UartWriteLED
                0x00000000       0x6c .\CortexM0\ARM_GCC_473\Debug\main.o
 COMMON         0x00000000       0x14 .\CortexM0\ARM_GCC_473\Debug\main.o
 .text          0x00000000        0x0 .\CortexM0\ARM_GCC_473\Debug\cymetadata.o
 .data          0x00000000        0x0 .\CortexM0\ARM_GCC_473\Debug\cymetadata.o
 .bss           0x00000000        0x0 .\CortexM0\ARM_GCC_473\Debug\cymetadata.o
 .text          0x00000000        0x0 .\CortexM0\ARM_GCC_473\Debug\Cm0Start.o
 .data          0x00000000        0x0 .\CortexM0\ARM_GCC_473\Debug\Cm0Start.o
 .bss           0x00000000        0x0 .\CortexM0\ARM_GCC_473\Debug\Cm0Start.o
 .text._exit    0x00000000       0x28 .\CortexM0\ARM_GCC_473\Debug\Cm0Start.o
 .text          0x00000000        0x0 .\CortexM0\ARM_GCC_473\Debug\Dynamixel_Servo_Driver.a(cyfitter_cfg.o)
 .bss           0x00000000        0x0 .\CortexM0\ARM_GCC_473\Debug\Dynamixel_Servo_Driver.a(cyfitter_cfg.o)
 .text.CYCONFIGCPY
                0x00000000       0x24 .\CortexM0\ARM_GCC_473\Debug\Dynamixel_Servo_Driver.a(cyfitter_cfg.o)
 .text.CYCONFIGCPYCODE
                0x00000000       0x24 .\CortexM0\ARM_GCC_473\Debug\Dynamixel_Servo_Driver.a(cyfitter_cfg.o)
 .text          0x00000000        0x0 .\CortexM0\ARM_GCC_473\Debug\Dynamixel_Servo_Driver.a(LED.o)
 .data          0x00000000        0x0 .\CortexM0\ARM_GCC_473\Debug\Dynamixel_Servo_Driver.a(LED.o)
 .bss           0x00000000        0x0 .\CortexM0\ARM_GCC_473\Debug\Dynamixel_Servo_Driver.a(LED.o)
 .text.LED_SetDriveMode
                0x00000000       0x30 .\CortexM0\ARM_GCC_473\Debug\Dynamixel_Servo_Driver.a(LED.o)
 .text.LED_Read
                0x00000000       0x1c .\CortexM0\ARM_GCC_473\Debug\Dynamixel_Servo_Driver.a(LED.o)
 .text.LED_ReadDataReg
                0x00000000       0x1c .\CortexM0\ARM_GCC_473\Debug\Dynamixel_Servo_Driver.a(LED.o)
 .text.LED_ClearInterrupt
                0x00000000       0x30 .\CortexM0\ARM_GCC_473\Debug\Dynamixel_Servo_Driver.a(LED.o)
 .text          0x00000000        0x0 .\CortexM0\ARM_GCC_473\Debug\Dynamixel_Servo_Driver.a(UART_1.o)
 .data          0x00000000        0x0 .\CortexM0\ARM_GCC_473\Debug\Dynamixel_Servo_Driver.a(UART_1.o)
 .text.UART_1_Stop
                0x00000000       0x38 .\CortexM0\ARM_GCC_473\Debug\Dynamixel_Servo_Driver.a(UART_1.o)
 .text.UART_1_ReadControlRegister
                0x00000000        0xc .\CortexM0\ARM_GCC_473\Debug\Dynamixel_Servo_Driver.a(UART_1.o)
 .text.UART_1_WriteControlRegister
                0x00000000       0x14 .\CortexM0\ARM_GCC_473\Debug\Dynamixel_Servo_Driver.a(UART_1.o)
 .text.UART_1_SetTxInterruptMode
                0x00000000       0x20 .\CortexM0\ARM_GCC_473\Debug\Dynamixel_Servo_Driver.a(UART_1.o)
 .text.UART_1_WriteTxData
                0x00000000       0x2c .\CortexM0\ARM_GCC_473\Debug\Dynamixel_Servo_Driver.a(UART_1.o)
 .text.UART_1_ReadTxStatus
                0x00000000       0x14 .\CortexM0\ARM_GCC_473\Debug\Dynamixel_Servo_Driver.a(UART_1.o)
 .text.UART_1_PutString
                0x00000000       0x54 .\CortexM0\ARM_GCC_473\Debug\Dynamixel_Servo_Driver.a(UART_1.o)
 .text.UART_1_PutCRLF
                0x00000000       0x34 .\CortexM0\ARM_GCC_473\Debug\Dynamixel_Servo_Driver.a(UART_1.o)
 .text.UART_1_GetTxBufferSize
                0x00000000       0x48 .\CortexM0\ARM_GCC_473\Debug\Dynamixel_Servo_Driver.a(UART_1.o)
 .text.UART_1_ClearTxBuffer
                0x00000000       0x44 .\CortexM0\ARM_GCC_473\Debug\Dynamixel_Servo_Driver.a(UART_1.o)
 .text.UART_1_SendBreak
                0x00000000       0xb8 .\CortexM0\ARM_GCC_473\Debug\Dynamixel_Servo_Driver.a(UART_1.o)
 .text.UART_1_SetTxAddressMode
                0x00000000       0x14 .\CortexM0\ARM_GCC_473\Debug\Dynamixel_Servo_Driver.a(UART_1.o)
 .text          0x00000000        0x0 .\CortexM0\ARM_GCC_473\Debug\Dynamixel_Servo_Driver.a(Timer_1.o)
 .data          0x00000000        0x0 .\CortexM0\ARM_GCC_473\Debug\Dynamixel_Servo_Driver.a(Timer_1.o)
 .text.Timer_1_Stop
                0x00000000       0x30 .\CortexM0\ARM_GCC_473\Debug\Dynamixel_Servo_Driver.a(Timer_1.o)
 .text.Timer_1_SetMode
                0x00000000       0x48 .\CortexM0\ARM_GCC_473\Debug\Dynamixel_Servo_Driver.a(Timer_1.o)
 .text.Timer_1_SetQDMode
                0x00000000       0x48 .\CortexM0\ARM_GCC_473\Debug\Dynamixel_Servo_Driver.a(Timer_1.o)
 .text.Timer_1_SetPrescaler
                0x00000000       0x48 .\CortexM0\ARM_GCC_473\Debug\Dynamixel_Servo_Driver.a(Timer_1.o)
 .text.Timer_1_SetOneShot
                0x00000000       0x4c .\CortexM0\ARM_GCC_473\Debug\Dynamixel_Servo_Driver.a(Timer_1.o)
 .text.Timer_1_SetPWMMode
                0x00000000       0x1c .\CortexM0\ARM_GCC_473\Debug\Dynamixel_Servo_Driver.a(Timer_1.o)
 .text.Timer_1_SetPWMSyncKill
                0x00000000       0x48 .\CortexM0\ARM_GCC_473\Debug\Dynamixel_Servo_Driver.a(Timer_1.o)
 .text.Timer_1_SetPWMStopOnKill
                0x00000000       0x48 .\CortexM0\ARM_GCC_473\Debug\Dynamixel_Servo_Driver.a(Timer_1.o)
 .text.Timer_1_SetPWMDeadTime
                0x00000000       0x4c .\CortexM0\ARM_GCC_473\Debug\Dynamixel_Servo_Driver.a(Timer_1.o)
 .text.Timer_1_SetPWMInvert
                0x00000000       0x48 .\CortexM0\ARM_GCC_473\Debug\Dynamixel_Servo_Driver.a(Timer_1.o)
 .text.Timer_1_WriteCounter
                0x00000000       0x1c .\CortexM0\ARM_GCC_473\Debug\Dynamixel_Servo_Driver.a(Timer_1.o)
 .text.Timer_1_ReadCounter
                0x00000000       0x18 .\CortexM0\ARM_GCC_473\Debug\Dynamixel_Servo_Driver.a(Timer_1.o)
 .text.Timer_1_SetCounterMode
                0x00000000       0x48 .\CortexM0\ARM_GCC_473\Debug\Dynamixel_Servo_Driver.a(Timer_1.o)
 .text.Timer_1_ReadPeriod
                0x00000000       0x18 .\CortexM0\ARM_GCC_473\Debug\Dynamixel_Servo_Driver.a(Timer_1.o)
 .text.Timer_1_SetCompareSwap
                0x00000000       0x48 .\CortexM0\ARM_GCC_473\Debug\Dynamixel_Servo_Driver.a(Timer_1.o)
 .text.Timer_1_WritePeriodBuf
                0x00000000       0x1c .\CortexM0\ARM_GCC_473\Debug\Dynamixel_Servo_Driver.a(Timer_1.o)
 .text.Timer_1_ReadPeriodBuf
                0x00000000       0x18 .\CortexM0\ARM_GCC_473\Debug\Dynamixel_Servo_Driver.a(Timer_1.o)
 .text.Timer_1_SetPeriodSwap
                0x00000000       0x48 .\CortexM0\ARM_GCC_473\Debug\Dynamixel_Servo_Driver.a(Timer_1.o)
 .text.Timer_1_WriteCompare
                0x00000000       0x1c .\CortexM0\ARM_GCC_473\Debug\Dynamixel_Servo_Driver.a(Timer_1.o)
 .text.Timer_1_ReadCompare
                0x00000000       0x18 .\CortexM0\ARM_GCC_473\Debug\Dynamixel_Servo_Driver.a(Timer_1.o)
 .text.Timer_1_WriteCompareBuf
                0x00000000       0x1c .\CortexM0\ARM_GCC_473\Debug\Dynamixel_Servo_Driver.a(Timer_1.o)
 .text.Timer_1_ReadCompareBuf
                0x00000000       0x18 .\CortexM0\ARM_GCC_473\Debug\Dynamixel_Servo_Driver.a(Timer_1.o)
 .text.Timer_1_ReadCaptureBuf
                0x00000000       0x18 .\CortexM0\ARM_GCC_473\Debug\Dynamixel_Servo_Driver.a(Timer_1.o)
 .text.Timer_1_SetCaptureMode
                0x00000000       0x44 .\CortexM0\ARM_GCC_473\Debug\Dynamixel_Servo_Driver.a(Timer_1.o)
 .text.Timer_1_SetReloadMode
                0x00000000       0x44 .\CortexM0\ARM_GCC_473\Debug\Dynamixel_Servo_Driver.a(Timer_1.o)
 .text.Timer_1_SetStartMode
                0x00000000       0x48 .\CortexM0\ARM_GCC_473\Debug\Dynamixel_Servo_Driver.a(Timer_1.o)
 .text.Timer_1_SetStopMode
                0x00000000       0x44 .\CortexM0\ARM_GCC_473\Debug\Dynamixel_Servo_Driver.a(Timer_1.o)
 .text.Timer_1_SetCountMode
                0x00000000       0x44 .\CortexM0\ARM_GCC_473\Debug\Dynamixel_Servo_Driver.a(Timer_1.o)
 .text.Timer_1_TriggerCommand
                0x00000000       0x3c .\CortexM0\ARM_GCC_473\Debug\Dynamixel_Servo_Driver.a(Timer_1.o)
 .text.Timer_1_ReadStatus
                0x00000000       0x20 .\CortexM0\ARM_GCC_473\Debug\Dynamixel_Servo_Driver.a(Timer_1.o)
 .text.Timer_1_GetInterruptSourceMasked
                0x00000000       0x14 .\CortexM0\ARM_GCC_473\Debug\Dynamixel_Servo_Driver.a(Timer_1.o)
 .text.Timer_1_GetInterruptSource
                0x00000000       0x14 .\CortexM0\ARM_GCC_473\Debug\Dynamixel_Servo_Driver.a(Timer_1.o)
 .text.Timer_1_ClearInterrupt
                0x00000000       0x18 .\CortexM0\ARM_GCC_473\Debug\Dynamixel_Servo_Driver.a(Timer_1.o)
 .text.Timer_1_SetInterrupt
                0x00000000       0x18 .\CortexM0\ARM_GCC_473\Debug\Dynamixel_Servo_Driver.a(Timer_1.o)
 .text          0x00000000        0x0 .\CortexM0\ARM_GCC_473\Debug\Dynamixel_Servo_Driver.a(Timer_2.o)
 .data          0x00000000        0x0 .\CortexM0\ARM_GCC_473\Debug\Dynamixel_Servo_Driver.a(Timer_2.o)
 .text.Timer_2_Stop
                0x00000000       0x30 .\CortexM0\ARM_GCC_473\Debug\Dynamixel_Servo_Driver.a(Timer_2.o)
 .text.Timer_2_SetMode
                0x00000000       0x48 .\CortexM0\ARM_GCC_473\Debug\Dynamixel_Servo_Driver.a(Timer_2.o)
 .text.Timer_2_SetQDMode
                0x00000000       0x48 .\CortexM0\ARM_GCC_473\Debug\Dynamixel_Servo_Driver.a(Timer_2.o)
 .text.Timer_2_SetPrescaler
                0x00000000       0x48 .\CortexM0\ARM_GCC_473\Debug\Dynamixel_Servo_Driver.a(Timer_2.o)
 .text.Timer_2_SetOneShot
                0x00000000       0x4c .\CortexM0\ARM_GCC_473\Debug\Dynamixel_Servo_Driver.a(Timer_2.o)
 .text.Timer_2_SetPWMMode
                0x00000000       0x1c .\CortexM0\ARM_GCC_473\Debug\Dynamixel_Servo_Driver.a(Timer_2.o)
 .text.Timer_2_SetPWMSyncKill
                0x00000000       0x48 .\CortexM0\ARM_GCC_473\Debug\Dynamixel_Servo_Driver.a(Timer_2.o)
 .text.Timer_2_SetPWMStopOnKill
                0x00000000       0x48 .\CortexM0\ARM_GCC_473\Debug\Dynamixel_Servo_Driver.a(Timer_2.o)
 .text.Timer_2_SetPWMDeadTime
                0x00000000       0x4c .\CortexM0\ARM_GCC_473\Debug\Dynamixel_Servo_Driver.a(Timer_2.o)
 .text.Timer_2_SetPWMInvert
                0x00000000       0x48 .\CortexM0\ARM_GCC_473\Debug\Dynamixel_Servo_Driver.a(Timer_2.o)
 .text.Timer_2_WriteCounter
                0x00000000       0x1c .\CortexM0\ARM_GCC_473\Debug\Dynamixel_Servo_Driver.a(Timer_2.o)
 .text.Timer_2_ReadCounter
                0x00000000       0x18 .\CortexM0\ARM_GCC_473\Debug\Dynamixel_Servo_Driver.a(Timer_2.o)
 .text.Timer_2_SetCounterMode
                0x00000000       0x48 .\CortexM0\ARM_GCC_473\Debug\Dynamixel_Servo_Driver.a(Timer_2.o)
 .text.Timer_2_ReadPeriod
                0x00000000       0x18 .\CortexM0\ARM_GCC_473\Debug\Dynamixel_Servo_Driver.a(Timer_2.o)
 .text.Timer_2_SetCompareSwap
                0x00000000       0x48 .\CortexM0\ARM_GCC_473\Debug\Dynamixel_Servo_Driver.a(Timer_2.o)
 .text.Timer_2_WritePeriodBuf
                0x00000000       0x1c .\CortexM0\ARM_GCC_473\Debug\Dynamixel_Servo_Driver.a(Timer_2.o)
 .text.Timer_2_ReadPeriodBuf
                0x00000000       0x18 .\CortexM0\ARM_GCC_473\Debug\Dynamixel_Servo_Driver.a(Timer_2.o)
 .text.Timer_2_SetPeriodSwap
                0x00000000       0x48 .\CortexM0\ARM_GCC_473\Debug\Dynamixel_Servo_Driver.a(Timer_2.o)
 .text.Timer_2_WriteCompare
                0x00000000       0x1c .\CortexM0\ARM_GCC_473\Debug\Dynamixel_Servo_Driver.a(Timer_2.o)
 .text.Timer_2_ReadCompare
                0x00000000       0x18 .\CortexM0\ARM_GCC_473\Debug\Dynamixel_Servo_Driver.a(Timer_2.o)
 .text.Timer_2_WriteCompareBuf
                0x00000000       0x1c .\CortexM0\ARM_GCC_473\Debug\Dynamixel_Servo_Driver.a(Timer_2.o)
 .text.Timer_2_ReadCompareBuf
                0x00000000       0x18 .\CortexM0\ARM_GCC_473\Debug\Dynamixel_Servo_Driver.a(Timer_2.o)
 .text.Timer_2_ReadCaptureBuf
                0x00000000       0x18 .\CortexM0\ARM_GCC_473\Debug\Dynamixel_Servo_Driver.a(Timer_2.o)
 .text.Timer_2_SetCaptureMode
                0x00000000       0x44 .\CortexM0\ARM_GCC_473\Debug\Dynamixel_Servo_Driver.a(Timer_2.o)
 .text.Timer_2_SetReloadMode
                0x00000000       0x44 .\CortexM0\ARM_GCC_473\Debug\Dynamixel_Servo_Driver.a(Timer_2.o)
 .text.Timer_2_SetStartMode
                0x00000000       0x48 .\CortexM0\ARM_GCC_473\Debug\Dynamixel_Servo_Driver.a(Timer_2.o)
 .text.Timer_2_SetStopMode
                0x00000000       0x44 .\CortexM0\ARM_GCC_473\Debug\Dynamixel_Servo_Driver.a(Timer_2.o)
 .text.Timer_2_SetCountMode
                0x00000000       0x44 .\CortexM0\ARM_GCC_473\Debug\Dynamixel_Servo_Driver.a(Timer_2.o)
 .text.Timer_2_TriggerCommand
                0x00000000       0x3c .\CortexM0\ARM_GCC_473\Debug\Dynamixel_Servo_Driver.a(Timer_2.o)
 .text.Timer_2_ReadStatus
                0x00000000       0x20 .\CortexM0\ARM_GCC_473\Debug\Dynamixel_Servo_Driver.a(Timer_2.o)
 .text.Timer_2_GetInterruptSourceMasked
                0x00000000       0x14 .\CortexM0\ARM_GCC_473\Debug\Dynamixel_Servo_Driver.a(Timer_2.o)
 .text.Timer_2_GetInterruptSource
                0x00000000       0x14 .\CortexM0\ARM_GCC_473\Debug\Dynamixel_Servo_Driver.a(Timer_2.o)
 .text.Timer_2_ClearInterrupt
                0x00000000       0x18 .\CortexM0\ARM_GCC_473\Debug\Dynamixel_Servo_Driver.a(Timer_2.o)
 .text.Timer_2_SetInterrupt
                0x00000000       0x18 .\CortexM0\ARM_GCC_473\Debug\Dynamixel_Servo_Driver.a(Timer_2.o)
 .text          0x00000000        0x0 .\CortexM0\ARM_GCC_473\Debug\Dynamixel_Servo_Driver.a(UART_1_IntClock.o)
 .data          0x00000000        0x0 .\CortexM0\ARM_GCC_473\Debug\Dynamixel_Servo_Driver.a(UART_1_IntClock.o)
 .bss           0x00000000        0x0 .\CortexM0\ARM_GCC_473\Debug\Dynamixel_Servo_Driver.a(UART_1_IntClock.o)
 .text.UART_1_IntClock_Stop
                0x00000000       0x18 .\CortexM0\ARM_GCC_473\Debug\Dynamixel_Servo_Driver.a(UART_1_IntClock.o)
 .text.UART_1_IntClock_SetFractionalDividerRegister
                0x00000000       0x38 .\CortexM0\ARM_GCC_473\Debug\Dynamixel_Servo_Driver.a(UART_1_IntClock.o)
 .text.UART_1_IntClock_GetDividerRegister
                0x00000000       0x14 .\CortexM0\ARM_GCC_473\Debug\Dynamixel_Servo_Driver.a(UART_1_IntClock.o)
 .text.UART_1_IntClock_GetFractionalDividerRegister
                0x00000000        0xc .\CortexM0\ARM_GCC_473\Debug\Dynamixel_Servo_Driver.a(UART_1_IntClock.o)
 .data          0x00000000        0x0 .\CortexM0\ARM_GCC_473\Debug\Dynamixel_Servo_Driver.a(CyBootAsmGnu.o)
 .bss           0x00000000        0x0 .\CortexM0\ARM_GCC_473\Debug\Dynamixel_Servo_Driver.a(CyBootAsmGnu.o)
 .text          0x00000000        0x0 .\CortexM0\ARM_GCC_473\Debug\Dynamixel_Servo_Driver.a(CyLib.o)
 .bss           0x00000000        0x0 .\CortexM0\ARM_GCC_473\Debug\Dynamixel_Servo_Driver.a(CyLib.o)
 .text.CySysClkImoStart
                0x00000000       0x1c .\CortexM0\ARM_GCC_473\Debug\Dynamixel_Servo_Driver.a(CyLib.o)
 .text.CySysClkImoStop
                0x00000000       0x18 .\CortexM0\ARM_GCC_473\Debug\Dynamixel_Servo_Driver.a(CyLib.o)
 .text.CySysClkIloStart
                0x00000000       0x1c .\CortexM0\ARM_GCC_473\Debug\Dynamixel_Servo_Driver.a(CyLib.o)
 .text.CySysClkIloStop
                0x00000000       0x18 .\CortexM0\ARM_GCC_473\Debug\Dynamixel_Servo_Driver.a(CyLib.o)
 .text.CySysClkWriteHfclkDirect
                0x00000000       0x44 .\CortexM0\ARM_GCC_473\Debug\Dynamixel_Servo_Driver.a(CyLib.o)
 .text.CySysClkWriteSysclkDiv
                0x00000000       0x44 .\CortexM0\ARM_GCC_473\Debug\Dynamixel_Servo_Driver.a(CyLib.o)
 .text.CySysClkWriteImoFreq
                0x00000000      0x200 .\CortexM0\ARM_GCC_473\Debug\Dynamixel_Servo_Driver.a(CyLib.o)
 .text.CySysWdtLock
                0x00000000       0x44 .\CortexM0\ARM_GCC_473\Debug\Dynamixel_Servo_Driver.a(CyLib.o)
 .text.CySysWdtUnlock
                0x00000000       0x5c .\CortexM0\ARM_GCC_473\Debug\Dynamixel_Servo_Driver.a(CyLib.o)
 .text.CySysWdtReadEnabledStatus
                0x00000000       0x30 .\CortexM0\ARM_GCC_473\Debug\Dynamixel_Servo_Driver.a(CyLib.o)
 .text.CySysWdtWriteMode
                0x00000000       0x70 .\CortexM0\ARM_GCC_473\Debug\Dynamixel_Servo_Driver.a(CyLib.o)
 .text.CySysWdtReadMode
                0x00000000       0x24 .\CortexM0\ARM_GCC_473\Debug\Dynamixel_Servo_Driver.a(CyLib.o)
 .text.CySysWdtWriteClearOnMatch
                0x00000000       0x68 .\CortexM0\ARM_GCC_473\Debug\Dynamixel_Servo_Driver.a(CyLib.o)
 .text.CySysWdtReadClearOnMatch
                0x00000000       0x40 .\CortexM0\ARM_GCC_473\Debug\Dynamixel_Servo_Driver.a(CyLib.o)
 .text.CySysWdtEnable
                0x00000000       0x30 .\CortexM0\ARM_GCC_473\Debug\Dynamixel_Servo_Driver.a(CyLib.o)
 .text.CySysWdtDisable
                0x00000000       0x30 .\CortexM0\ARM_GCC_473\Debug\Dynamixel_Servo_Driver.a(CyLib.o)
 .text.CySysWdtWriteCascade
                0x00000000       0x68 .\CortexM0\ARM_GCC_473\Debug\Dynamixel_Servo_Driver.a(CyLib.o)
 .text.CySysWdtReadCascade
                0x00000000       0x1c .\CortexM0\ARM_GCC_473\Debug\Dynamixel_Servo_Driver.a(CyLib.o)
 .text.CySysWdtWriteMatch
                0x00000000       0x74 .\CortexM0\ARM_GCC_473\Debug\Dynamixel_Servo_Driver.a(CyLib.o)
 .text.CySysWdtWriteToggleBit
                0x00000000       0x54 .\CortexM0\ARM_GCC_473\Debug\Dynamixel_Servo_Driver.a(CyLib.o)
 .text.CySysWdtReadToggleBit
                0x00000000       0x18 .\CortexM0\ARM_GCC_473\Debug\Dynamixel_Servo_Driver.a(CyLib.o)
 .text.CySysWdtReadMatch
                0x00000000       0x44 .\CortexM0\ARM_GCC_473\Debug\Dynamixel_Servo_Driver.a(CyLib.o)
 .text.CySysWdtReadCount
                0x00000000       0x54 .\CortexM0\ARM_GCC_473\Debug\Dynamixel_Servo_Driver.a(CyLib.o)
 .text.CySysWdtGetInterruptSource
                0x00000000       0x1c .\CortexM0\ARM_GCC_473\Debug\Dynamixel_Servo_Driver.a(CyLib.o)
 .text.CySysWdtClearInterrupt
                0x00000000       0xb8 .\CortexM0\ARM_GCC_473\Debug\Dynamixel_Servo_Driver.a(CyLib.o)
 .text.CySysWdtResetCounters
                0x00000000       0x38 .\CortexM0\ARM_GCC_473\Debug\Dynamixel_Servo_Driver.a(CyLib.o)
 .text.CySysLvdEnable
                0x00000000       0x48 .\CortexM0\ARM_GCC_473\Debug\Dynamixel_Servo_Driver.a(CyLib.o)
 .text.CySysLvdDisable
                0x00000000       0x28 .\CortexM0\ARM_GCC_473\Debug\Dynamixel_Servo_Driver.a(CyLib.o)
 .text.CySysLvdGetInterruptSource
                0x00000000       0x18 .\CortexM0\ARM_GCC_473\Debug\Dynamixel_Servo_Driver.a(CyLib.o)
 .text.CySysLvdClearInterrupt
                0x00000000       0x14 .\CortexM0\ARM_GCC_473\Debug\Dynamixel_Servo_Driver.a(CyLib.o)
 .text.CySysGetResetReason
                0x00000000       0x30 .\CortexM0\ARM_GCC_473\Debug\Dynamixel_Servo_Driver.a(CyLib.o)
 .text.CyDisableInts
                0x00000000       0x24 .\CortexM0\ARM_GCC_473\Debug\Dynamixel_Servo_Driver.a(CyLib.o)
 .text.CyEnableInts
                0x00000000       0x18 .\CortexM0\ARM_GCC_473\Debug\Dynamixel_Servo_Driver.a(CyLib.o)
 .text.CyIntSetSysVector
                0x00000000       0x48 .\CortexM0\ARM_GCC_473\Debug\Dynamixel_Servo_Driver.a(CyLib.o)
 .text.CyIntGetSysVector
                0x00000000       0x34 .\CortexM0\ARM_GCC_473\Debug\Dynamixel_Servo_Driver.a(CyLib.o)
 .text.CyIntSetVector
                0x00000000       0x4c .\CortexM0\ARM_GCC_473\Debug\Dynamixel_Servo_Driver.a(CyLib.o)
 .text.CyIntGetVector
                0x00000000       0x38 .\CortexM0\ARM_GCC_473\Debug\Dynamixel_Servo_Driver.a(CyLib.o)
 .text.CyIntSetPriority
                0x00000000       0xa8 .\CortexM0\ARM_GCC_473\Debug\Dynamixel_Servo_Driver.a(CyLib.o)
 .text.CyIntGetPriority
                0x00000000       0x58 .\CortexM0\ARM_GCC_473\Debug\Dynamixel_Servo_Driver.a(CyLib.o)
 .text.CyIntEnable
                0x00000000       0x2c .\CortexM0\ARM_GCC_473\Debug\Dynamixel_Servo_Driver.a(CyLib.o)
 .text.CyIntGetState
                0x00000000       0x34 .\CortexM0\ARM_GCC_473\Debug\Dynamixel_Servo_Driver.a(CyLib.o)
 .text.CyIntDisable
                0x00000000       0x2c .\CortexM0\ARM_GCC_473\Debug\Dynamixel_Servo_Driver.a(CyLib.o)
 .text.CyIntSetPending
                0x00000000       0x2c .\CortexM0\ARM_GCC_473\Debug\Dynamixel_Servo_Driver.a(CyLib.o)
 .text.CyIntClearPending
                0x00000000       0x2c .\CortexM0\ARM_GCC_473\Debug\Dynamixel_Servo_Driver.a(CyLib.o)
 .text.CyHalt   0x00000000       0x14 .\CortexM0\ARM_GCC_473\Debug\Dynamixel_Servo_Driver.a(CyLib.o)
 .text.CySoftwareReset
                0x00000000       0x20 .\CortexM0\ARM_GCC_473\Debug\Dynamixel_Servo_Driver.a(CyLib.o)
 .text.CyDelayFreq
                0x00000000       0x80 .\CortexM0\ARM_GCC_473\Debug\Dynamixel_Servo_Driver.a(CyLib.o)
 .rodata        0x00000000       0x30 .\CortexM0\ARM_GCC_473\Debug\Dynamixel_Servo_Driver.a(CyLib.o)
 .text          0x00000000       0x9c c:/program files (x86)/cypress/psoc creator/3.0/psoc creator/import/gnu_cs/arm/4.7.3/bin/../lib/gcc/arm-none-eabi/4.7.3/armv6-m\libgcc.a(_udivsi3.o)
 .data          0x00000000        0x0 c:/program files (x86)/cypress/psoc creator/3.0/psoc creator/import/gnu_cs/arm/4.7.3/bin/../lib/gcc/arm-none-eabi/4.7.3/armv6-m\libgcc.a(_udivsi3.o)
 .bss           0x00000000        0x0 c:/program files (x86)/cypress/psoc creator/3.0/psoc creator/import/gnu_cs/arm/4.7.3/bin/../lib/gcc/arm-none-eabi/4.7.3/armv6-m\libgcc.a(_udivsi3.o)
 .text          0x00000000       0xc0 c:/program files (x86)/cypress/psoc creator/3.0/psoc creator/import/gnu_cs/arm/4.7.3/bin/../lib/gcc/arm-none-eabi/4.7.3/armv6-m\libgcc.a(_divsi3.o)
 .data          0x00000000        0x0 c:/program files (x86)/cypress/psoc creator/3.0/psoc creator/import/gnu_cs/arm/4.7.3/bin/../lib/gcc/arm-none-eabi/4.7.3/armv6-m\libgcc.a(_divsi3.o)
 .bss           0x00000000        0x0 c:/program files (x86)/cypress/psoc creator/3.0/psoc creator/import/gnu_cs/arm/4.7.3/bin/../lib/gcc/arm-none-eabi/4.7.3/armv6-m\libgcc.a(_divsi3.o)
 .text          0x00000000        0x4 c:/program files (x86)/cypress/psoc creator/3.0/psoc creator/import/gnu_cs/arm/4.7.3/bin/../lib/gcc/arm-none-eabi/4.7.3/armv6-m\libgcc.a(_dvmd_tls.o)
 .data          0x00000000        0x0 c:/program files (x86)/cypress/psoc creator/3.0/psoc creator/import/gnu_cs/arm/4.7.3/bin/../lib/gcc/arm-none-eabi/4.7.3/armv6-m\libgcc.a(_dvmd_tls.o)
 .bss           0x00000000        0x0 c:/program files (x86)/cypress/psoc creator/3.0/psoc creator/import/gnu_cs/arm/4.7.3/bin/../lib/gcc/arm-none-eabi/4.7.3/armv6-m\libgcc.a(_dvmd_tls.o)
 .text          0x00000000        0x0 c:/program files (x86)/cypress/psoc creator/3.0/psoc creator/import/gnu_cs/arm/4.7.3/bin/../lib/gcc/arm-none-eabi/4.7.3/../../../../arm-none-eabi/lib/armv6-m\libc_s.a(lib_a-__atexit2.o)
 .data          0x00000000        0x0 c:/program files (x86)/cypress/psoc creator/3.0/psoc creator/import/gnu_cs/arm/4.7.3/bin/../lib/gcc/arm-none-eabi/4.7.3/../../../../arm-none-eabi/lib/armv6-m\libc_s.a(lib_a-__atexit2.o)
 .bss           0x00000000        0x0 c:/program files (x86)/cypress/psoc creator/3.0/psoc creator/import/gnu_cs/arm/4.7.3/bin/../lib/gcc/arm-none-eabi/4.7.3/../../../../arm-none-eabi/lib/armv6-m\libc_s.a(lib_a-__atexit2.o)
 .text.__register_exitproc
                0x00000000       0x18 c:/program files (x86)/cypress/psoc creator/3.0/psoc creator/import/gnu_cs/arm/4.7.3/bin/../lib/gcc/arm-none-eabi/4.7.3/../../../../arm-none-eabi/lib/armv6-m\libc_s.a(lib_a-__atexit2.o)
 .text          0x00000000        0x0 c:/program files (x86)/cypress/psoc creator/3.0/psoc creator/import/gnu_cs/arm/4.7.3/bin/../lib/gcc/arm-none-eabi/4.7.3/../../../../arm-none-eabi/lib/armv6-m\libc_s.a(lib_a-exit.o)
 .data          0x00000000        0x0 c:/program files (x86)/cypress/psoc creator/3.0/psoc creator/import/gnu_cs/arm/4.7.3/bin/../lib/gcc/arm-none-eabi/4.7.3/../../../../arm-none-eabi/lib/armv6-m\libc_s.a(lib_a-exit.o)
 .bss           0x00000000        0x0 c:/program files (x86)/cypress/psoc creator/3.0/psoc creator/import/gnu_cs/arm/4.7.3/bin/../lib/gcc/arm-none-eabi/4.7.3/../../../../arm-none-eabi/lib/armv6-m\libc_s.a(lib_a-exit.o)
 .text.exit     0x00000000       0x30 c:/program files (x86)/cypress/psoc creator/3.0/psoc creator/import/gnu_cs/arm/4.7.3/bin/../lib/gcc/arm-none-eabi/4.7.3/../../../../arm-none-eabi/lib/armv6-m\libc_s.a(lib_a-exit.o)
 .text          0x00000000        0x0 c:/program files (x86)/cypress/psoc creator/3.0/psoc creator/import/gnu_cs/arm/4.7.3/bin/../lib/gcc/arm-none-eabi/4.7.3/../../../../arm-none-eabi/lib/armv6-m\libc_s.a(lib_a-fini.o)
 .data          0x00000000        0x0 c:/program files (x86)/cypress/psoc creator/3.0/psoc creator/import/gnu_cs/arm/4.7.3/bin/../lib/gcc/arm-none-eabi/4.7.3/../../../../arm-none-eabi/lib/armv6-m\libc_s.a(lib_a-fini.o)
 .bss           0x00000000        0x0 c:/program files (x86)/cypress/psoc creator/3.0/psoc creator/import/gnu_cs/arm/4.7.3/bin/../lib/gcc/arm-none-eabi/4.7.3/../../../../arm-none-eabi/lib/armv6-m\libc_s.a(lib_a-fini.o)
 .text.__libc_fini_array
                0x00000000       0x2c c:/program files (x86)/cypress/psoc creator/3.0/psoc creator/import/gnu_cs/arm/4.7.3/bin/../lib/gcc/arm-none-eabi/4.7.3/../../../../arm-none-eabi/lib/armv6-m\libc_s.a(lib_a-fini.o)
 .text          0x00000000        0x0 c:/program files (x86)/cypress/psoc creator/3.0/psoc creator/import/gnu_cs/arm/4.7.3/bin/../lib/gcc/arm-none-eabi/4.7.3/../../../../arm-none-eabi/lib/armv6-m\libc_s.a(lib_a-impure.o)
 .data          0x00000000        0x0 c:/program files (x86)/cypress/psoc creator/3.0/psoc creator/import/gnu_cs/arm/4.7.3/bin/../lib/gcc/arm-none-eabi/4.7.3/../../../../arm-none-eabi/lib/armv6-m\libc_s.a(lib_a-impure.o)
 .bss           0x00000000        0x0 c:/program files (x86)/cypress/psoc creator/3.0/psoc creator/import/gnu_cs/arm/4.7.3/bin/../lib/gcc/arm-none-eabi/4.7.3/../../../../arm-none-eabi/lib/armv6-m\libc_s.a(lib_a-impure.o)
 .data.impure_data
                0x00000000       0x64 c:/program files (x86)/cypress/psoc creator/3.0/psoc creator/import/gnu_cs/arm/4.7.3/bin/../lib/gcc/arm-none-eabi/4.7.3/../../../../arm-none-eabi/lib/armv6-m\libc_s.a(lib_a-impure.o)
 .data._impure_ptr
                0x00000000        0x4 c:/program files (x86)/cypress/psoc creator/3.0/psoc creator/import/gnu_cs/arm/4.7.3/bin/../lib/gcc/arm-none-eabi/4.7.3/../../../../arm-none-eabi/lib/armv6-m\libc_s.a(lib_a-impure.o)
 .rodata.str1.1
                0x00000000        0x2 c:/program files (x86)/cypress/psoc creator/3.0/psoc creator/import/gnu_cs/arm/4.7.3/bin/../lib/gcc/arm-none-eabi/4.7.3/../../../../arm-none-eabi/lib/armv6-m\libc_s.a(lib_a-impure.o)
 .rodata._global_impure_ptr
                0x00000000        0x4 c:/program files (x86)/cypress/psoc creator/3.0/psoc creator/import/gnu_cs/arm/4.7.3/bin/../lib/gcc/arm-none-eabi/4.7.3/../../../../arm-none-eabi/lib/armv6-m\libc_s.a(lib_a-impure.o)
 .text          0x00000000        0x0 c:/program files (x86)/cypress/psoc creator/3.0/psoc creator/import/gnu_cs/arm/4.7.3/bin/../lib/gcc/arm-none-eabi/4.7.3/../../../../arm-none-eabi/lib/armv6-m\libc_s.a(lib_a-init.o)
 .data          0x00000000        0x0 c:/program files (x86)/cypress/psoc creator/3.0/psoc creator/import/gnu_cs/arm/4.7.3/bin/../lib/gcc/arm-none-eabi/4.7.3/../../../../arm-none-eabi/lib/armv6-m\libc_s.a(lib_a-init.o)
 .bss           0x00000000        0x0 c:/program files (x86)/cypress/psoc creator/3.0/psoc creator/import/gnu_cs/arm/4.7.3/bin/../lib/gcc/arm-none-eabi/4.7.3/../../../../arm-none-eabi/lib/armv6-m\libc_s.a(lib_a-init.o)
 .text          0x00000000        0x0 c:/program files (x86)/cypress/psoc creator/3.0/psoc creator/import/gnu_cs/arm/4.7.3/bin/../lib/gcc/arm-none-eabi/4.7.3/../../../../arm-none-eabi/lib/armv6-m\libc_s.a(lib_a-memcpy.o)
 .data          0x00000000        0x0 c:/program files (x86)/cypress/psoc creator/3.0/psoc creator/import/gnu_cs/arm/4.7.3/bin/../lib/gcc/arm-none-eabi/4.7.3/../../../../arm-none-eabi/lib/armv6-m\libc_s.a(lib_a-memcpy.o)
 .bss           0x00000000        0x0 c:/program files (x86)/cypress/psoc creator/3.0/psoc creator/import/gnu_cs/arm/4.7.3/bin/../lib/gcc/arm-none-eabi/4.7.3/../../../../arm-none-eabi/lib/armv6-m\libc_s.a(lib_a-memcpy.o)
 .text.memcpy   0x00000000       0x12 c:/program files (x86)/cypress/psoc creator/3.0/psoc creator/import/gnu_cs/arm/4.7.3/bin/../lib/gcc/arm-none-eabi/4.7.3/../../../../arm-none-eabi/lib/armv6-m\libc_s.a(lib_a-memcpy.o)
 .text          0x00000000        0x0 c:/program files (x86)/cypress/psoc creator/3.0/psoc creator/import/gnu_cs/arm/4.7.3/bin/../lib/gcc/arm-none-eabi/4.7.3/../../../../arm-none-eabi/lib/armv6-m\libc_s.a(lib_a-memset.o)
 .data          0x00000000        0x0 c:/program files (x86)/cypress/psoc creator/3.0/psoc creator/import/gnu_cs/arm/4.7.3/bin/../lib/gcc/arm-none-eabi/4.7.3/../../../../arm-none-eabi/lib/armv6-m\libc_s.a(lib_a-memset.o)
 .bss           0x00000000        0x0 c:/program files (x86)/cypress/psoc creator/3.0/psoc creator/import/gnu_cs/arm/4.7.3/bin/../lib/gcc/arm-none-eabi/4.7.3/../../../../arm-none-eabi/lib/armv6-m\libc_s.a(lib_a-memset.o)
 .text          0x00000000        0x0 c:/program files (x86)/cypress/psoc creator/3.0/psoc creator/import/gnu_cs/arm/4.7.3/bin/../lib/gcc/arm-none-eabi/4.7.3/armv6-m/crtend.o
 .data          0x00000000        0x0 c:/program files (x86)/cypress/psoc creator/3.0/psoc creator/import/gnu_cs/arm/4.7.3/bin/../lib/gcc/arm-none-eabi/4.7.3/armv6-m/crtend.o
 .bss           0x00000000        0x0 c:/program files (x86)/cypress/psoc creator/3.0/psoc creator/import/gnu_cs/arm/4.7.3/bin/../lib/gcc/arm-none-eabi/4.7.3/armv6-m/crtend.o
 .text          0x00000000        0x0 c:/program files (x86)/cypress/psoc creator/3.0/psoc creator/import/gnu_cs/arm/4.7.3/bin/../lib/gcc/arm-none-eabi/4.7.3/armv6-m/crtn.o
 .data          0x00000000        0x0 c:/program files (x86)/cypress/psoc creator/3.0/psoc creator/import/gnu_cs/arm/4.7.3/bin/../lib/gcc/arm-none-eabi/4.7.3/armv6-m/crtn.o
 .bss           0x00000000        0x0 c:/program files (x86)/cypress/psoc creator/3.0/psoc creator/import/gnu_cs/arm/4.7.3/bin/../lib/gcc/arm-none-eabi/4.7.3/armv6-m/crtn.o

Memory Configuration

Name             Origin             Length             Attributes
rom              0x00000000         0x00008000         xr
ram              0x20000000         0x00001000         xrw
*default*        0x00000000         0xffffffff

Linker script and memory map

LOAD c:/program files (x86)/cypress/psoc creator/3.0/psoc creator/import/gnu_cs/arm/4.7.3/bin/../lib/gcc/arm-none-eabi/4.7.3/armv6-m/crti.o
LOAD c:/program files (x86)/cypress/psoc creator/3.0/psoc creator/import/gnu_cs/arm/4.7.3/bin/../lib/gcc/arm-none-eabi/4.7.3/armv6-m/crtbegin.o
LOAD c:/program files (x86)/cypress/psoc creator/3.0/psoc creator/import/gnu_cs/arm/4.7.3/bin/../lib/gcc/arm-none-eabi/4.7.3/../../../../arm-none-eabi/lib/armv6-m/crt0.o
START GROUP
LOAD .\CortexM0\ARM_GCC_473\Debug\main.o
LOAD .\CortexM0\ARM_GCC_473\Debug\cymetadata.o
LOAD .\CortexM0\ARM_GCC_473\Debug\Cm0Start.o
LOAD .\CortexM0\ARM_GCC_473\Debug\Dynamixel_Servo_Driver.a
LOAD C:\Program Files (x86)\Cypress\PSoC Creator\3.0\PSoC Creator\psoc\content\cycomponentlibrary\CyComponentLibrary.cylib\CortexM0\ARM_GCC_473\Debug\CyComponentLibrary.a
END GROUP
START GROUP
LOAD c:/program files (x86)/cypress/psoc creator/3.0/psoc creator/import/gnu_cs/arm/4.7.3/bin/../lib/gcc/arm-none-eabi/4.7.3/armv6-m\libgcc.a
LOAD c:/program files (x86)/cypress/psoc creator/3.0/psoc creator/import/gnu_cs/arm/4.7.3/bin/../lib/gcc/arm-none-eabi/4.7.3/../../../../arm-none-eabi/lib/armv6-m\libc_s.a
END GROUP
LOAD c:/program files (x86)/cypress/psoc creator/3.0/psoc creator/import/gnu_cs/arm/4.7.3/bin/../lib/gcc/arm-none-eabi/4.7.3/armv6-m/crtend.o
LOAD c:/program files (x86)/cypress/psoc creator/3.0/psoc creator/import/gnu_cs/arm/4.7.3/bin/../lib/gcc/arm-none-eabi/4.7.3/armv6-m/crtn.o
START GROUP
LOAD c:/program files (x86)/cypress/psoc creator/3.0/psoc creator/import/gnu_cs/arm/4.7.3/bin/../lib/gcc/arm-none-eabi/4.7.3/armv6-m\libgcc.a
LOAD c:/program files (x86)/cypress/psoc creator/3.0/psoc creator/import/gnu_cs/arm/4.7.3/bin/../lib/gcc/arm-none-eabi/4.7.3/../../../../arm-none-eabi/lib/armv6-m\libc.a
LOAD c:/program files (x86)/cypress/psoc creator/3.0/psoc creator/import/gnu_cs/arm/4.7.3/bin/../lib/gcc/arm-none-eabi/4.7.3/../../../../arm-none-eabi/lib/armv6-m\libnosys.a
END GROUP
                0x00000000                CY_APPL_ORIGIN = 0x0
                0x00000080                CY_FLASH_ROW_SIZE = 0x80
                0x00000001                CY_APPL_NUM = 0x1
                0x00000040                CY_METADATA_SIZE = 0x40
                0x20000100                PROVIDE (__cy_heap_start, _end)
                0x00000001                PROVIDE (__cy_region_num, ((__cy_regions_end - __cy_regions) / 0x10))
                0x20001000                PROVIDE (__cy_stack, (ORIGIN (ram) + 0x1000))
                0x20000c00                PROVIDE (__cy_heap_end, (__cy_stack - 0x400))

.cybootloader   0x00000000        0x0
 *(.cybootloader)
                0x00000000                appl1_start = CY_APPL_ORIGIN?CY_APPL_ORIGIN:ALIGN (CY_FLASH_ROW_SIZE)
                0x00003f80                appl2_start = (appl1_start + ALIGN ((((0x8000 - appl1_start) - (0x2 * CY_FLASH_ROW_SIZE)) / 0x2), CY_FLASH_ROW_SIZE))
                0x00000000                appl_start = (CY_APPL_NUM == 0x1)?appl1_start:appl2_start

.text           0x00000000      0xade
 CREATE_OBJECT_SYMBOLS
                0x00000000                PROVIDE (__cy_interrupt_vector, RomVectors)
 *(.romvectors)
 .romvectors    0x00000000       0x10 .\CortexM0\ARM_GCC_473\Debug\Cm0Start.o
                0x00000000                RomVectors
                0x00000001                ASSERT ((. != __cy_interrupt_vector), No interrupt vector)
                0x00000001                ASSERT (CY_APPL_ORIGIN?(SIZEOF (.cybootloader) <= CY_APPL_ORIGIN):0x1, Wrong image location)
                0x00000010                PROVIDE (__cy_reset, Reset)
 *(.text.Reset)
 .text.Reset    0x00000010        0x8 .\CortexM0\ARM_GCC_473\Debug\Cm0Start.o
                0x00000010                Reset
                0x00000001                ASSERT ((. != __cy_reset), No reset code)
 *(.psocinit)
 .psocinit      0x00000018      0x2c4 .\CortexM0\ARM_GCC_473\Debug\Dynamixel_Servo_Driver.a(cyfitter_cfg.o)
                0x0000017c                cyfitter_cfg
                0x000002dc                . = MAX (., 0x100)
 *(.text .text.* .gnu.linkonce.t.*)
 .text          0x000002dc       0x60 c:/program files (x86)/cypress/psoc creator/3.0/psoc creator/import/gnu_cs/arm/4.7.3/bin/../lib/gcc/arm-none-eabi/4.7.3/armv6-m/crtbegin.o
 .text.main     0x0000033c       0xb0 .\CortexM0\ARM_GCC_473\Debug\main.o
                0x0000033c                main
 .text.ServoGoalPosition
                0x000003ec       0x98 .\CortexM0\ARM_GCC_473\Debug\main.o
                0x000003ec                ServoGoalPosition
 .text.ServoSpeed
                0x00000484       0x98 .\CortexM0\ARM_GCC_473\Debug\main.o
                0x00000484                ServoSpeed
 .text.IntDefaultHandler
                0x0000051c        0x8 .\CortexM0\ARM_GCC_473\Debug\Cm0Start.o
                0x0000051c                IntDefaultHandler
 .text.Start_c  0x00000524       0xa4 .\CortexM0\ARM_GCC_473\Debug\Cm0Start.o
                0x00000524                Start_c
 .text.initialize_psoc
                0x000005c8       0x64 .\CortexM0\ARM_GCC_473\Debug\Cm0Start.o
                0x000005c8                initialize_psoc
 .text.CYMEMZERO
                0x0000062c       0x20 .\CortexM0\ARM_GCC_473\Debug\Dynamixel_Servo_Driver.a(cyfitter_cfg.o)
 .text.cfg_write_bytes32
                0x0000064c       0x80 .\CortexM0\ARM_GCC_473\Debug\Dynamixel_Servo_Driver.a(cyfitter_cfg.o)
 .text.AnalogSetDefault
                0x000006cc        0x8 .\CortexM0\ARM_GCC_473\Debug\Dynamixel_Servo_Driver.a(cyfitter_cfg.o)
 .text.LED_Write
                0x000006d4       0x4c .\CortexM0\ARM_GCC_473\Debug\Dynamixel_Servo_Driver.a(LED.o)
                0x000006d4                LED_Write
 .text.UART_1_Start
                0x00000720       0x24 .\CortexM0\ARM_GCC_473\Debug\Dynamixel_Servo_Driver.a(UART_1.o)
                0x00000720                UART_1_Start
 .text.UART_1_Init
                0x00000744       0x28 .\CortexM0\ARM_GCC_473\Debug\Dynamixel_Servo_Driver.a(UART_1.o)
                0x00000744                UART_1_Init
 .text.UART_1_Enable
                0x0000076c       0x38 .\CortexM0\ARM_GCC_473\Debug\Dynamixel_Servo_Driver.a(UART_1.o)
                0x0000076c                UART_1_Enable
 .text.UART_1_PutChar
                0x000007a4       0x34 .\CortexM0\ARM_GCC_473\Debug\Dynamixel_Servo_Driver.a(UART_1.o)
                0x000007a4                UART_1_PutChar
 .text.UART_1_PutArray
                0x000007d8       0x58 .\CortexM0\ARM_GCC_473\Debug\Dynamixel_Servo_Driver.a(UART_1.o)
                0x000007d8                UART_1_PutArray
 .text.Timer_1_Init
                0x00000830       0x30 .\CortexM0\ARM_GCC_473\Debug\Dynamixel_Servo_Driver.a(Timer_1.o)
                0x00000830                Timer_1_Init
 .text.Timer_1_Enable
                0x00000860       0x30 .\CortexM0\ARM_GCC_473\Debug\Dynamixel_Servo_Driver.a(Timer_1.o)
                0x00000860                Timer_1_Enable
 .text.Timer_1_Start
                0x00000890       0x24 .\CortexM0\ARM_GCC_473\Debug\Dynamixel_Servo_Driver.a(Timer_1.o)
                0x00000890                Timer_1_Start
 .text.Timer_1_WritePeriod
                0x000008b4       0x1c .\CortexM0\ARM_GCC_473\Debug\Dynamixel_Servo_Driver.a(Timer_1.o)
                0x000008b4                Timer_1_WritePeriod
 .text.Timer_1_ReadCapture
                0x000008d0       0x18 .\CortexM0\ARM_GCC_473\Debug\Dynamixel_Servo_Driver.a(Timer_1.o)
                0x000008d0                Timer_1_ReadCapture
 .text.Timer_1_SetInterruptMode
                0x000008e8       0x18 .\CortexM0\ARM_GCC_473\Debug\Dynamixel_Servo_Driver.a(Timer_1.o)
                0x000008e8                Timer_1_SetInterruptMode
 .text.Timer_2_Init
                0x00000900       0x30 .\CortexM0\ARM_GCC_473\Debug\Dynamixel_Servo_Driver.a(Timer_2.o)
                0x00000900                Timer_2_Init
 .text.Timer_2_Enable
                0x00000930       0x30 .\CortexM0\ARM_GCC_473\Debug\Dynamixel_Servo_Driver.a(Timer_2.o)
                0x00000930                Timer_2_Enable
 .text.Timer_2_Start
                0x00000960       0x24 .\CortexM0\ARM_GCC_473\Debug\Dynamixel_Servo_Driver.a(Timer_2.o)
                0x00000960                Timer_2_Start
 .text.Timer_2_WritePeriod
                0x00000984       0x1c .\CortexM0\ARM_GCC_473\Debug\Dynamixel_Servo_Driver.a(Timer_2.o)
                0x00000984                Timer_2_WritePeriod
 .text.Timer_2_ReadCapture
                0x000009a0       0x18 .\CortexM0\ARM_GCC_473\Debug\Dynamixel_Servo_Driver.a(Timer_2.o)
                0x000009a0                Timer_2_ReadCapture
 .text.Timer_2_SetInterruptMode
                0x000009b8       0x18 .\CortexM0\ARM_GCC_473\Debug\Dynamixel_Servo_Driver.a(Timer_2.o)
                0x000009b8                Timer_2_SetInterruptMode
 .text.UART_1_IntClock_Start
                0x000009d0       0x1c .\CortexM0\ARM_GCC_473\Debug\Dynamixel_Servo_Driver.a(UART_1_IntClock.o)
                0x000009d0                UART_1_IntClock_Start
 *fill*         0x000009ec        0x4 00
 .text          0x000009f0       0x20 .\CortexM0\ARM_GCC_473\Debug\Dynamixel_Servo_Driver.a(CyBootAsmGnu.o)
                0x000009f0                CyDelayCycles
                0x00000a02                CyEnterCriticalSection
                0x00000a0a                CyExitCriticalSection
 .text.CyDelay  0x00000a10       0x48 .\CortexM0\ARM_GCC_473\Debug\Dynamixel_Servo_Driver.a(CyLib.o)
                0x00000a10                CyDelay
 .text.CyDelayUs
                0x00000a58       0x28 .\CortexM0\ARM_GCC_473\Debug\Dynamixel_Servo_Driver.a(CyLib.o)
                0x00000a58                CyDelayUs
 .text.__libc_init_array
                0x00000a80       0x4c c:/program files (x86)/cypress/psoc creator/3.0/psoc creator/import/gnu_cs/arm/4.7.3/bin/../lib/gcc/arm-none-eabi/4.7.3/../../../../arm-none-eabi/lib/armv6-m\libc_s.a(lib_a-init.o)
                0x00000a80                __libc_init_array
 .text.memset   0x00000acc       0x12 c:/program files (x86)/cypress/psoc creator/3.0/psoc creator/import/gnu_cs/arm/4.7.3/bin/../lib/gcc/arm-none-eabi/4.7.3/../../../../arm-none-eabi/lib/armv6-m\libc_s.a(lib_a-memset.o)
                0x00000acc                memset
 *(.plt)
 *(.gnu.warning)
 *(.glue_7t)
 .glue_7t       0x00000000        0x0 linker stubs
 *(.glue_7)
 .glue_7        0x00000000        0x0 linker stubs
 *(.vfp11_veneer)
 .vfp11_veneer  0x00000000        0x0 linker stubs
 *(.bootloader)
 *(.ARM.extab* .gnu.linkonce.armextab.*)
 *(.gcc_except_table)

.v4_bx          0x00000ae0        0x0
 .v4_bx         0x00000000        0x0 linker stubs

.iplt           0x00000ae0        0x0
 .iplt          0x00000000        0x0 c:/program files (x86)/cypress/psoc creator/3.0/psoc creator/import/gnu_cs/arm/4.7.3/bin/../lib/gcc/arm-none-eabi/4.7.3/armv6-m/crtbegin.o

.eh_frame_hdr
 *(.eh_frame_hdr)

.eh_frame       0x00000ae0        0x4
 *(.eh_frame)
 .eh_frame      0x00000ae0        0x0 c:/program files (x86)/cypress/psoc creator/3.0/psoc creator/import/gnu_cs/arm/4.7.3/bin/../lib/gcc/arm-none-eabi/4.7.3/armv6-m/crtbegin.o
 .eh_frame      0x00000ae0        0x4 c:/program files (x86)/cypress/psoc creator/3.0/psoc creator/import/gnu_cs/arm/4.7.3/bin/../lib/gcc/arm-none-eabi/4.7.3/armv6-m/crtend.o
                0x00000ae4                PROVIDE (__exidx_start, .)

.ARM.exidx
 *(.ARM.exidx* .gnu.linkonce.armexidx.*)
                0x00000ae4                __exidx_end = .

.rodata         0x00000ae4      0x1ac
 *(.rodata .rodata.* .gnu.linkonce.r.*)
 .rodata        0x00000ae4      0x174 .\CortexM0\ARM_GCC_473\Debug\Dynamixel_Servo_Driver.a(cyfitter_cfg.o)
                0x00000c58                . = ALIGN (0x4)
 *(.init)
 .init          0x00000c58        0x4 c:/program files (x86)/cypress/psoc creator/3.0/psoc creator/import/gnu_cs/arm/4.7.3/bin/../lib/gcc/arm-none-eabi/4.7.3/armv6-m/crti.o
                0x00000c58                _init
 .init          0x00000c5c        0x8 c:/program files (x86)/cypress/psoc creator/3.0/psoc creator/import/gnu_cs/arm/4.7.3/bin/../lib/gcc/arm-none-eabi/4.7.3/armv6-m/crtn.o
                0x00000c64                . = ALIGN (0x4)
                0x00000c64                __preinit_array_start = .
 *(.preinit_array)
                0x00000c64                __preinit_array_end = .
                0x00000c64                . = ALIGN (0x4)
                0x00000c64                __init_array_start = .
 *(SORT(.init_array.*))
 *(.init_array)
 .init_array    0x00000c64        0x4 c:/program files (x86)/cypress/psoc creator/3.0/psoc creator/import/gnu_cs/arm/4.7.3/bin/../lib/gcc/arm-none-eabi/4.7.3/armv6-m/crtbegin.o
 .init_array    0x00000c68        0x4 .\CortexM0\ARM_GCC_473\Debug\Cm0Start.o
                0x00000c6c                __init_array_end = .
                0x00000c6c                . = ALIGN (0x4)
 *(.fini)
 .fini          0x00000c6c        0x4 c:/program files (x86)/cypress/psoc creator/3.0/psoc creator/import/gnu_cs/arm/4.7.3/bin/../lib/gcc/arm-none-eabi/4.7.3/armv6-m/crti.o
                0x00000c6c                _fini
 .fini          0x00000c70        0x8 c:/program files (x86)/cypress/psoc creator/3.0/psoc creator/import/gnu_cs/arm/4.7.3/bin/../lib/gcc/arm-none-eabi/4.7.3/armv6-m/crtn.o
                0x00000c78                . = ALIGN (0x4)
                0x00000c78                __fini_array_start = .
 *(.fini_array)
 .fini_array    0x00000c78        0x4 c:/program files (x86)/cypress/psoc creator/3.0/psoc creator/import/gnu_cs/arm/4.7.3/bin/../lib/gcc/arm-none-eabi/4.7.3/armv6-m/crtbegin.o
 *(SORT(.fini_array.*))
                0x00000c7c                __fini_array_end = .
                0x00000c7c                . = ALIGN (0x4)
 *crtbegin.o(.ctors)
 *(EXCLUDE_FILE(*crtend.o) .ctors)
 *(SORT(.ctors.*))
 *crtend.o(.ctors)
                0x00000c7c                . = ALIGN (0x4)
 *crtbegin.o(.dtors)
 *(EXCLUDE_FILE(*crtend.o) .dtors)
 *(SORT(.dtors.*))
 *crtend.o(.dtors)
                0x00000c7c                . = ALIGN (0x4)
                0x00000c7c                __cy_regions = .
                0x00000c7c        0x4 LONG 0xc90 __cy_region_init_ram
                0x00000c80        0x4 LONG 0x200000c8 __cy_region_start_data
                0x00000c84        0x4 LONG 0x18 __cy_region_init_size_ram
                0x00000c88        0x4 LONG 0x20 __cy_region_zero_size_ram
                0x00000c8c                __cy_regions_end = .
                0x00000c90                . = ALIGN (0x8)
 *fill*         0x00000c8c        0x4 00
                0x00000c90                _etext = .

.ramvectors     0x20000000       0xc0
                0x20000000                __cy_region_start_ram = .
 *(.ramvectors)
 .ramvectors    0x20000000       0xc0 .\CortexM0\ARM_GCC_473\Debug\Cm0Start.o
                0x20000000                CyRamVectors

.noinit         0x200000c0        0x4
 *(.noinit)
 .noinit        0x200000c0        0x4 .\CortexM0\ARM_GCC_473\Debug\Cm0Start.o

.data           0x200000c8       0x18 load address 0x00000c90
                0x200000c8                __cy_region_start_data = .
 *(.jcr)
 .jcr           0x200000c8        0x0 c:/program files (x86)/cypress/psoc creator/3.0/psoc creator/import/gnu_cs/arm/4.7.3/bin/../lib/gcc/arm-none-eabi/4.7.3/armv6-m/crtbegin.o
 .jcr           0x200000c8        0x4 c:/program files (x86)/cypress/psoc creator/3.0/psoc creator/import/gnu_cs/arm/4.7.3/bin/../lib/gcc/arm-none-eabi/4.7.3/armv6-m/crtend.o
 *(.got.plt)
 *(.got)
 *(.shdata)
 *(.data .data.* .gnu.linkonce.d.*)
 .data          0x200000cc        0x4 .\CortexM0\ARM_GCC_473\Debug\Dynamixel_Servo_Driver.a(cyfitter_cfg.o)
 .data          0x200000d0       0x10 .\CortexM0\ARM_GCC_473\Debug\Dynamixel_Servo_Driver.a(CyLib.o)
                0x200000d0                cydelayFreqHz
                0x200000d4                cydelayFreqKhz
                0x200000d8                cydelayFreqMhz
                0x200000dc                cydelay32kMs
                0x200000e0                . = ALIGN (0x8)
 *(.ram)
                0x200000e0                _edata = .

.igot.plt       0x200000e0        0x0 load address 0x00000ca8
 .igot.plt      0x00000000        0x0 c:/program files (x86)/cypress/psoc creator/3.0/psoc creator/import/gnu_cs/arm/4.7.3/bin/../lib/gcc/arm-none-eabi/4.7.3/armv6-m/crtbegin.o

.bss            0x200000e0       0x20 load address 0x00000ca8
                0x200000e0                PROVIDE (__bss_start__, .)
 *(.shbss)
 *(.bss .bss.* .gnu.linkonce.b.*)
 .bss           0x200000e0       0x1c c:/program files (x86)/cypress/psoc creator/3.0/psoc creator/import/gnu_cs/arm/4.7.3/bin/../lib/gcc/arm-none-eabi/4.7.3/armv6-m/crtbegin.o
 .bss           0x200000fc        0x2 .\CortexM0\ARM_GCC_473\Debug\Dynamixel_Servo_Driver.a(UART_1.o)
                0x200000fc                UART_1_initVar
 .bss           0x200000fe        0x1 .\CortexM0\ARM_GCC_473\Debug\Dynamixel_Servo_Driver.a(Timer_1.o)
                0x200000fe                Timer_1_initVar
 .bss           0x200000ff        0x1 .\CortexM0\ARM_GCC_473\Debug\Dynamixel_Servo_Driver.a(Timer_2.o)
                0x200000ff                Timer_2_initVar
 *(COMMON)
                0x20000100                . = ALIGN (0x8)
 *(.ram.b)
                0x20000100                _end = .
                0x20000100                __end = .
                0x20000100                PROVIDE (end, .)
                0x20000100                PROVIDE (__bss_end__, .)
                0x00000c90                __cy_region_init_ram = LOADADDR (.data)
                0x00000018                __cy_region_init_size_ram = (_edata - ADDR (.data))
                0x00000020                __cy_region_zero_size_ram = (_end - _edata)

.heap           0x20000100      0x100 load address 0x00000ca8
                0x20000100                . = _end
                0x20000200                . = (. + 0x100)
 *fill*         0x20000100      0x100 00
                0x20000200                __cy_heap_limit = .

.stack          0x20000c00      0x400
                0x20000c00                __cy_stack_limit = .
                0x20001000                . = (. + 0x400)
 *fill*         0x20000c00      0x400 00
                0x00000001                ASSERT ((__cy_stack_limit >= __cy_heap_limit), region RAM overflowed with stack)

.cyloadermeta
 *(.cyloadermeta)

.cyloadablemeta
 *(.cyloadablemeta)

.cyflashprotect
                0x90400000       0x20
 *(.cyflashprotect)
 .cyflashprotect
                0x90400000       0x20 .\CortexM0\ARM_GCC_473\Debug\cymetadata.o
                0x90400000                cy_meta_flashprotect

.cymeta         0x90500000        0xc
 *(.cymeta)
 .cymeta        0x90500000        0xc .\CortexM0\ARM_GCC_473\Debug\cymetadata.o
                0x90500000                cy_metadata

.cychipprotect  0x90600000        0x4
 *(.cychipprotect)
 .cychipprotect
                0x90600000        0x4 .\CortexM0\ARM_GCC_473\Debug\cymetadata.o
                0x90600000                cy_meta_chipprotect

.rel.dyn        0x00000ca8        0x0 load address 0x90600004
 .rel.iplt      0x00000000        0x0 c:/program files (x86)/cypress/psoc creator/3.0/psoc creator/import/gnu_cs/arm/4.7.3/bin/../lib/gcc/arm-none-eabi/4.7.3/armv6-m/crtbegin.o

.stab
 *(.stab)

.stabstr
 *(.stabstr)

.debug
 *(.debug)

.line
 *(.line)

.debug_srcinfo
 *(.debug_srcinfo)

.debug_sfnames
 *(.debug_sfnames)

.debug_aranges  0x00000000      0x688
 *(.debug_aranges)
 .debug_aranges
                0x00000000       0x48 .\CortexM0\ARM_GCC_473\Debug\main.o
 .debug_aranges
                0x00000048       0x18 .\CortexM0\ARM_GCC_473\Debug\cymetadata.o
 .debug_aranges
                0x00000060       0x40 .\CortexM0\ARM_GCC_473\Debug\Cm0Start.o
 .debug_aranges
                0x000000a0       0x58 .\CortexM0\ARM_GCC_473\Debug\Dynamixel_Servo_Driver.a(cyfitter_cfg.o)
 .debug_aranges
                0x000000f8       0x40 .\CortexM0\ARM_GCC_473\Debug\Dynamixel_Servo_Driver.a(LED.o)
 .debug_aranges
                0x00000138       0xa0 .\CortexM0\ARM_GCC_473\Debug\Dynamixel_Servo_Driver.a(UART_1.o)
 .debug_aranges
                0x000001d8      0x158 .\CortexM0\ARM_GCC_473\Debug\Dynamixel_Servo_Driver.a(Timer_1.o)
 .debug_aranges
                0x00000330      0x158 .\CortexM0\ARM_GCC_473\Debug\Dynamixel_Servo_Driver.a(Timer_2.o)
 .debug_aranges
                0x00000488       0x40 .\CortexM0\ARM_GCC_473\Debug\Dynamixel_Servo_Driver.a(UART_1_IntClock.o)
 .debug_aranges
                0x000004c8       0x20 .\CortexM0\ARM_GCC_473\Debug\Dynamixel_Servo_Driver.a(CyBootAsmGnu.o)
 .debug_aranges
                0x000004e8      0x1a0 .\CortexM0\ARM_GCC_473\Debug\Dynamixel_Servo_Driver.a(CyLib.o)

.debug_pubnames
 *(.debug_pubnames)

.debug_info     0x00000000     0x2cfd
 *(.debug_info .gnu.linkonce.wi.*)
 .debug_info    0x00000000      0x327 .\CortexM0\ARM_GCC_473\Debug\main.o
 .debug_info    0x00000327      0x100 .\CortexM0\ARM_GCC_473\Debug\cymetadata.o
 .debug_info    0x00000427      0x2c0 .\CortexM0\ARM_GCC_473\Debug\Cm0Start.o
 .debug_info    0x000006e7      0x485 .\CortexM0\ARM_GCC_473\Debug\Dynamixel_Servo_Driver.a(cyfitter_cfg.o)
 .debug_info    0x00000b6c      0x168 .\CortexM0\ARM_GCC_473\Debug\Dynamixel_Servo_Driver.a(LED.o)
 .debug_info    0x00000cd4      0x3ce .\CortexM0\ARM_GCC_473\Debug\Dynamixel_Servo_Driver.a(UART_1.o)
 .debug_info    0x000010a2      0x7be .\CortexM0\ARM_GCC_473\Debug\Dynamixel_Servo_Driver.a(Timer_1.o)
 .debug_info    0x00001860      0x7be .\CortexM0\ARM_GCC_473\Debug\Dynamixel_Servo_Driver.a(Timer_2.o)
 .debug_info    0x0000201e      0x169 .\CortexM0\ARM_GCC_473\Debug\Dynamixel_Servo_Driver.a(UART_1_IntClock.o)
 .debug_info    0x00002187       0xb1 .\CortexM0\ARM_GCC_473\Debug\Dynamixel_Servo_Driver.a(CyBootAsmGnu.o)
 .debug_info    0x00002238      0xac5 .\CortexM0\ARM_GCC_473\Debug\Dynamixel_Servo_Driver.a(CyLib.o)

.debug_abbrev   0x00000000      0xa9e
 *(.debug_abbrev)
 .debug_abbrev  0x00000000       0xfe .\CortexM0\ARM_GCC_473\Debug\main.o
 .debug_abbrev  0x000000fe       0x5d .\CortexM0\ARM_GCC_473\Debug\cymetadata.o
 .debug_abbrev  0x0000015b      0x164 .\CortexM0\ARM_GCC_473\Debug\Cm0Start.o
 .debug_abbrev  0x000002bf      0x18c .\CortexM0\ARM_GCC_473\Debug\Dynamixel_Servo_Driver.a(cyfitter_cfg.o)
 .debug_abbrev  0x0000044b       0xac .\CortexM0\ARM_GCC_473\Debug\Dynamixel_Servo_Driver.a(LED.o)
 .debug_abbrev  0x000004f7      0x14b .\CortexM0\ARM_GCC_473\Debug\Dynamixel_Servo_Driver.a(UART_1.o)
 .debug_abbrev  0x00000642       0xfe .\CortexM0\ARM_GCC_473\Debug\Dynamixel_Servo_Driver.a(Timer_1.o)
 .debug_abbrev  0x00000740       0xfe .\CortexM0\ARM_GCC_473\Debug\Dynamixel_Servo_Driver.a(Timer_2.o)
 .debug_abbrev  0x0000083e       0xaa .\CortexM0\ARM_GCC_473\Debug\Dynamixel_Servo_Driver.a(UART_1_IntClock.o)
 .debug_abbrev  0x000008e8       0x14 .\CortexM0\ARM_GCC_473\Debug\Dynamixel_Servo_Driver.a(CyBootAsmGnu.o)
 .debug_abbrev  0x000008fc      0x1a2 .\CortexM0\ARM_GCC_473\Debug\Dynamixel_Servo_Driver.a(CyLib.o)

.debug_line     0x00000000     0x14a1
 *(.debug_line)
 .debug_line    0x00000000      0x10d .\CortexM0\ARM_GCC_473\Debug\main.o
 .debug_line    0x0000010d       0x53 .\CortexM0\ARM_GCC_473\Debug\cymetadata.o
 .debug_line    0x00000160      0x19b .\CortexM0\ARM_GCC_473\Debug\Cm0Start.o
 .debug_line    0x000002fb      0x1b9 .\CortexM0\ARM_GCC_473\Debug\Dynamixel_Servo_Driver.a(cyfitter_cfg.o)
 .debug_line    0x000004b4       0xa9 .\CortexM0\ARM_GCC_473\Debug\Dynamixel_Servo_Driver.a(LED.o)
 .debug_line    0x0000055d      0x205 .\CortexM0\ARM_GCC_473\Debug\Dynamixel_Servo_Driver.a(UART_1.o)
 .debug_line    0x00000762      0x36f .\CortexM0\ARM_GCC_473\Debug\Dynamixel_Servo_Driver.a(Timer_1.o)
 .debug_line    0x00000ad1      0x36f .\CortexM0\ARM_GCC_473\Debug\Dynamixel_Servo_Driver.a(Timer_2.o)
 .debug_line    0x00000e40       0xb8 .\CortexM0\ARM_GCC_473\Debug\Dynamixel_Servo_Driver.a(UART_1_IntClock.o)
 .debug_line    0x00000ef8       0x68 .\CortexM0\ARM_GCC_473\Debug\Dynamixel_Servo_Driver.a(CyBootAsmGnu.o)
 .debug_line    0x00000f60      0x541 .\CortexM0\ARM_GCC_473\Debug\Dynamixel_Servo_Driver.a(CyLib.o)

.debug_frame    0x00000000     0x17ac
 *(.debug_frame)
 .debug_frame   0x00000000       0xd0 .\CortexM0\ARM_GCC_473\Debug\main.o
 .debug_frame   0x000000d0       0xa8 .\CortexM0\ARM_GCC_473\Debug\Cm0Start.o
 .debug_frame   0x00000178      0x108 .\CortexM0\ARM_GCC_473\Debug\Dynamixel_Servo_Driver.a(cyfitter_cfg.o)
 .debug_frame   0x00000280       0xa8 .\CortexM0\ARM_GCC_473\Debug\Dynamixel_Servo_Driver.a(LED.o)
 .debug_frame   0x00000328      0x22c .\CortexM0\ARM_GCC_473\Debug\Dynamixel_Servo_Driver.a(UART_1.o)
 .debug_frame   0x00000554      0x52c .\CortexM0\ARM_GCC_473\Debug\Dynamixel_Servo_Driver.a(Timer_1.o)
 .debug_frame   0x00000a80      0x52c .\CortexM0\ARM_GCC_473\Debug\Dynamixel_Servo_Driver.a(Timer_2.o)
 .debug_frame   0x00000fac       0xa0 .\CortexM0\ARM_GCC_473\Debug\Dynamixel_Servo_Driver.a(UART_1_IntClock.o)
 .debug_frame   0x0000104c      0x628 .\CortexM0\ARM_GCC_473\Debug\Dynamixel_Servo_Driver.a(CyLib.o)
 .debug_frame   0x00001674       0x20 c:/program files (x86)/cypress/psoc creator/3.0/psoc creator/import/gnu_cs/arm/4.7.3/bin/../lib/gcc/arm-none-eabi/4.7.3/armv6-m\libgcc.a(_udivsi3.o)
 .debug_frame   0x00001694       0x20 c:/program files (x86)/cypress/psoc creator/3.0/psoc creator/import/gnu_cs/arm/4.7.3/bin/../lib/gcc/arm-none-eabi/4.7.3/armv6-m\libgcc.a(_divsi3.o)
 .debug_frame   0x000016b4       0x28 c:/program files (x86)/cypress/psoc creator/3.0/psoc creator/import/gnu_cs/arm/4.7.3/bin/../lib/gcc/arm-none-eabi/4.7.3/../../../../arm-none-eabi/lib/armv6-m\libc_s.a(lib_a-__atexit2.o)
 .debug_frame   0x000016dc       0x28 c:/program files (x86)/cypress/psoc creator/3.0/psoc creator/import/gnu_cs/arm/4.7.3/bin/../lib/gcc/arm-none-eabi/4.7.3/../../../../arm-none-eabi/lib/armv6-m\libc_s.a(lib_a-exit.o)
 .debug_frame   0x00001704       0x2c c:/program files (x86)/cypress/psoc creator/3.0/psoc creator/import/gnu_cs/arm/4.7.3/bin/../lib/gcc/arm-none-eabi/4.7.3/../../../../arm-none-eabi/lib/armv6-m\libc_s.a(lib_a-fini.o)
 .debug_frame   0x00001730       0x2c c:/program files (x86)/cypress/psoc creator/3.0/psoc creator/import/gnu_cs/arm/4.7.3/bin/../lib/gcc/arm-none-eabi/4.7.3/../../../../arm-none-eabi/lib/armv6-m\libc_s.a(lib_a-init.o)
 .debug_frame   0x0000175c       0x28 c:/program files (x86)/cypress/psoc creator/3.0/psoc creator/import/gnu_cs/arm/4.7.3/bin/../lib/gcc/arm-none-eabi/4.7.3/../../../../arm-none-eabi/lib/armv6-m\libc_s.a(lib_a-memcpy.o)
 .debug_frame   0x00001784       0x28 c:/program files (x86)/cypress/psoc creator/3.0/psoc creator/import/gnu_cs/arm/4.7.3/bin/../lib/gcc/arm-none-eabi/4.7.3/../../../../arm-none-eabi/lib/armv6-m\libc_s.a(lib_a-memset.o)

.debug_str      0x00000000     0x1536
 *(.debug_str)
 .debug_str     0x00000000      0x23d .\CortexM0\ARM_GCC_473\Debug\main.o
                                0x27e (size before relaxing)
 .debug_str     0x0000023d       0x5b .\CortexM0\ARM_GCC_473\Debug\cymetadata.o
                                0x1aa (size before relaxing)
 .debug_str     0x00000298      0x117 .\CortexM0\ARM_GCC_473\Debug\Cm0Start.o
                                0x273 (size before relaxing)
 .debug_str     0x000003af      0x199 .\CortexM0\ARM_GCC_473\Debug\Dynamixel_Servo_Driver.a(cyfitter_cfg.o)
                                0x338 (size before relaxing)
 .debug_str     0x00000548       0x7e .\CortexM0\ARM_GCC_473\Debug\Dynamixel_Servo_Driver.a(LED.o)
                                0x1d7 (size before relaxing)
 .debug_str     0x000005c6      0x1e2 .\CortexM0\ARM_GCC_473\Debug\Dynamixel_Servo_Driver.a(UART_1.o)
                                0x342 (size before relaxing)
 .debug_str     0x000007a8      0x429 .\CortexM0\ARM_GCC_473\Debug\Dynamixel_Servo_Driver.a(Timer_1.o)
                                0x5a8 (size before relaxing)
 .debug_str     0x00000bd1      0x37d .\CortexM0\ARM_GCC_473\Debug\Dynamixel_Servo_Driver.a(Timer_2.o)
                                0x5a8 (size before relaxing)
 .debug_str     0x00000f4e       0xfb .\CortexM0\ARM_GCC_473\Debug\Dynamixel_Servo_Driver.a(UART_1_IntClock.o)
                                0x255 (size before relaxing)
 .debug_str     0x00001049      0x4ed .\CortexM0\ARM_GCC_473\Debug\Dynamixel_Servo_Driver.a(CyLib.o)
                                0x686 (size before relaxing)

.debug_loc      0x00000000     0x23fc
 *(.debug_loc)
 .debug_loc     0x00000000      0x150 .\CortexM0\ARM_GCC_473\Debug\main.o
 .debug_loc     0x00000150      0x100 .\CortexM0\ARM_GCC_473\Debug\Cm0Start.o
 .debug_loc     0x00000250      0x1a8 .\CortexM0\ARM_GCC_473\Debug\Dynamixel_Servo_Driver.a(cyfitter_cfg.o)
 .debug_loc     0x000003f8      0x100 .\CortexM0\ARM_GCC_473\Debug\Dynamixel_Servo_Driver.a(LED.o)
 .debug_loc     0x000004f8      0x388 .\CortexM0\ARM_GCC_473\Debug\Dynamixel_Servo_Driver.a(UART_1.o)
 .debug_loc     0x00000880      0x830 .\CortexM0\ARM_GCC_473\Debug\Dynamixel_Servo_Driver.a(Timer_1.o)
 .debug_loc     0x000010b0      0x830 .\CortexM0\ARM_GCC_473\Debug\Dynamixel_Servo_Driver.a(Timer_2.o)
 .debug_loc     0x000018e0       0xe8 .\CortexM0\ARM_GCC_473\Debug\Dynamixel_Servo_Driver.a(UART_1_IntClock.o)
 .debug_loc     0x000019c8      0xa34 .\CortexM0\ARM_GCC_473\Debug\Dynamixel_Servo_Driver.a(CyLib.o)

.debug_macinfo
 *(.debug_macinfo)

.debug_ranges   0x00000000      0x5c0
 *(.debug_ranges)
 .debug_ranges  0x00000000       0x38 .\CortexM0\ARM_GCC_473\Debug\main.o
 .debug_ranges  0x00000038       0x30 .\CortexM0\ARM_GCC_473\Debug\Cm0Start.o
 .debug_ranges  0x00000068       0x48 .\CortexM0\ARM_GCC_473\Debug\Dynamixel_Servo_Driver.a(cyfitter_cfg.o)
 .debug_ranges  0x000000b0       0x30 .\CortexM0\ARM_GCC_473\Debug\Dynamixel_Servo_Driver.a(LED.o)
 .debug_ranges  0x000000e0       0x90 .\CortexM0\ARM_GCC_473\Debug\Dynamixel_Servo_Driver.a(UART_1.o)
 .debug_ranges  0x00000170      0x148 .\CortexM0\ARM_GCC_473\Debug\Dynamixel_Servo_Driver.a(Timer_1.o)
 .debug_ranges  0x000002b8      0x148 .\CortexM0\ARM_GCC_473\Debug\Dynamixel_Servo_Driver.a(Timer_2.o)
 .debug_ranges  0x00000400       0x30 .\CortexM0\ARM_GCC_473\Debug\Dynamixel_Servo_Driver.a(UART_1_IntClock.o)
 .debug_ranges  0x00000430      0x190 .\CortexM0\ARM_GCC_473\Debug\Dynamixel_Servo_Driver.a(CyLib.o)

.comment        0x00000000       0x70
 .comment       0x00000000       0x70 .\CortexM0\ARM_GCC_473\Debug\main.o
                                 0x71 (size before relaxing)
 .comment       0x00000000       0x71 .\CortexM0\ARM_GCC_473\Debug\cymetadata.o
 .comment       0x00000000       0x71 .\CortexM0\ARM_GCC_473\Debug\Cm0Start.o
 .comment       0x00000000       0x71 .\CortexM0\ARM_GCC_473\Debug\Dynamixel_Servo_Driver.a(cyfitter_cfg.o)
 .comment       0x00000000       0x71 .\CortexM0\ARM_GCC_473\Debug\Dynamixel_Servo_Driver.a(LED.o)
 .comment       0x00000000       0x71 .\CortexM0\ARM_GCC_473\Debug\Dynamixel_Servo_Driver.a(UART_1.o)
 .comment       0x00000000       0x71 .\CortexM0\ARM_GCC_473\Debug\Dynamixel_Servo_Driver.a(Timer_1.o)
 .comment       0x00000000       0x71 .\CortexM0\ARM_GCC_473\Debug\Dynamixel_Servo_Driver.a(Timer_2.o)
 .comment       0x00000000       0x71 .\CortexM0\ARM_GCC_473\Debug\Dynamixel_Servo_Driver.a(UART_1_IntClock.o)
 .comment       0x00000000       0x71 .\CortexM0\ARM_GCC_473\Debug\Dynamixel_Servo_Driver.a(CyLib.o)

.debug_weaknames
 *(.debug_weaknames)

.debug_funcnames
 *(.debug_funcnames)

.debug_typenames
 *(.debug_typenames)

.debug_varnames
 *(.debug_varnames)

.note.gnu.arm.ident
 *(.note.gnu.arm.ident)

.ARM.attributes
                0x00000000       0x28
 *(.ARM.attributes)
 .ARM.attributes
                0x00000000       0x1e c:/program files (x86)/cypress/psoc creator/3.0/psoc creator/import/gnu_cs/arm/4.7.3/bin/../lib/gcc/arm-none-eabi/4.7.3/armv6-m/crti.o
 .ARM.attributes
                0x0000001e       0x2c c:/program files (x86)/cypress/psoc creator/3.0/psoc creator/import/gnu_cs/arm/4.7.3/bin/../lib/gcc/arm-none-eabi/4.7.3/armv6-m/crtbegin.o
 .ARM.attributes
                0x0000004a       0x1c c:/program files (x86)/cypress/psoc creator/3.0/psoc creator/import/gnu_cs/arm/4.7.3/bin/../lib/gcc/arm-none-eabi/4.7.3/../../../../arm-none-eabi/lib/armv6-m/crt0.o
 .ARM.attributes
                0x00000066       0x31 .\CortexM0\ARM_GCC_473\Debug\main.o
 .ARM.attributes
                0x00000097       0x31 .\CortexM0\ARM_GCC_473\Debug\cymetadata.o
 .ARM.attributes
                0x000000c8       0x31 .\CortexM0\ARM_GCC_473\Debug\Cm0Start.o
 .ARM.attributes
                0x000000f9       0x31 .\CortexM0\ARM_GCC_473\Debug\Dynamixel_Servo_Driver.a(cyfitter_cfg.o)
 .ARM.attributes
                0x0000012a       0x31 .\CortexM0\ARM_GCC_473\Debug\Dynamixel_Servo_Driver.a(LED.o)
 .ARM.attributes
                0x0000015b       0x31 .\CortexM0\ARM_GCC_473\Debug\Dynamixel_Servo_Driver.a(UART_1.o)
 .ARM.attributes
                0x0000018c       0x31 .\CortexM0\ARM_GCC_473\Debug\Dynamixel_Servo_Driver.a(Timer_1.o)
 .ARM.attributes
                0x000001bd       0x31 .\CortexM0\ARM_GCC_473\Debug\Dynamixel_Servo_Driver.a(Timer_2.o)
 .ARM.attributes
                0x000001ee       0x31 .\CortexM0\ARM_GCC_473\Debug\Dynamixel_Servo_Driver.a(UART_1_IntClock.o)
 .ARM.attributes
                0x0000021f       0x21 .\CortexM0\ARM_GCC_473\Debug\Dynamixel_Servo_Driver.a(CyBootAsmGnu.o)
 .ARM.attributes
                0x00000240       0x31 .\CortexM0\ARM_GCC_473\Debug\Dynamixel_Servo_Driver.a(CyLib.o)
 .ARM.attributes
                0x00000271       0x1e c:/program files (x86)/cypress/psoc creator/3.0/psoc creator/import/gnu_cs/arm/4.7.3/bin/../lib/gcc/arm-none-eabi/4.7.3/armv6-m\libgcc.a(_udivsi3.o)
 .ARM.attributes
                0x0000028f       0x1e c:/program files (x86)/cypress/psoc creator/3.0/psoc creator/import/gnu_cs/arm/4.7.3/bin/../lib/gcc/arm-none-eabi/4.7.3/armv6-m\libgcc.a(_divsi3.o)
 .ARM.attributes
                0x000002ad       0x1e c:/program files (x86)/cypress/psoc creator/3.0/psoc creator/import/gnu_cs/arm/4.7.3/bin/../lib/gcc/arm-none-eabi/4.7.3/armv6-m\libgcc.a(_dvmd_tls.o)
 .ARM.attributes
                0x000002cb       0x2c c:/program files (x86)/cypress/psoc creator/3.0/psoc creator/import/gnu_cs/arm/4.7.3/bin/../lib/gcc/arm-none-eabi/4.7.3/../../../../arm-none-eabi/lib/armv6-m\libc_s.a(lib_a-__atexit2.o)
 .ARM.attributes
                0x000002f7       0x2c c:/program files (x86)/cypress/psoc creator/3.0/psoc creator/import/gnu_cs/arm/4.7.3/bin/../lib/gcc/arm-none-eabi/4.7.3/../../../../arm-none-eabi/lib/armv6-m\libc_s.a(lib_a-exit.o)
 .ARM.attributes
                0x00000323       0x2c c:/program files (x86)/cypress/psoc creator/3.0/psoc creator/import/gnu_cs/arm/4.7.3/bin/../lib/gcc/arm-none-eabi/4.7.3/../../../../arm-none-eabi/lib/armv6-m\libc_s.a(lib_a-fini.o)
 .ARM.attributes
                0x0000034f       0x2c c:/program files (x86)/cypress/psoc creator/3.0/psoc creator/import/gnu_cs/arm/4.7.3/bin/../lib/gcc/arm-none-eabi/4.7.3/../../../../arm-none-eabi/lib/armv6-m\libc_s.a(lib_a-impure.o)
 .ARM.attributes
                0x0000037b       0x2c c:/program files (x86)/cypress/psoc creator/3.0/psoc creator/import/gnu_cs/arm/4.7.3/bin/../lib/gcc/arm-none-eabi/4.7.3/../../../../arm-none-eabi/lib/armv6-m\libc_s.a(lib_a-init.o)
 .ARM.attributes
                0x000003a7       0x2c c:/program files (x86)/cypress/psoc creator/3.0/psoc creator/import/gnu_cs/arm/4.7.3/bin/../lib/gcc/arm-none-eabi/4.7.3/../../../../arm-none-eabi/lib/armv6-m\libc_s.a(lib_a-memcpy.o)
 .ARM.attributes
                0x000003d3       0x2c c:/program files (x86)/cypress/psoc creator/3.0/psoc creator/import/gnu_cs/arm/4.7.3/bin/../lib/gcc/arm-none-eabi/4.7.3/../../../../arm-none-eabi/lib/armv6-m\libc_s.a(lib_a-memset.o)
 .ARM.attributes
                0x000003ff       0x2c c:/program files (x86)/cypress/psoc creator/3.0/psoc creator/import/gnu_cs/arm/4.7.3/bin/../lib/gcc/arm-none-eabi/4.7.3/armv6-m/crtend.o
 .ARM.attributes
                0x0000042b       0x1e c:/program files (x86)/cypress/psoc creator/3.0/psoc creator/import/gnu_cs/arm/4.7.3/bin/../lib/gcc/arm-none-eabi/4.7.3/armv6-m/crtn.o

/DISCARD/
 *(.note.GNU-stack)
OUTPUT(.\CortexM0\ARM_GCC_473\Debug\Dynamixel_Servo_Driver.elf elf32-littlearm)
