Archive member included because of file (symbol)

.\CortexM0\ARM_GCC_484\Debug\Dynamixel_Servo_Driver.a(cyfitter_cfg.o)
                              .\CortexM0\ARM_GCC_484\Debug\Cm0Start.o (cyfitter_cfg)
.\CortexM0\ARM_GCC_484\Debug\Dynamixel_Servo_Driver.a(LED.o)
                              .\CortexM0\ARM_GCC_484\Debug\main.o (LED_Write)
.\CortexM0\ARM_GCC_484\Debug\Dynamixel_Servo_Driver.a(UART_1.o)
                              .\CortexM0\ARM_GCC_484\Debug\main.o (UART_1_Start)
.\CortexM0\ARM_GCC_484\Debug\Dynamixel_Servo_Driver.a(Timer_1.o)
                              .\CortexM0\ARM_GCC_484\Debug\main.o (Timer_1_Start)
.\CortexM0\ARM_GCC_484\Debug\Dynamixel_Servo_Driver.a(Timer_2.o)
                              .\CortexM0\ARM_GCC_484\Debug\main.o (Timer_2_Start)
.\CortexM0\ARM_GCC_484\Debug\Dynamixel_Servo_Driver.a(UART_1_IntClock.o)
                              .\CortexM0\ARM_GCC_484\Debug\Dynamixel_Servo_Driver.a(UART_1.o) (UART_1_IntClock_Start)
.\CortexM0\ARM_GCC_484\Debug\Dynamixel_Servo_Driver.a(CyBootAsmGnu.o)
                              .\CortexM0\ARM_GCC_484\Debug\Dynamixel_Servo_Driver.a(cyfitter_cfg.o) (CyDelayCycles)
.\CortexM0\ARM_GCC_484\Debug\Dynamixel_Servo_Driver.a(CyLib.o)
                              .\CortexM0\ARM_GCC_484\Debug\Dynamixel_Servo_Driver.a(cyfitter_cfg.o) (CyDelayUs)
.\CortexM0\ARM_GCC_484\Debug\Dynamixel_Servo_Driver.a(UART_2.o)
                              .\CortexM0\ARM_GCC_484\Debug\main.o (UART_2_Start)
.\CortexM0\ARM_GCC_484\Debug\Dynamixel_Servo_Driver.a(UART_2_UART.o)
                              .\CortexM0\ARM_GCC_484\Debug\Dynamixel_Servo_Driver.a(UART_2.o) (UART_2_UartInit)
.\CortexM0\ARM_GCC_484\Debug\Dynamixel_Servo_Driver.a(UART_2_SPI_UART.o)
                              .\CortexM0\ARM_GCC_484\Debug\Dynamixel_Servo_Driver.a(UART_2_UART.o) (UART_2_SpiUartWriteTxData)
.\CortexM0\ARM_GCC_484\Debug\Dynamixel_Servo_Driver.a(UART_2_SPI_UART_INT.o)
                              .\CortexM0\ARM_GCC_484\Debug\Dynamixel_Servo_Driver.a(UART_2_UART.o) (UART_2_SPI_UART_ISR)
c:/program files (x86)/cypress/psoc creator/3.1/psoc creator/import/gnu_cs/arm/4.8.4/bin/../lib/gcc/arm-none-eabi/4.8.4/armv6-m\libgcc.a(_udivsi3.o)
                              .\CortexM0\ARM_GCC_484\Debug\Dynamixel_Servo_Driver.a(CyLib.o) (__aeabi_uidiv)
c:/program files (x86)/cypress/psoc creator/3.1/psoc creator/import/gnu_cs/arm/4.8.4/bin/../lib/gcc/arm-none-eabi/4.8.4/armv6-m\libgcc.a(_divsi3.o)
                              .\CortexM0\ARM_GCC_484\Debug\Cm0Start.o (__aeabi_idiv)
c:/program files (x86)/cypress/psoc creator/3.1/psoc creator/import/gnu_cs/arm/4.8.4/bin/../lib/gcc/arm-none-eabi/4.8.4/armv6-m\libgcc.a(_dvmd_tls.o)
                              c:/program files (x86)/cypress/psoc creator/3.1/psoc creator/import/gnu_cs/arm/4.8.4/bin/../lib/gcc/arm-none-eabi/4.8.4/armv6-m\libgcc.a(_udivsi3.o) (__aeabi_idiv0)
c:/program files (x86)/cypress/psoc creator/3.1/psoc creator/import/gnu_cs/arm/4.8.4/bin/../lib/gcc/arm-none-eabi/4.8.4/../../../../arm-none-eabi/lib/armv6-m\libg_s.a(lib_a-errno.o)
                              .\CortexM0\ARM_GCC_484\Debug\Cm0Start.o (__errno)
c:/program files (x86)/cypress/psoc creator/3.1/psoc creator/import/gnu_cs/arm/4.8.4/bin/../lib/gcc/arm-none-eabi/4.8.4/../../../../arm-none-eabi/lib/armv6-m\libg_s.a(lib_a-exit.o)
                              c:/program files (x86)/cypress/psoc creator/3.1/psoc creator/import/gnu_cs/arm/4.8.4/bin/../lib/gcc/arm-none-eabi/4.8.4/../../../../arm-none-eabi/lib/armv6-m/crt0.o (exit)
c:/program files (x86)/cypress/psoc creator/3.1/psoc creator/import/gnu_cs/arm/4.8.4/bin/../lib/gcc/arm-none-eabi/4.8.4/../../../../arm-none-eabi/lib/armv6-m\libg_s.a(lib_a-impure.o)
                              c:/program files (x86)/cypress/psoc creator/3.1/psoc creator/import/gnu_cs/arm/4.8.4/bin/../lib/gcc/arm-none-eabi/4.8.4/../../../../arm-none-eabi/lib/armv6-m\libg_s.a(lib_a-exit.o) (_global_impure_ptr)
c:/program files (x86)/cypress/psoc creator/3.1/psoc creator/import/gnu_cs/arm/4.8.4/bin/../lib/gcc/arm-none-eabi/4.8.4/../../../../arm-none-eabi/lib/armv6-m\libg_s.a(lib_a-init.o)
                              c:/program files (x86)/cypress/psoc creator/3.1/psoc creator/import/gnu_cs/arm/4.8.4/bin/../lib/gcc/arm-none-eabi/4.8.4/../../../../arm-none-eabi/lib/armv6-m/crt0.o (__libc_init_array)
c:/program files (x86)/cypress/psoc creator/3.1/psoc creator/import/gnu_cs/arm/4.8.4/bin/../lib/gcc/arm-none-eabi/4.8.4/../../../../arm-none-eabi/lib/armv6-m\libg_s.a(lib_a-memcpy-stub.o)
                              .\CortexM0\ARM_GCC_484\Debug\Dynamixel_Servo_Driver.a(cyfitter_cfg.o) (memcpy)
c:/program files (x86)/cypress/psoc creator/3.1/psoc creator/import/gnu_cs/arm/4.8.4/bin/../lib/gcc/arm-none-eabi/4.8.4/../../../../arm-none-eabi/lib/armv6-m\libg_s.a(lib_a-memset.o)
                              c:/program files (x86)/cypress/psoc creator/3.1/psoc creator/import/gnu_cs/arm/4.8.4/bin/../lib/gcc/arm-none-eabi/4.8.4/../../../../arm-none-eabi/lib/armv6-m/crt0.o (memset)

Discarded input sections

 .text          0x00000000        0x0 c:/program files (x86)/cypress/psoc creator/3.1/psoc creator/import/gnu_cs/arm/4.8.4/bin/../lib/gcc/arm-none-eabi/4.8.4/armv6-m/crti.o
 .data          0x00000000        0x0 c:/program files (x86)/cypress/psoc creator/3.1/psoc creator/import/gnu_cs/arm/4.8.4/bin/../lib/gcc/arm-none-eabi/4.8.4/armv6-m/crti.o
 .bss           0x00000000        0x0 c:/program files (x86)/cypress/psoc creator/3.1/psoc creator/import/gnu_cs/arm/4.8.4/bin/../lib/gcc/arm-none-eabi/4.8.4/armv6-m/crti.o
 .data          0x00000000        0x4 c:/program files (x86)/cypress/psoc creator/3.1/psoc creator/import/gnu_cs/arm/4.8.4/bin/../lib/gcc/arm-none-eabi/4.8.4/armv6-m/crtbegin.o
 .text          0x00000000       0x78 c:/program files (x86)/cypress/psoc creator/3.1/psoc creator/import/gnu_cs/arm/4.8.4/bin/../lib/gcc/arm-none-eabi/4.8.4/../../../../arm-none-eabi/lib/armv6-m/crt0.o
 .data          0x00000000        0x0 c:/program files (x86)/cypress/psoc creator/3.1/psoc creator/import/gnu_cs/arm/4.8.4/bin/../lib/gcc/arm-none-eabi/4.8.4/../../../../arm-none-eabi/lib/armv6-m/crt0.o
 .bss           0x00000000        0x0 c:/program files (x86)/cypress/psoc creator/3.1/psoc creator/import/gnu_cs/arm/4.8.4/bin/../lib/gcc/arm-none-eabi/4.8.4/../../../../arm-none-eabi/lib/armv6-m/crt0.o
 .ARM.extab     0x00000000        0x0 c:/program files (x86)/cypress/psoc creator/3.1/psoc creator/import/gnu_cs/arm/4.8.4/bin/../lib/gcc/arm-none-eabi/4.8.4/../../../../arm-none-eabi/lib/armv6-m/crt0.o
 .ARM.exidx     0x00000000        0x8 c:/program files (x86)/cypress/psoc creator/3.1/psoc creator/import/gnu_cs/arm/4.8.4/bin/../lib/gcc/arm-none-eabi/4.8.4/../../../../arm-none-eabi/lib/armv6-m/crt0.o
 .text          0x00000000        0x0 .\CortexM0\ARM_GCC_484\Debug\main.o
 .data          0x00000000        0x0 .\CortexM0\ARM_GCC_484\Debug\main.o
 .bss           0x00000000        0x0 .\CortexM0\ARM_GCC_484\Debug\main.o
 .text.SetServoTorque
                0x00000000       0x98 .\CortexM0\ARM_GCC_484\Debug\main.o
 .text.ReadRequest
                0x00000000       0x88 .\CortexM0\ARM_GCC_484\Debug\main.o
 .text.UartWriteLED
                0x00000000       0x6c .\CortexM0\ARM_GCC_484\Debug\main.o
 .text          0x00000000        0x0 .\CortexM0\ARM_GCC_484\Debug\cymetadata.o
 .data          0x00000000        0x0 .\CortexM0\ARM_GCC_484\Debug\cymetadata.o
 .bss           0x00000000        0x0 .\CortexM0\ARM_GCC_484\Debug\cymetadata.o
 .text          0x00000000        0x0 .\CortexM0\ARM_GCC_484\Debug\Cm0Start.o
 .data          0x00000000        0x4 .\CortexM0\ARM_GCC_484\Debug\Cm0Start.o
 .bss           0x00000000        0x0 .\CortexM0\ARM_GCC_484\Debug\Cm0Start.o
 .text._exit    0x00000000       0x28 .\CortexM0\ARM_GCC_484\Debug\Cm0Start.o
 .text._sbrk    0x00000000       0x54 .\CortexM0\ARM_GCC_484\Debug\Cm0Start.o
 .text          0x00000000        0x0 .\CortexM0\ARM_GCC_484\Debug\Dynamixel_Servo_Driver.a(cyfitter_cfg.o)
 .bss           0x00000000        0x0 .\CortexM0\ARM_GCC_484\Debug\Dynamixel_Servo_Driver.a(cyfitter_cfg.o)
 .text.CYCONFIGCPY
                0x00000000       0x24 .\CortexM0\ARM_GCC_484\Debug\Dynamixel_Servo_Driver.a(cyfitter_cfg.o)
 .text.CYCONFIGCPYCODE
                0x00000000       0x24 .\CortexM0\ARM_GCC_484\Debug\Dynamixel_Servo_Driver.a(cyfitter_cfg.o)
 .text          0x00000000        0x0 .\CortexM0\ARM_GCC_484\Debug\Dynamixel_Servo_Driver.a(LED.o)
 .data          0x00000000        0x0 .\CortexM0\ARM_GCC_484\Debug\Dynamixel_Servo_Driver.a(LED.o)
 .bss           0x00000000        0x0 .\CortexM0\ARM_GCC_484\Debug\Dynamixel_Servo_Driver.a(LED.o)
 .text.LED_SetDriveMode
                0x00000000       0x30 .\CortexM0\ARM_GCC_484\Debug\Dynamixel_Servo_Driver.a(LED.o)
 .text.LED_Read
                0x00000000       0x1c .\CortexM0\ARM_GCC_484\Debug\Dynamixel_Servo_Driver.a(LED.o)
 .text.LED_ReadDataReg
                0x00000000       0x1c .\CortexM0\ARM_GCC_484\Debug\Dynamixel_Servo_Driver.a(LED.o)
 .text.LED_ClearInterrupt
                0x00000000       0x30 .\CortexM0\ARM_GCC_484\Debug\Dynamixel_Servo_Driver.a(LED.o)
 .text          0x00000000        0x0 .\CortexM0\ARM_GCC_484\Debug\Dynamixel_Servo_Driver.a(UART_1.o)
 .data          0x00000000        0x0 .\CortexM0\ARM_GCC_484\Debug\Dynamixel_Servo_Driver.a(UART_1.o)
 .text.UART_1_Stop
                0x00000000       0x38 .\CortexM0\ARM_GCC_484\Debug\Dynamixel_Servo_Driver.a(UART_1.o)
 .text.UART_1_ReadControlRegister
                0x00000000        0xc .\CortexM0\ARM_GCC_484\Debug\Dynamixel_Servo_Driver.a(UART_1.o)
 .text.UART_1_WriteControlRegister
                0x00000000       0x14 .\CortexM0\ARM_GCC_484\Debug\Dynamixel_Servo_Driver.a(UART_1.o)
 .text.UART_1_SetTxInterruptMode
                0x00000000       0x20 .\CortexM0\ARM_GCC_484\Debug\Dynamixel_Servo_Driver.a(UART_1.o)
 .text.UART_1_WriteTxData
                0x00000000       0x2c .\CortexM0\ARM_GCC_484\Debug\Dynamixel_Servo_Driver.a(UART_1.o)
 .text.UART_1_ReadTxStatus
                0x00000000       0x14 .\CortexM0\ARM_GCC_484\Debug\Dynamixel_Servo_Driver.a(UART_1.o)
 .text.UART_1_PutString
                0x00000000       0x54 .\CortexM0\ARM_GCC_484\Debug\Dynamixel_Servo_Driver.a(UART_1.o)
 .text.UART_1_PutCRLF
                0x00000000       0x34 .\CortexM0\ARM_GCC_484\Debug\Dynamixel_Servo_Driver.a(UART_1.o)
 .text.UART_1_GetTxBufferSize
                0x00000000       0x48 .\CortexM0\ARM_GCC_484\Debug\Dynamixel_Servo_Driver.a(UART_1.o)
 .text.UART_1_ClearTxBuffer
                0x00000000       0x44 .\CortexM0\ARM_GCC_484\Debug\Dynamixel_Servo_Driver.a(UART_1.o)
 .text.UART_1_SendBreak
                0x00000000       0xb8 .\CortexM0\ARM_GCC_484\Debug\Dynamixel_Servo_Driver.a(UART_1.o)
 .text.UART_1_SetTxAddressMode
                0x00000000       0x14 .\CortexM0\ARM_GCC_484\Debug\Dynamixel_Servo_Driver.a(UART_1.o)
 .text          0x00000000        0x0 .\CortexM0\ARM_GCC_484\Debug\Dynamixel_Servo_Driver.a(Timer_1.o)
 .data          0x00000000        0x0 .\CortexM0\ARM_GCC_484\Debug\Dynamixel_Servo_Driver.a(Timer_1.o)
 .text.Timer_1_Stop
                0x00000000       0x30 .\CortexM0\ARM_GCC_484\Debug\Dynamixel_Servo_Driver.a(Timer_1.o)
 .text.Timer_1_SetMode
                0x00000000       0x48 .\CortexM0\ARM_GCC_484\Debug\Dynamixel_Servo_Driver.a(Timer_1.o)
 .text.Timer_1_SetQDMode
                0x00000000       0x48 .\CortexM0\ARM_GCC_484\Debug\Dynamixel_Servo_Driver.a(Timer_1.o)
 .text.Timer_1_SetPrescaler
                0x00000000       0x48 .\CortexM0\ARM_GCC_484\Debug\Dynamixel_Servo_Driver.a(Timer_1.o)
 .text.Timer_1_SetOneShot
                0x00000000       0x4c .\CortexM0\ARM_GCC_484\Debug\Dynamixel_Servo_Driver.a(Timer_1.o)
 .text.Timer_1_SetPWMMode
                0x00000000       0x1c .\CortexM0\ARM_GCC_484\Debug\Dynamixel_Servo_Driver.a(Timer_1.o)
 .text.Timer_1_SetPWMSyncKill
                0x00000000       0x48 .\CortexM0\ARM_GCC_484\Debug\Dynamixel_Servo_Driver.a(Timer_1.o)
 .text.Timer_1_SetPWMStopOnKill
                0x00000000       0x48 .\CortexM0\ARM_GCC_484\Debug\Dynamixel_Servo_Driver.a(Timer_1.o)
 .text.Timer_1_SetPWMDeadTime
                0x00000000       0x4c .\CortexM0\ARM_GCC_484\Debug\Dynamixel_Servo_Driver.a(Timer_1.o)
 .text.Timer_1_SetPWMInvert
                0x00000000       0x48 .\CortexM0\ARM_GCC_484\Debug\Dynamixel_Servo_Driver.a(Timer_1.o)
 .text.Timer_1_ReadCounter
                0x00000000       0x18 .\CortexM0\ARM_GCC_484\Debug\Dynamixel_Servo_Driver.a(Timer_1.o)
 .text.Timer_1_SetCounterMode
                0x00000000       0x48 .\CortexM0\ARM_GCC_484\Debug\Dynamixel_Servo_Driver.a(Timer_1.o)
 .text.Timer_1_ReadPeriod
                0x00000000       0x18 .\CortexM0\ARM_GCC_484\Debug\Dynamixel_Servo_Driver.a(Timer_1.o)
 .text.Timer_1_SetCompareSwap
                0x00000000       0x48 .\CortexM0\ARM_GCC_484\Debug\Dynamixel_Servo_Driver.a(Timer_1.o)
 .text.Timer_1_WritePeriodBuf
                0x00000000       0x1c .\CortexM0\ARM_GCC_484\Debug\Dynamixel_Servo_Driver.a(Timer_1.o)
 .text.Timer_1_ReadPeriodBuf
                0x00000000       0x18 .\CortexM0\ARM_GCC_484\Debug\Dynamixel_Servo_Driver.a(Timer_1.o)
 .text.Timer_1_SetPeriodSwap
                0x00000000       0x48 .\CortexM0\ARM_GCC_484\Debug\Dynamixel_Servo_Driver.a(Timer_1.o)
 .text.Timer_1_WriteCompare
                0x00000000       0x1c .\CortexM0\ARM_GCC_484\Debug\Dynamixel_Servo_Driver.a(Timer_1.o)
 .text.Timer_1_ReadCompare
                0x00000000       0x18 .\CortexM0\ARM_GCC_484\Debug\Dynamixel_Servo_Driver.a(Timer_1.o)
 .text.Timer_1_WriteCompareBuf
                0x00000000       0x1c .\CortexM0\ARM_GCC_484\Debug\Dynamixel_Servo_Driver.a(Timer_1.o)
 .text.Timer_1_ReadCompareBuf
                0x00000000       0x18 .\CortexM0\ARM_GCC_484\Debug\Dynamixel_Servo_Driver.a(Timer_1.o)
 .text.Timer_1_ReadCaptureBuf
                0x00000000       0x18 .\CortexM0\ARM_GCC_484\Debug\Dynamixel_Servo_Driver.a(Timer_1.o)
 .text.Timer_1_SetCaptureMode
                0x00000000       0x44 .\CortexM0\ARM_GCC_484\Debug\Dynamixel_Servo_Driver.a(Timer_1.o)
 .text.Timer_1_SetReloadMode
                0x00000000       0x44 .\CortexM0\ARM_GCC_484\Debug\Dynamixel_Servo_Driver.a(Timer_1.o)
 .text.Timer_1_SetStartMode
                0x00000000       0x48 .\CortexM0\ARM_GCC_484\Debug\Dynamixel_Servo_Driver.a(Timer_1.o)
 .text.Timer_1_SetStopMode
                0x00000000       0x44 .\CortexM0\ARM_GCC_484\Debug\Dynamixel_Servo_Driver.a(Timer_1.o)
 .text.Timer_1_SetCountMode
                0x00000000       0x44 .\CortexM0\ARM_GCC_484\Debug\Dynamixel_Servo_Driver.a(Timer_1.o)
 .text.Timer_1_TriggerCommand
                0x00000000       0x3c .\CortexM0\ARM_GCC_484\Debug\Dynamixel_Servo_Driver.a(Timer_1.o)
 .text.Timer_1_ReadStatus
                0x00000000       0x20 .\CortexM0\ARM_GCC_484\Debug\Dynamixel_Servo_Driver.a(Timer_1.o)
 .text.Timer_1_GetInterruptSourceMasked
                0x00000000       0x14 .\CortexM0\ARM_GCC_484\Debug\Dynamixel_Servo_Driver.a(Timer_1.o)
 .text.Timer_1_GetInterruptSource
                0x00000000       0x14 .\CortexM0\ARM_GCC_484\Debug\Dynamixel_Servo_Driver.a(Timer_1.o)
 .text.Timer_1_ClearInterrupt
                0x00000000       0x18 .\CortexM0\ARM_GCC_484\Debug\Dynamixel_Servo_Driver.a(Timer_1.o)
 .text.Timer_1_SetInterrupt
                0x00000000       0x18 .\CortexM0\ARM_GCC_484\Debug\Dynamixel_Servo_Driver.a(Timer_1.o)
 .text          0x00000000        0x0 .\CortexM0\ARM_GCC_484\Debug\Dynamixel_Servo_Driver.a(Timer_2.o)
 .data          0x00000000        0x0 .\CortexM0\ARM_GCC_484\Debug\Dynamixel_Servo_Driver.a(Timer_2.o)
 .text.Timer_2_Stop
                0x00000000       0x30 .\CortexM0\ARM_GCC_484\Debug\Dynamixel_Servo_Driver.a(Timer_2.o)
 .text.Timer_2_SetMode
                0x00000000       0x48 .\CortexM0\ARM_GCC_484\Debug\Dynamixel_Servo_Driver.a(Timer_2.o)
 .text.Timer_2_SetQDMode
                0x00000000       0x48 .\CortexM0\ARM_GCC_484\Debug\Dynamixel_Servo_Driver.a(Timer_2.o)
 .text.Timer_2_SetPrescaler
                0x00000000       0x48 .\CortexM0\ARM_GCC_484\Debug\Dynamixel_Servo_Driver.a(Timer_2.o)
 .text.Timer_2_SetOneShot
                0x00000000       0x4c .\CortexM0\ARM_GCC_484\Debug\Dynamixel_Servo_Driver.a(Timer_2.o)
 .text.Timer_2_SetPWMMode
                0x00000000       0x1c .\CortexM0\ARM_GCC_484\Debug\Dynamixel_Servo_Driver.a(Timer_2.o)
 .text.Timer_2_SetPWMSyncKill
                0x00000000       0x48 .\CortexM0\ARM_GCC_484\Debug\Dynamixel_Servo_Driver.a(Timer_2.o)
 .text.Timer_2_SetPWMStopOnKill
                0x00000000       0x48 .\CortexM0\ARM_GCC_484\Debug\Dynamixel_Servo_Driver.a(Timer_2.o)
 .text.Timer_2_SetPWMDeadTime
                0x00000000       0x4c .\CortexM0\ARM_GCC_484\Debug\Dynamixel_Servo_Driver.a(Timer_2.o)
 .text.Timer_2_SetPWMInvert
                0x00000000       0x48 .\CortexM0\ARM_GCC_484\Debug\Dynamixel_Servo_Driver.a(Timer_2.o)
 .text.Timer_2_ReadCounter
                0x00000000       0x18 .\CortexM0\ARM_GCC_484\Debug\Dynamixel_Servo_Driver.a(Timer_2.o)
 .text.Timer_2_SetCounterMode
                0x00000000       0x48 .\CortexM0\ARM_GCC_484\Debug\Dynamixel_Servo_Driver.a(Timer_2.o)
 .text.Timer_2_ReadPeriod
                0x00000000       0x18 .\CortexM0\ARM_GCC_484\Debug\Dynamixel_Servo_Driver.a(Timer_2.o)
 .text.Timer_2_SetCompareSwap
                0x00000000       0x48 .\CortexM0\ARM_GCC_484\Debug\Dynamixel_Servo_Driver.a(Timer_2.o)
 .text.Timer_2_WritePeriodBuf
                0x00000000       0x1c .\CortexM0\ARM_GCC_484\Debug\Dynamixel_Servo_Driver.a(Timer_2.o)
 .text.Timer_2_ReadPeriodBuf
                0x00000000       0x18 .\CortexM0\ARM_GCC_484\Debug\Dynamixel_Servo_Driver.a(Timer_2.o)
 .text.Timer_2_SetPeriodSwap
                0x00000000       0x48 .\CortexM0\ARM_GCC_484\Debug\Dynamixel_Servo_Driver.a(Timer_2.o)
 .text.Timer_2_WriteCompare
                0x00000000       0x1c .\CortexM0\ARM_GCC_484\Debug\Dynamixel_Servo_Driver.a(Timer_2.o)
 .text.Timer_2_ReadCompare
                0x00000000       0x18 .\CortexM0\ARM_GCC_484\Debug\Dynamixel_Servo_Driver.a(Timer_2.o)
 .text.Timer_2_WriteCompareBuf
                0x00000000       0x1c .\CortexM0\ARM_GCC_484\Debug\Dynamixel_Servo_Driver.a(Timer_2.o)
 .text.Timer_2_ReadCompareBuf
                0x00000000       0x18 .\CortexM0\ARM_GCC_484\Debug\Dynamixel_Servo_Driver.a(Timer_2.o)
 .text.Timer_2_ReadCaptureBuf
                0x00000000       0x18 .\CortexM0\ARM_GCC_484\Debug\Dynamixel_Servo_Driver.a(Timer_2.o)
 .text.Timer_2_SetCaptureMode
                0x00000000       0x44 .\CortexM0\ARM_GCC_484\Debug\Dynamixel_Servo_Driver.a(Timer_2.o)
 .text.Timer_2_SetReloadMode
                0x00000000       0x44 .\CortexM0\ARM_GCC_484\Debug\Dynamixel_Servo_Driver.a(Timer_2.o)
 .text.Timer_2_SetStartMode
                0x00000000       0x48 .\CortexM0\ARM_GCC_484\Debug\Dynamixel_Servo_Driver.a(Timer_2.o)
 .text.Timer_2_SetStopMode
                0x00000000       0x44 .\CortexM0\ARM_GCC_484\Debug\Dynamixel_Servo_Driver.a(Timer_2.o)
 .text.Timer_2_SetCountMode
                0x00000000       0x44 .\CortexM0\ARM_GCC_484\Debug\Dynamixel_Servo_Driver.a(Timer_2.o)
 .text.Timer_2_TriggerCommand
                0x00000000       0x3c .\CortexM0\ARM_GCC_484\Debug\Dynamixel_Servo_Driver.a(Timer_2.o)
 .text.Timer_2_ReadStatus
                0x00000000       0x20 .\CortexM0\ARM_GCC_484\Debug\Dynamixel_Servo_Driver.a(Timer_2.o)
 .text.Timer_2_GetInterruptSourceMasked
                0x00000000       0x14 .\CortexM0\ARM_GCC_484\Debug\Dynamixel_Servo_Driver.a(Timer_2.o)
 .text.Timer_2_GetInterruptSource
                0x00000000       0x14 .\CortexM0\ARM_GCC_484\Debug\Dynamixel_Servo_Driver.a(Timer_2.o)
 .text.Timer_2_ClearInterrupt
                0x00000000       0x18 .\CortexM0\ARM_GCC_484\Debug\Dynamixel_Servo_Driver.a(Timer_2.o)
 .text.Timer_2_SetInterrupt
                0x00000000       0x18 .\CortexM0\ARM_GCC_484\Debug\Dynamixel_Servo_Driver.a(Timer_2.o)
 .text          0x00000000        0x0 .\CortexM0\ARM_GCC_484\Debug\Dynamixel_Servo_Driver.a(UART_1_IntClock.o)
 .data          0x00000000        0x0 .\CortexM0\ARM_GCC_484\Debug\Dynamixel_Servo_Driver.a(UART_1_IntClock.o)
 .bss           0x00000000        0x0 .\CortexM0\ARM_GCC_484\Debug\Dynamixel_Servo_Driver.a(UART_1_IntClock.o)
 .text.UART_1_IntClock_Stop
                0x00000000       0x18 .\CortexM0\ARM_GCC_484\Debug\Dynamixel_Servo_Driver.a(UART_1_IntClock.o)
 .text.UART_1_IntClock_SetFractionalDividerRegister
                0x00000000       0x38 .\CortexM0\ARM_GCC_484\Debug\Dynamixel_Servo_Driver.a(UART_1_IntClock.o)
 .text.UART_1_IntClock_GetDividerRegister
                0x00000000       0x14 .\CortexM0\ARM_GCC_484\Debug\Dynamixel_Servo_Driver.a(UART_1_IntClock.o)
 .text.UART_1_IntClock_GetFractionalDividerRegister
                0x00000000        0xc .\CortexM0\ARM_GCC_484\Debug\Dynamixel_Servo_Driver.a(UART_1_IntClock.o)
 .data          0x00000000        0x0 .\CortexM0\ARM_GCC_484\Debug\Dynamixel_Servo_Driver.a(CyBootAsmGnu.o)
 .bss           0x00000000        0x0 .\CortexM0\ARM_GCC_484\Debug\Dynamixel_Servo_Driver.a(CyBootAsmGnu.o)
 .text          0x00000000        0x0 .\CortexM0\ARM_GCC_484\Debug\Dynamixel_Servo_Driver.a(CyLib.o)
 .bss           0x00000000       0x24 .\CortexM0\ARM_GCC_484\Debug\Dynamixel_Servo_Driver.a(CyLib.o)
 .rodata        0x00000000       0x30 .\CortexM0\ARM_GCC_484\Debug\Dynamixel_Servo_Driver.a(CyLib.o)
 .text.CySysClkImoStart
                0x00000000       0x1c .\CortexM0\ARM_GCC_484\Debug\Dynamixel_Servo_Driver.a(CyLib.o)
 .text.CySysClkImoStop
                0x00000000       0x18 .\CortexM0\ARM_GCC_484\Debug\Dynamixel_Servo_Driver.a(CyLib.o)
 .text.CySysClkIloStart
                0x00000000       0x1c .\CortexM0\ARM_GCC_484\Debug\Dynamixel_Servo_Driver.a(CyLib.o)
 .text.CySysClkIloStop
                0x00000000       0x4c .\CortexM0\ARM_GCC_484\Debug\Dynamixel_Servo_Driver.a(CyLib.o)
 .text.CySysClkIloEnabled
                0x00000000       0x1c .\CortexM0\ARM_GCC_484\Debug\Dynamixel_Servo_Driver.a(CyLib.o)
 .text.CySysClkWriteHfclkDirect
                0x00000000       0x44 .\CortexM0\ARM_GCC_484\Debug\Dynamixel_Servo_Driver.a(CyLib.o)
 .text.CySysClkWriteSysclkDiv
                0x00000000       0x44 .\CortexM0\ARM_GCC_484\Debug\Dynamixel_Servo_Driver.a(CyLib.o)
 .text.CySysClkWriteImoFreq
                0x00000000      0x1e0 .\CortexM0\ARM_GCC_484\Debug\Dynamixel_Servo_Driver.a(CyLib.o)
 .text.CySysWdtLock
                0x00000000       0x34 .\CortexM0\ARM_GCC_484\Debug\Dynamixel_Servo_Driver.a(CyLib.o)
 .text.CySysWdtLocked
                0x00000000       0x20 .\CortexM0\ARM_GCC_484\Debug\Dynamixel_Servo_Driver.a(CyLib.o)
 .text.CySysWdtUnlock
                0x00000000       0x4c .\CortexM0\ARM_GCC_484\Debug\Dynamixel_Servo_Driver.a(CyLib.o)
 .text.CySysWdtReadEnabledStatus
                0x00000000       0x30 .\CortexM0\ARM_GCC_484\Debug\Dynamixel_Servo_Driver.a(CyLib.o)
 .text.CySysWdtWriteMode
                0x00000000       0x60 .\CortexM0\ARM_GCC_484\Debug\Dynamixel_Servo_Driver.a(CyLib.o)
 .text.CySysWdtReadMode
                0x00000000       0x24 .\CortexM0\ARM_GCC_484\Debug\Dynamixel_Servo_Driver.a(CyLib.o)
 .text.CySysWdtWriteClearOnMatch
                0x00000000       0x70 .\CortexM0\ARM_GCC_484\Debug\Dynamixel_Servo_Driver.a(CyLib.o)
 .text.CySysWdtReadClearOnMatch
                0x00000000       0x40 .\CortexM0\ARM_GCC_484\Debug\Dynamixel_Servo_Driver.a(CyLib.o)
 .text.CySysWdtEnable
                0x00000000       0x68 .\CortexM0\ARM_GCC_484\Debug\Dynamixel_Servo_Driver.a(CyLib.o)
 .text.CySysWdtDisable
                0x00000000       0x68 .\CortexM0\ARM_GCC_484\Debug\Dynamixel_Servo_Driver.a(CyLib.o)
 .text.CySysWdtWriteCascade
                0x00000000       0x58 .\CortexM0\ARM_GCC_484\Debug\Dynamixel_Servo_Driver.a(CyLib.o)
 .text.CySysWdtReadCascade
                0x00000000       0x1c .\CortexM0\ARM_GCC_484\Debug\Dynamixel_Servo_Driver.a(CyLib.o)
 .text.CySysWdtWriteMatch
                0x00000000       0x6c .\CortexM0\ARM_GCC_484\Debug\Dynamixel_Servo_Driver.a(CyLib.o)
 .text.CySysWdtWriteToggleBit
                0x00000000       0x44 .\CortexM0\ARM_GCC_484\Debug\Dynamixel_Servo_Driver.a(CyLib.o)
 .text.CySysWdtReadToggleBit
                0x00000000       0x18 .\CortexM0\ARM_GCC_484\Debug\Dynamixel_Servo_Driver.a(CyLib.o)
 .text.CySysWdtReadMatch
                0x00000000       0x44 .\CortexM0\ARM_GCC_484\Debug\Dynamixel_Servo_Driver.a(CyLib.o)
 .text.CySysWdtReadCount
                0x00000000       0x54 .\CortexM0\ARM_GCC_484\Debug\Dynamixel_Servo_Driver.a(CyLib.o)
 .text.CySysWdtGetInterruptSource
                0x00000000       0x1c .\CortexM0\ARM_GCC_484\Debug\Dynamixel_Servo_Driver.a(CyLib.o)
 .text.CySysWdtClearInterrupt
                0x00000000       0x6c .\CortexM0\ARM_GCC_484\Debug\Dynamixel_Servo_Driver.a(CyLib.o)
 .text.CySysWdtResetCounters
                0x00000000       0x28 .\CortexM0\ARM_GCC_484\Debug\Dynamixel_Servo_Driver.a(CyLib.o)
 .text.CySysClkLfclkPosedgeCatch
                0x00000000       0x9c .\CortexM0\ARM_GCC_484\Debug\Dynamixel_Servo_Driver.a(CyLib.o)
 .text.CySysClkLfclkPosedgeRestore
                0x00000000       0x3c .\CortexM0\ARM_GCC_484\Debug\Dynamixel_Servo_Driver.a(CyLib.o)
 .text.CySysLvdEnable
                0x00000000       0x48 .\CortexM0\ARM_GCC_484\Debug\Dynamixel_Servo_Driver.a(CyLib.o)
 .text.CySysLvdDisable
                0x00000000       0x28 .\CortexM0\ARM_GCC_484\Debug\Dynamixel_Servo_Driver.a(CyLib.o)
 .text.CySysLvdGetInterruptSource
                0x00000000       0x18 .\CortexM0\ARM_GCC_484\Debug\Dynamixel_Servo_Driver.a(CyLib.o)
 .text.CySysLvdClearInterrupt
                0x00000000       0x14 .\CortexM0\ARM_GCC_484\Debug\Dynamixel_Servo_Driver.a(CyLib.o)
 .text.CySysGetResetReason
                0x00000000       0x30 .\CortexM0\ARM_GCC_484\Debug\Dynamixel_Servo_Driver.a(CyLib.o)
 .text.CyDisableInts
                0x00000000       0x24 .\CortexM0\ARM_GCC_484\Debug\Dynamixel_Servo_Driver.a(CyLib.o)
 .text.CyEnableInts
                0x00000000       0x18 .\CortexM0\ARM_GCC_484\Debug\Dynamixel_Servo_Driver.a(CyLib.o)
 .text.CyIntSetSysVector
                0x00000000       0x48 .\CortexM0\ARM_GCC_484\Debug\Dynamixel_Servo_Driver.a(CyLib.o)
 .text.CyIntGetSysVector
                0x00000000       0x34 .\CortexM0\ARM_GCC_484\Debug\Dynamixel_Servo_Driver.a(CyLib.o)
 .text.CyIntGetVector
                0x00000000       0x38 .\CortexM0\ARM_GCC_484\Debug\Dynamixel_Servo_Driver.a(CyLib.o)
 .text.CyIntGetPriority
                0x00000000       0x58 .\CortexM0\ARM_GCC_484\Debug\Dynamixel_Servo_Driver.a(CyLib.o)
 .text.CyIntGetState
                0x00000000       0x34 .\CortexM0\ARM_GCC_484\Debug\Dynamixel_Servo_Driver.a(CyLib.o)
 .text.CyIntSetPending
                0x00000000       0x2c .\CortexM0\ARM_GCC_484\Debug\Dynamixel_Servo_Driver.a(CyLib.o)
 .text.CyIntClearPending
                0x00000000       0x2c .\CortexM0\ARM_GCC_484\Debug\Dynamixel_Servo_Driver.a(CyLib.o)
 .text.CySoftwareReset
                0x00000000       0x20 .\CortexM0\ARM_GCC_484\Debug\Dynamixel_Servo_Driver.a(CyLib.o)
 .text.CyDelayFreq
                0x00000000       0x80 .\CortexM0\ARM_GCC_484\Debug\Dynamixel_Servo_Driver.a(CyLib.o)
 .text.CySysTickStart
                0x00000000       0x24 .\CortexM0\ARM_GCC_484\Debug\Dynamixel_Servo_Driver.a(CyLib.o)
 .text.CySysTickInit
                0x00000000       0x60 .\CortexM0\ARM_GCC_484\Debug\Dynamixel_Servo_Driver.a(CyLib.o)
 .text.CySysTickEnable
                0x00000000       0x1c .\CortexM0\ARM_GCC_484\Debug\Dynamixel_Servo_Driver.a(CyLib.o)
 .text.CySysTickStop
                0x00000000       0x18 .\CortexM0\ARM_GCC_484\Debug\Dynamixel_Servo_Driver.a(CyLib.o)
 .text.CySysTickEnableInterrupt
                0x00000000       0x18 .\CortexM0\ARM_GCC_484\Debug\Dynamixel_Servo_Driver.a(CyLib.o)
 .text.CySysTickDisableInterrupt
                0x00000000       0x18 .\CortexM0\ARM_GCC_484\Debug\Dynamixel_Servo_Driver.a(CyLib.o)
 .text.CySysTickSetReload
                0x00000000       0x1c .\CortexM0\ARM_GCC_484\Debug\Dynamixel_Servo_Driver.a(CyLib.o)
 .text.CySysTickGetReload
                0x00000000       0x18 .\CortexM0\ARM_GCC_484\Debug\Dynamixel_Servo_Driver.a(CyLib.o)
 .text.CySysTickGetValue
                0x00000000       0x1c .\CortexM0\ARM_GCC_484\Debug\Dynamixel_Servo_Driver.a(CyLib.o)
 .text.CySysTickGetCountFlag
                0x00000000       0x18 .\CortexM0\ARM_GCC_484\Debug\Dynamixel_Servo_Driver.a(CyLib.o)
 .text.CySysTickClear
                0x00000000       0x14 .\CortexM0\ARM_GCC_484\Debug\Dynamixel_Servo_Driver.a(CyLib.o)
 .text.CySysTickSetCallback
                0x00000000       0x2c .\CortexM0\ARM_GCC_484\Debug\Dynamixel_Servo_Driver.a(CyLib.o)
 .text.CySysTickGetCallback
                0x00000000       0x1c .\CortexM0\ARM_GCC_484\Debug\Dynamixel_Servo_Driver.a(CyLib.o)
 .text.CySysTickServiceCallbacks
                0x00000000       0x44 .\CortexM0\ARM_GCC_484\Debug\Dynamixel_Servo_Driver.a(CyLib.o)
 .text          0x00000000        0x0 .\CortexM0\ARM_GCC_484\Debug\Dynamixel_Servo_Driver.a(UART_2.o)
 .data          0x00000000        0x0 .\CortexM0\ARM_GCC_484\Debug\Dynamixel_Servo_Driver.a(UART_2.o)
 .text.UART_2_Stop
                0x00000000       0x28 .\CortexM0\ARM_GCC_484\Debug\Dynamixel_Servo_Driver.a(UART_2.o)
 .text.UART_2_SetRxFifoLevel
                0x00000000       0x34 .\CortexM0\ARM_GCC_484\Debug\Dynamixel_Servo_Driver.a(UART_2.o)
 .text.UART_2_SetTxFifoLevel
                0x00000000       0x34 .\CortexM0\ARM_GCC_484\Debug\Dynamixel_Servo_Driver.a(UART_2.o)
 .text.UART_2_SetCustomInterruptHandler
                0x00000000       0x18 .\CortexM0\ARM_GCC_484\Debug\Dynamixel_Servo_Driver.a(UART_2.o)
 .text.UART_2_ScbModeStop
                0x00000000        0x8 .\CortexM0\ARM_GCC_484\Debug\Dynamixel_Servo_Driver.a(UART_2.o)
 .text.UART_2_I2CSlaveNackGeneration
                0x00000000       0x50 .\CortexM0\ARM_GCC_484\Debug\Dynamixel_Servo_Driver.a(UART_2.o)
 .text          0x00000000        0x0 .\CortexM0\ARM_GCC_484\Debug\Dynamixel_Servo_Driver.a(UART_2_UART.o)
 .data          0x00000000        0x0 .\CortexM0\ARM_GCC_484\Debug\Dynamixel_Servo_Driver.a(UART_2_UART.o)
 .bss           0x00000000        0x0 .\CortexM0\ARM_GCC_484\Debug\Dynamixel_Servo_Driver.a(UART_2_UART.o)
 .text.UART_2_UartSetRxAddress
                0x00000000       0x34 .\CortexM0\ARM_GCC_484\Debug\Dynamixel_Servo_Driver.a(UART_2_UART.o)
 .text.UART_2_UartSetRxAddressMask
                0x00000000       0x34 .\CortexM0\ARM_GCC_484\Debug\Dynamixel_Servo_Driver.a(UART_2_UART.o)
 .text.UART_2_UartPutString
                0x00000000       0x34 .\CortexM0\ARM_GCC_484\Debug\Dynamixel_Servo_Driver.a(UART_2_UART.o)
 .text.UART_2_UartPutCRLF
                0x00000000       0x24 .\CortexM0\ARM_GCC_484\Debug\Dynamixel_Servo_Driver.a(UART_2_UART.o)
 .text          0x00000000        0x0 .\CortexM0\ARM_GCC_484\Debug\Dynamixel_Servo_Driver.a(UART_2_SPI_UART.o)
 .data          0x00000000        0x0 .\CortexM0\ARM_GCC_484\Debug\Dynamixel_Servo_Driver.a(UART_2_SPI_UART.o)
 .bss           0x00000000        0x0 .\CortexM0\ARM_GCC_484\Debug\Dynamixel_Servo_Driver.a(UART_2_SPI_UART.o)
 .text.UART_2_SpiUartWriteTxData
                0x00000000       0x2c .\CortexM0\ARM_GCC_484\Debug\Dynamixel_Servo_Driver.a(UART_2_SPI_UART.o)
 .text.UART_2_SpiUartPutArray
                0x00000000       0x34 .\CortexM0\ARM_GCC_484\Debug\Dynamixel_Servo_Driver.a(UART_2_SPI_UART.o)
 .text.UART_2_SpiUartGetTxBufferSize
                0x00000000       0x20 .\CortexM0\ARM_GCC_484\Debug\Dynamixel_Servo_Driver.a(UART_2_SPI_UART.o)
 .text.UART_2_SpiUartClearTxBuffer
                0x00000000       0x2c .\CortexM0\ARM_GCC_484\Debug\Dynamixel_Servo_Driver.a(UART_2_SPI_UART.o)
 .text.UART_2_SpiUartDisableIntRx
                0x00000000       0x20 .\CortexM0\ARM_GCC_484\Debug\Dynamixel_Servo_Driver.a(UART_2_SPI_UART.o)
 .text.UART_2_SpiUartDisableIntTx
                0x00000000       0x20 .\CortexM0\ARM_GCC_484\Debug\Dynamixel_Servo_Driver.a(UART_2_SPI_UART.o)
 .text          0x00000000        0x0 .\CortexM0\ARM_GCC_484\Debug\Dynamixel_Servo_Driver.a(UART_2_SPI_UART_INT.o)
 .data          0x00000000        0x0 .\CortexM0\ARM_GCC_484\Debug\Dynamixel_Servo_Driver.a(UART_2_SPI_UART_INT.o)
 .bss           0x00000000        0x0 .\CortexM0\ARM_GCC_484\Debug\Dynamixel_Servo_Driver.a(UART_2_SPI_UART_INT.o)
 .text          0x00000000       0x9c c:/program files (x86)/cypress/psoc creator/3.1/psoc creator/import/gnu_cs/arm/4.8.4/bin/../lib/gcc/arm-none-eabi/4.8.4/armv6-m\libgcc.a(_udivsi3.o)
 .data          0x00000000        0x0 c:/program files (x86)/cypress/psoc creator/3.1/psoc creator/import/gnu_cs/arm/4.8.4/bin/../lib/gcc/arm-none-eabi/4.8.4/armv6-m\libgcc.a(_udivsi3.o)
 .bss           0x00000000        0x0 c:/program files (x86)/cypress/psoc creator/3.1/psoc creator/import/gnu_cs/arm/4.8.4/bin/../lib/gcc/arm-none-eabi/4.8.4/armv6-m\libgcc.a(_udivsi3.o)
 .text          0x00000000       0xc0 c:/program files (x86)/cypress/psoc creator/3.1/psoc creator/import/gnu_cs/arm/4.8.4/bin/../lib/gcc/arm-none-eabi/4.8.4/armv6-m\libgcc.a(_divsi3.o)
 .data          0x00000000        0x0 c:/program files (x86)/cypress/psoc creator/3.1/psoc creator/import/gnu_cs/arm/4.8.4/bin/../lib/gcc/arm-none-eabi/4.8.4/armv6-m\libgcc.a(_divsi3.o)
 .bss           0x00000000        0x0 c:/program files (x86)/cypress/psoc creator/3.1/psoc creator/import/gnu_cs/arm/4.8.4/bin/../lib/gcc/arm-none-eabi/4.8.4/armv6-m\libgcc.a(_divsi3.o)
 .text          0x00000000        0x4 c:/program files (x86)/cypress/psoc creator/3.1/psoc creator/import/gnu_cs/arm/4.8.4/bin/../lib/gcc/arm-none-eabi/4.8.4/armv6-m\libgcc.a(_dvmd_tls.o)
 .data          0x00000000        0x0 c:/program files (x86)/cypress/psoc creator/3.1/psoc creator/import/gnu_cs/arm/4.8.4/bin/../lib/gcc/arm-none-eabi/4.8.4/armv6-m\libgcc.a(_dvmd_tls.o)
 .bss           0x00000000        0x0 c:/program files (x86)/cypress/psoc creator/3.1/psoc creator/import/gnu_cs/arm/4.8.4/bin/../lib/gcc/arm-none-eabi/4.8.4/armv6-m\libgcc.a(_dvmd_tls.o)
 .text          0x00000000        0x0 c:/program files (x86)/cypress/psoc creator/3.1/psoc creator/import/gnu_cs/arm/4.8.4/bin/../lib/gcc/arm-none-eabi/4.8.4/../../../../arm-none-eabi/lib/armv6-m\libg_s.a(lib_a-errno.o)
 .data          0x00000000        0x0 c:/program files (x86)/cypress/psoc creator/3.1/psoc creator/import/gnu_cs/arm/4.8.4/bin/../lib/gcc/arm-none-eabi/4.8.4/../../../../arm-none-eabi/lib/armv6-m\libg_s.a(lib_a-errno.o)
 .bss           0x00000000        0x0 c:/program files (x86)/cypress/psoc creator/3.1/psoc creator/import/gnu_cs/arm/4.8.4/bin/../lib/gcc/arm-none-eabi/4.8.4/../../../../arm-none-eabi/lib/armv6-m\libg_s.a(lib_a-errno.o)
 .text.__errno  0x00000000        0xc c:/program files (x86)/cypress/psoc creator/3.1/psoc creator/import/gnu_cs/arm/4.8.4/bin/../lib/gcc/arm-none-eabi/4.8.4/../../../../arm-none-eabi/lib/armv6-m\libg_s.a(lib_a-errno.o)
 .text          0x00000000        0x0 c:/program files (x86)/cypress/psoc creator/3.1/psoc creator/import/gnu_cs/arm/4.8.4/bin/../lib/gcc/arm-none-eabi/4.8.4/../../../../arm-none-eabi/lib/armv6-m\libg_s.a(lib_a-exit.o)
 .data          0x00000000        0x0 c:/program files (x86)/cypress/psoc creator/3.1/psoc creator/import/gnu_cs/arm/4.8.4/bin/../lib/gcc/arm-none-eabi/4.8.4/../../../../arm-none-eabi/lib/armv6-m\libg_s.a(lib_a-exit.o)
 .bss           0x00000000        0x0 c:/program files (x86)/cypress/psoc creator/3.1/psoc creator/import/gnu_cs/arm/4.8.4/bin/../lib/gcc/arm-none-eabi/4.8.4/../../../../arm-none-eabi/lib/armv6-m\libg_s.a(lib_a-exit.o)
 .text.exit     0x00000000       0x2c c:/program files (x86)/cypress/psoc creator/3.1/psoc creator/import/gnu_cs/arm/4.8.4/bin/../lib/gcc/arm-none-eabi/4.8.4/../../../../arm-none-eabi/lib/armv6-m\libg_s.a(lib_a-exit.o)
 .text          0x00000000        0x0 c:/program files (x86)/cypress/psoc creator/3.1/psoc creator/import/gnu_cs/arm/4.8.4/bin/../lib/gcc/arm-none-eabi/4.8.4/../../../../arm-none-eabi/lib/armv6-m\libg_s.a(lib_a-impure.o)
 .data          0x00000000        0x0 c:/program files (x86)/cypress/psoc creator/3.1/psoc creator/import/gnu_cs/arm/4.8.4/bin/../lib/gcc/arm-none-eabi/4.8.4/../../../../arm-none-eabi/lib/armv6-m\libg_s.a(lib_a-impure.o)
 .bss           0x00000000        0x0 c:/program files (x86)/cypress/psoc creator/3.1/psoc creator/import/gnu_cs/arm/4.8.4/bin/../lib/gcc/arm-none-eabi/4.8.4/../../../../arm-none-eabi/lib/armv6-m\libg_s.a(lib_a-impure.o)
 .data.impure_data
                0x00000000       0x60 c:/program files (x86)/cypress/psoc creator/3.1/psoc creator/import/gnu_cs/arm/4.8.4/bin/../lib/gcc/arm-none-eabi/4.8.4/../../../../arm-none-eabi/lib/armv6-m\libg_s.a(lib_a-impure.o)
 .data._impure_ptr
                0x00000000        0x4 c:/program files (x86)/cypress/psoc creator/3.1/psoc creator/import/gnu_cs/arm/4.8.4/bin/../lib/gcc/arm-none-eabi/4.8.4/../../../../arm-none-eabi/lib/armv6-m\libg_s.a(lib_a-impure.o)
 .rodata.str1.1
                0x00000000        0x2 c:/program files (x86)/cypress/psoc creator/3.1/psoc creator/import/gnu_cs/arm/4.8.4/bin/../lib/gcc/arm-none-eabi/4.8.4/../../../../arm-none-eabi/lib/armv6-m\libg_s.a(lib_a-impure.o)
 .rodata._global_impure_ptr
                0x00000000        0x4 c:/program files (x86)/cypress/psoc creator/3.1/psoc creator/import/gnu_cs/arm/4.8.4/bin/../lib/gcc/arm-none-eabi/4.8.4/../../../../arm-none-eabi/lib/armv6-m\libg_s.a(lib_a-impure.o)
 .text          0x00000000        0x0 c:/program files (x86)/cypress/psoc creator/3.1/psoc creator/import/gnu_cs/arm/4.8.4/bin/../lib/gcc/arm-none-eabi/4.8.4/../../../../arm-none-eabi/lib/armv6-m\libg_s.a(lib_a-init.o)
 .data          0x00000000        0x0 c:/program files (x86)/cypress/psoc creator/3.1/psoc creator/import/gnu_cs/arm/4.8.4/bin/../lib/gcc/arm-none-eabi/4.8.4/../../../../arm-none-eabi/lib/armv6-m\libg_s.a(lib_a-init.o)
 .bss           0x00000000        0x0 c:/program files (x86)/cypress/psoc creator/3.1/psoc creator/import/gnu_cs/arm/4.8.4/bin/../lib/gcc/arm-none-eabi/4.8.4/../../../../arm-none-eabi/lib/armv6-m\libg_s.a(lib_a-init.o)
 .text          0x00000000        0x0 c:/program files (x86)/cypress/psoc creator/3.1/psoc creator/import/gnu_cs/arm/4.8.4/bin/../lib/gcc/arm-none-eabi/4.8.4/../../../../arm-none-eabi/lib/armv6-m\libg_s.a(lib_a-memcpy-stub.o)
 .data          0x00000000        0x0 c:/program files (x86)/cypress/psoc creator/3.1/psoc creator/import/gnu_cs/arm/4.8.4/bin/../lib/gcc/arm-none-eabi/4.8.4/../../../../arm-none-eabi/lib/armv6-m\libg_s.a(lib_a-memcpy-stub.o)
 .bss           0x00000000        0x0 c:/program files (x86)/cypress/psoc creator/3.1/psoc creator/import/gnu_cs/arm/4.8.4/bin/../lib/gcc/arm-none-eabi/4.8.4/../../../../arm-none-eabi/lib/armv6-m\libg_s.a(lib_a-memcpy-stub.o)
 .text.memcpy   0x00000000       0x12 c:/program files (x86)/cypress/psoc creator/3.1/psoc creator/import/gnu_cs/arm/4.8.4/bin/../lib/gcc/arm-none-eabi/4.8.4/../../../../arm-none-eabi/lib/armv6-m\libg_s.a(lib_a-memcpy-stub.o)
 .text          0x00000000        0x0 c:/program files (x86)/cypress/psoc creator/3.1/psoc creator/import/gnu_cs/arm/4.8.4/bin/../lib/gcc/arm-none-eabi/4.8.4/../../../../arm-none-eabi/lib/armv6-m\libg_s.a(lib_a-memset.o)
 .data          0x00000000        0x0 c:/program files (x86)/cypress/psoc creator/3.1/psoc creator/import/gnu_cs/arm/4.8.4/bin/../lib/gcc/arm-none-eabi/4.8.4/../../../../arm-none-eabi/lib/armv6-m\libg_s.a(lib_a-memset.o)
 .bss           0x00000000        0x0 c:/program files (x86)/cypress/psoc creator/3.1/psoc creator/import/gnu_cs/arm/4.8.4/bin/../lib/gcc/arm-none-eabi/4.8.4/../../../../arm-none-eabi/lib/armv6-m\libg_s.a(lib_a-memset.o)
 .text          0x00000000        0x0 c:/program files (x86)/cypress/psoc creator/3.1/psoc creator/import/gnu_cs/arm/4.8.4/bin/../lib/gcc/arm-none-eabi/4.8.4/armv6-m/crtend.o
 .data          0x00000000        0x0 c:/program files (x86)/cypress/psoc creator/3.1/psoc creator/import/gnu_cs/arm/4.8.4/bin/../lib/gcc/arm-none-eabi/4.8.4/armv6-m/crtend.o
 .bss           0x00000000        0x0 c:/program files (x86)/cypress/psoc creator/3.1/psoc creator/import/gnu_cs/arm/4.8.4/bin/../lib/gcc/arm-none-eabi/4.8.4/armv6-m/crtend.o
 .text          0x00000000        0x0 c:/program files (x86)/cypress/psoc creator/3.1/psoc creator/import/gnu_cs/arm/4.8.4/bin/../lib/gcc/arm-none-eabi/4.8.4/armv6-m/crtn.o
 .data          0x00000000        0x0 c:/program files (x86)/cypress/psoc creator/3.1/psoc creator/import/gnu_cs/arm/4.8.4/bin/../lib/gcc/arm-none-eabi/4.8.4/armv6-m/crtn.o
 .bss           0x00000000        0x0 c:/program files (x86)/cypress/psoc creator/3.1/psoc creator/import/gnu_cs/arm/4.8.4/bin/../lib/gcc/arm-none-eabi/4.8.4/armv6-m/crtn.o

Memory Configuration

Name             Origin             Length             Attributes
rom              0x00000000         0x00008000         xr
ram              0x20000000         0x00001000         xrw
*default*        0x00000000         0xffffffff

Linker script and memory map

LOAD c:/program files (x86)/cypress/psoc creator/3.1/psoc creator/import/gnu_cs/arm/4.8.4/bin/../lib/gcc/arm-none-eabi/4.8.4/armv6-m/crti.o
LOAD c:/program files (x86)/cypress/psoc creator/3.1/psoc creator/import/gnu_cs/arm/4.8.4/bin/../lib/gcc/arm-none-eabi/4.8.4/armv6-m/crtbegin.o
LOAD c:/program files (x86)/cypress/psoc creator/3.1/psoc creator/import/gnu_cs/arm/4.8.4/bin/../lib/gcc/arm-none-eabi/4.8.4/../../../../arm-none-eabi/lib/armv6-m/crt0.o
START GROUP
LOAD .\CortexM0\ARM_GCC_484\Debug\main.o
LOAD .\CortexM0\ARM_GCC_484\Debug\cymetadata.o
LOAD .\CortexM0\ARM_GCC_484\Debug\Cm0Start.o
LOAD .\CortexM0\ARM_GCC_484\Debug\Dynamixel_Servo_Driver.a
LOAD C:\Program Files (x86)\Cypress\PSoC Creator\3.1\PSoC Creator\psoc\content\cycomponentlibrary\CyComponentLibrary.cylib\CortexM0\ARM_GCC_484\Debug\CyComponentLibrary.a
END GROUP
START GROUP
LOAD c:/program files (x86)/cypress/psoc creator/3.1/psoc creator/import/gnu_cs/arm/4.8.4/bin/../lib/gcc/arm-none-eabi/4.8.4/armv6-m\libgcc.a
LOAD c:/program files (x86)/cypress/psoc creator/3.1/psoc creator/import/gnu_cs/arm/4.8.4/bin/../lib/gcc/arm-none-eabi/4.8.4/../../../../arm-none-eabi/lib/armv6-m\libg_s.a
LOAD c:/program files (x86)/cypress/psoc creator/3.1/psoc creator/import/gnu_cs/arm/4.8.4/bin/../lib/gcc/arm-none-eabi/4.8.4/../../../../arm-none-eabi/lib/armv6-m\libc_s.a
END GROUP
START GROUP
LOAD c:/program files (x86)/cypress/psoc creator/3.1/psoc creator/import/gnu_cs/arm/4.8.4/bin/../lib/gcc/arm-none-eabi/4.8.4/armv6-m\libgcc.a
LOAD c:/program files (x86)/cypress/psoc creator/3.1/psoc creator/import/gnu_cs/arm/4.8.4/bin/../lib/gcc/arm-none-eabi/4.8.4/../../../../arm-none-eabi/lib/armv6-m\libc_s.a
END GROUP
LOAD c:/program files (x86)/cypress/psoc creator/3.1/psoc creator/import/gnu_cs/arm/4.8.4/bin/../lib/gcc/arm-none-eabi/4.8.4/armv6-m/crtend.o
LOAD c:/program files (x86)/cypress/psoc creator/3.1/psoc creator/import/gnu_cs/arm/4.8.4/bin/../lib/gcc/arm-none-eabi/4.8.4/armv6-m/crtn.o
START GROUP
LOAD c:/program files (x86)/cypress/psoc creator/3.1/psoc creator/import/gnu_cs/arm/4.8.4/bin/../lib/gcc/arm-none-eabi/4.8.4/armv6-m\libgcc.a
LOAD c:/program files (x86)/cypress/psoc creator/3.1/psoc creator/import/gnu_cs/arm/4.8.4/bin/../lib/gcc/arm-none-eabi/4.8.4/../../../../arm-none-eabi/lib/armv6-m\libc.a
LOAD c:/program files (x86)/cypress/psoc creator/3.1/psoc creator/import/gnu_cs/arm/4.8.4/bin/../lib/gcc/arm-none-eabi/4.8.4/../../../../arm-none-eabi/lib/armv6-m\libnosys.a
END GROUP
                0x00000000                CY_APPL_ORIGIN = 0x0
                0x00000080                CY_FLASH_ROW_SIZE = 0x80
                0x00000001                CY_APPL_NUM = 0x1
                0x00000040                CY_METADATA_SIZE = 0x40
                0x20000108                PROVIDE (__cy_heap_start, _end)
                0x00000001                PROVIDE (__cy_region_num, ((__cy_regions_end - __cy_regions) / 0x10))
                0x20001000                PROVIDE (__cy_stack, (ORIGIN (ram) + 0x1000))
                0x20000c00                PROVIDE (__cy_heap_end, (__cy_stack - 0x400))

.cybootloader   0x00000000        0x0
 *(.cybootloader)
                0x00000000                appl1_start = CY_APPL_ORIGIN?CY_APPL_ORIGIN:ALIGN (CY_FLASH_ROW_SIZE)
                0x00003f80                appl2_start = (appl1_start + ALIGN ((((0x8000 - appl1_start) - (0x2 * CY_FLASH_ROW_SIZE)) / 0x2), CY_FLASH_ROW_SIZE))
                0x00000000                appl_start = (CY_APPL_NUM == 0x1)?appl1_start:appl2_start

.text           0x00000000      0xe24
 CREATE_OBJECT_SYMBOLS
                0x00000000                PROVIDE (__cy_interrupt_vector, RomVectors)
 *(.romvectors)
 .romvectors    0x00000000       0x10 .\CortexM0\ARM_GCC_484\Debug\Cm0Start.o
                0x00000000                RomVectors
                0x00000001                ASSERT ((. != __cy_interrupt_vector), No interrupt vector)
                0x00000001                ASSERT (CY_APPL_ORIGIN?(SIZEOF (.cybootloader) <= CY_APPL_ORIGIN):0x1, Wrong image location)
                0x00000010                PROVIDE (__cy_reset, Reset)
 *(.text.Reset)
 .text.Reset    0x00000010        0x8 .\CortexM0\ARM_GCC_484\Debug\Cm0Start.o
                0x00000010                Reset
                0x00000001                ASSERT ((. != __cy_reset), No reset code)
 *(.psocinit)
 .psocinit      0x00000018      0x328 .\CortexM0\ARM_GCC_484\Debug\Dynamixel_Servo_Driver.a(cyfitter_cfg.o)
                0x0000018c                cyfitter_cfg
                0x00000340                . = MAX (., 0x100)
 *(.text .text.* .gnu.linkonce.t.*)
 .text          0x00000340       0x60 c:/program files (x86)/cypress/psoc creator/3.1/psoc creator/import/gnu_cs/arm/4.8.4/bin/../lib/gcc/arm-none-eabi/4.8.4/armv6-m/crtbegin.o
 .text.main     0x000003a0       0xb4 .\CortexM0\ARM_GCC_484\Debug\main.o
                0x000003a0                main
 .text.ServoGoalPosition
                0x00000454       0x98 .\CortexM0\ARM_GCC_484\Debug\main.o
                0x00000454                ServoGoalPosition
 .text.ServoSpeed
                0x000004ec       0x98 .\CortexM0\ARM_GCC_484\Debug\main.o
                0x000004ec                ServoSpeed
 .text.IntDefaultHandler
                0x00000584        0x8 .\CortexM0\ARM_GCC_484\Debug\Cm0Start.o
                0x00000584                IntDefaultHandler
 .text.Start_c  0x0000058c       0x98 .\CortexM0\ARM_GCC_484\Debug\Cm0Start.o
                0x0000058c                Start_c
 .text.initialize_psoc
                0x00000624       0x64 .\CortexM0\ARM_GCC_484\Debug\Cm0Start.o
                0x00000624                initialize_psoc
 .text.CYMEMZERO
                0x00000688       0x20 .\CortexM0\ARM_GCC_484\Debug\Dynamixel_Servo_Driver.a(cyfitter_cfg.o)
 .text.cfg_write_bytes32
                0x000006a8       0x80 .\CortexM0\ARM_GCC_484\Debug\Dynamixel_Servo_Driver.a(cyfitter_cfg.o)
 .text.AnalogSetDefault
                0x00000728        0x8 .\CortexM0\ARM_GCC_484\Debug\Dynamixel_Servo_Driver.a(cyfitter_cfg.o)
 .text.LED_Write
                0x00000730       0x4c .\CortexM0\ARM_GCC_484\Debug\Dynamixel_Servo_Driver.a(LED.o)
                0x00000730                LED_Write
 .text.UART_1_Start
                0x0000077c       0x24 .\CortexM0\ARM_GCC_484\Debug\Dynamixel_Servo_Driver.a(UART_1.o)
                0x0000077c                UART_1_Start
 .text.UART_1_Init
                0x000007a0       0x28 .\CortexM0\ARM_GCC_484\Debug\Dynamixel_Servo_Driver.a(UART_1.o)
                0x000007a0                UART_1_Init
 .text.UART_1_Enable
                0x000007c8       0x38 .\CortexM0\ARM_GCC_484\Debug\Dynamixel_Servo_Driver.a(UART_1.o)
                0x000007c8                UART_1_Enable
 .text.UART_1_PutChar
                0x00000800       0x34 .\CortexM0\ARM_GCC_484\Debug\Dynamixel_Servo_Driver.a(UART_1.o)
                0x00000800                UART_1_PutChar
 .text.UART_1_PutArray
                0x00000834       0x58 .\CortexM0\ARM_GCC_484\Debug\Dynamixel_Servo_Driver.a(UART_1.o)
                0x00000834                UART_1_PutArray
 .text.Timer_1_Init
                0x0000088c       0x38 .\CortexM0\ARM_GCC_484\Debug\Dynamixel_Servo_Driver.a(Timer_1.o)
                0x0000088c                Timer_1_Init
 .text.Timer_1_Enable
                0x000008c4       0x30 .\CortexM0\ARM_GCC_484\Debug\Dynamixel_Servo_Driver.a(Timer_1.o)
                0x000008c4                Timer_1_Enable
 .text.Timer_1_Start
                0x000008f4       0x24 .\CortexM0\ARM_GCC_484\Debug\Dynamixel_Servo_Driver.a(Timer_1.o)
                0x000008f4                Timer_1_Start
 .text.Timer_1_WriteCounter
                0x00000918       0x1c .\CortexM0\ARM_GCC_484\Debug\Dynamixel_Servo_Driver.a(Timer_1.o)
                0x00000918                Timer_1_WriteCounter
 .text.Timer_1_WritePeriod
                0x00000934       0x1c .\CortexM0\ARM_GCC_484\Debug\Dynamixel_Servo_Driver.a(Timer_1.o)
                0x00000934                Timer_1_WritePeriod
 .text.Timer_1_ReadCapture
                0x00000950       0x18 .\CortexM0\ARM_GCC_484\Debug\Dynamixel_Servo_Driver.a(Timer_1.o)
                0x00000950                Timer_1_ReadCapture
 .text.Timer_1_SetInterruptMode
                0x00000968       0x18 .\CortexM0\ARM_GCC_484\Debug\Dynamixel_Servo_Driver.a(Timer_1.o)
                0x00000968                Timer_1_SetInterruptMode
 .text.Timer_2_Init
                0x00000980       0x38 .\CortexM0\ARM_GCC_484\Debug\Dynamixel_Servo_Driver.a(Timer_2.o)
                0x00000980                Timer_2_Init
 .text.Timer_2_Enable
                0x000009b8       0x30 .\CortexM0\ARM_GCC_484\Debug\Dynamixel_Servo_Driver.a(Timer_2.o)
                0x000009b8                Timer_2_Enable
 .text.Timer_2_Start
                0x000009e8       0x24 .\CortexM0\ARM_GCC_484\Debug\Dynamixel_Servo_Driver.a(Timer_2.o)
                0x000009e8                Timer_2_Start
 .text.Timer_2_WriteCounter
                0x00000a0c       0x1c .\CortexM0\ARM_GCC_484\Debug\Dynamixel_Servo_Driver.a(Timer_2.o)
                0x00000a0c                Timer_2_WriteCounter
 .text.Timer_2_WritePeriod
                0x00000a28       0x1c .\CortexM0\ARM_GCC_484\Debug\Dynamixel_Servo_Driver.a(Timer_2.o)
                0x00000a28                Timer_2_WritePeriod
 .text.Timer_2_ReadCapture
                0x00000a44       0x18 .\CortexM0\ARM_GCC_484\Debug\Dynamixel_Servo_Driver.a(Timer_2.o)
                0x00000a44                Timer_2_ReadCapture
 .text.Timer_2_SetInterruptMode
                0x00000a5c       0x18 .\CortexM0\ARM_GCC_484\Debug\Dynamixel_Servo_Driver.a(Timer_2.o)
                0x00000a5c                Timer_2_SetInterruptMode
 .text.UART_1_IntClock_Start
                0x00000a74       0x1c .\CortexM0\ARM_GCC_484\Debug\Dynamixel_Servo_Driver.a(UART_1_IntClock.o)
                0x00000a74                UART_1_IntClock_Start
 .text          0x00000a90       0x28 .\CortexM0\ARM_GCC_484\Debug\Dynamixel_Servo_Driver.a(CyBootAsmGnu.o)
                0x00000a90                CyDelayCycles
                0x00000aa4                CyEnterCriticalSection
                0x00000aac                CyExitCriticalSection
 .text.CyIntSetVector
                0x00000ab8       0x4c .\CortexM0\ARM_GCC_484\Debug\Dynamixel_Servo_Driver.a(CyLib.o)
                0x00000ab8                CyIntSetVector
 .text.CyIntSetPriority
                0x00000b04       0xa8 .\CortexM0\ARM_GCC_484\Debug\Dynamixel_Servo_Driver.a(CyLib.o)
                0x00000b04                CyIntSetPriority
 .text.CyIntEnable
                0x00000bac       0x2c .\CortexM0\ARM_GCC_484\Debug\Dynamixel_Servo_Driver.a(CyLib.o)
                0x00000bac                CyIntEnable
 .text.CyIntDisable
                0x00000bd8       0x2c .\CortexM0\ARM_GCC_484\Debug\Dynamixel_Servo_Driver.a(CyLib.o)
                0x00000bd8                CyIntDisable
 .text.CyHalt   0x00000c04       0x14 .\CortexM0\ARM_GCC_484\Debug\Dynamixel_Servo_Driver.a(CyLib.o)
                0x00000c04                CyHalt
 .text.CyDelay  0x00000c18       0x48 .\CortexM0\ARM_GCC_484\Debug\Dynamixel_Servo_Driver.a(CyLib.o)
                0x00000c18                CyDelay
 .text.CyDelayUs
                0x00000c60       0x28 .\CortexM0\ARM_GCC_484\Debug\Dynamixel_Servo_Driver.a(CyLib.o)
                0x00000c60                CyDelayUs
 .text.UART_2_Init
                0x00000c88        0xc .\CortexM0\ARM_GCC_484\Debug\Dynamixel_Servo_Driver.a(UART_2.o)
                0x00000c88                UART_2_Init
 .text.UART_2_Enable
                0x00000c94       0x20 .\CortexM0\ARM_GCC_484\Debug\Dynamixel_Servo_Driver.a(UART_2.o)
                0x00000c94                UART_2_Enable
 .text.UART_2_Start
                0x00000cb4       0x24 .\CortexM0\ARM_GCC_484\Debug\Dynamixel_Servo_Driver.a(UART_2.o)
                0x00000cb4                UART_2_Start
 .text.UART_2_ScbEnableIntr
                0x00000cd8       0x10 .\CortexM0\ARM_GCC_484\Debug\Dynamixel_Servo_Driver.a(UART_2.o)
 .text.UART_2_UartInit
                0x00000ce8       0xc4 .\CortexM0\ARM_GCC_484\Debug\Dynamixel_Servo_Driver.a(UART_2_UART.o)
                0x00000ce8                UART_2_UartInit
 .text.UART_2_SPI_UART_ISR
                0x00000dac       0x1c .\CortexM0\ARM_GCC_484\Debug\Dynamixel_Servo_Driver.a(UART_2_SPI_UART_INT.o)
                0x00000dac                UART_2_SPI_UART_ISR
 .text.__libc_init_array
                0x00000dc8       0x4c c:/program files (x86)/cypress/psoc creator/3.1/psoc creator/import/gnu_cs/arm/4.8.4/bin/../lib/gcc/arm-none-eabi/4.8.4/../../../../arm-none-eabi/lib/armv6-m\libg_s.a(lib_a-init.o)
                0x00000dc8                __libc_init_array
 .text.memset   0x00000e14       0x10 c:/program files (x86)/cypress/psoc creator/3.1/psoc creator/import/gnu_cs/arm/4.8.4/bin/../lib/gcc/arm-none-eabi/4.8.4/../../../../arm-none-eabi/lib/armv6-m\libg_s.a(lib_a-memset.o)
                0x00000e14                memset
 *(.plt)
 *(.gnu.warning)
 *(.glue_7t)
 .glue_7t       0x00000000        0x0 linker stubs
 *(.glue_7)
 .glue_7        0x00000000        0x0 linker stubs
 *(.vfp11_veneer)
 .vfp11_veneer  0x00000000        0x0 linker stubs
 *(.bootloader)
 *(.ARM.extab* .gnu.linkonce.armextab.*)
 *(.gcc_except_table)

.v4_bx          0x00000e24        0x0
 .v4_bx         0x00000000        0x0 linker stubs

.iplt           0x00000e24        0x0
 .iplt          0x00000000        0x0 c:/program files (x86)/cypress/psoc creator/3.1/psoc creator/import/gnu_cs/arm/4.8.4/bin/../lib/gcc/arm-none-eabi/4.8.4/armv6-m/crtbegin.o

.eh_frame_hdr
 *(.eh_frame_hdr)

.eh_frame       0x00000e24        0x4
 *(.eh_frame)
 .eh_frame      0x00000e24        0x0 c:/program files (x86)/cypress/psoc creator/3.1/psoc creator/import/gnu_cs/arm/4.8.4/bin/../lib/gcc/arm-none-eabi/4.8.4/armv6-m/crtbegin.o
 .eh_frame      0x00000e24        0x4 c:/program files (x86)/cypress/psoc creator/3.1/psoc creator/import/gnu_cs/arm/4.8.4/bin/../lib/gcc/arm-none-eabi/4.8.4/armv6-m/crtend.o
                0x00000e28                PROVIDE (__exidx_start, .)

.ARM.exidx
 *(.ARM.exidx* .gnu.linkonce.armexidx.*)
                0x00000e28                __exidx_end = .

.rodata         0x00000e28      0x1a8
 *(.rodata .rodata.* .gnu.linkonce.r.*)
 .rodata        0x00000e28      0x170 .\CortexM0\ARM_GCC_484\Debug\Dynamixel_Servo_Driver.a(cyfitter_cfg.o)
                0x00000f98                . = ALIGN (0x4)
 *(.init)
 .init          0x00000f98        0x4 c:/program files (x86)/cypress/psoc creator/3.1/psoc creator/import/gnu_cs/arm/4.8.4/bin/../lib/gcc/arm-none-eabi/4.8.4/armv6-m/crti.o
                0x00000f98                _init
 .init          0x00000f9c        0x8 c:/program files (x86)/cypress/psoc creator/3.1/psoc creator/import/gnu_cs/arm/4.8.4/bin/../lib/gcc/arm-none-eabi/4.8.4/armv6-m/crtn.o
                0x00000fa4                . = ALIGN (0x4)
                0x00000fa4                __preinit_array_start = .
 *(.preinit_array)
                0x00000fa4                __preinit_array_end = .
                0x00000fa4                . = ALIGN (0x4)
                0x00000fa4                __init_array_start = .
 *(SORT(.init_array.*))
 *(.init_array)
 .init_array    0x00000fa4        0x4 c:/program files (x86)/cypress/psoc creator/3.1/psoc creator/import/gnu_cs/arm/4.8.4/bin/../lib/gcc/arm-none-eabi/4.8.4/armv6-m/crtbegin.o
 .init_array    0x00000fa8        0x4 .\CortexM0\ARM_GCC_484\Debug\Cm0Start.o
                0x00000fac                __init_array_end = .
                0x00000fac                . = ALIGN (0x4)
 *(.fini)
 .fini          0x00000fac        0x4 c:/program files (x86)/cypress/psoc creator/3.1/psoc creator/import/gnu_cs/arm/4.8.4/bin/../lib/gcc/arm-none-eabi/4.8.4/armv6-m/crti.o
                0x00000fac                _fini
 .fini          0x00000fb0        0x8 c:/program files (x86)/cypress/psoc creator/3.1/psoc creator/import/gnu_cs/arm/4.8.4/bin/../lib/gcc/arm-none-eabi/4.8.4/armv6-m/crtn.o
                0x00000fb8                . = ALIGN (0x4)
                0x00000fb8                __fini_array_start = .
 *(.fini_array)
 .fini_array    0x00000fb8        0x4 c:/program files (x86)/cypress/psoc creator/3.1/psoc creator/import/gnu_cs/arm/4.8.4/bin/../lib/gcc/arm-none-eabi/4.8.4/armv6-m/crtbegin.o
 *(SORT(.fini_array.*))
                0x00000fbc                __fini_array_end = .
                0x00000fbc                . = ALIGN (0x4)
 *crtbegin.o(.ctors)
 *(EXCLUDE_FILE(*crtend.o) .ctors)
 *(SORT(.ctors.*))
 *crtend.o(.ctors)
                0x00000fbc                . = ALIGN (0x4)
 *crtbegin.o(.dtors)
 *(EXCLUDE_FILE(*crtend.o) .dtors)
 *(SORT(.dtors.*))
 *crtend.o(.dtors)
                0x00000fbc                . = ALIGN (0x4)
                0x00000fbc                __cy_regions = .
                0x00000fbc        0x4 LONG 0xfd0 __cy_region_init_ram
                0x00000fc0        0x4 LONG 0x200000c8 __cy_region_start_data
                0x00000fc4        0x4 LONG 0x18 __cy_region_init_size_ram
                0x00000fc8        0x4 LONG 0x28 __cy_region_zero_size_ram
                0x00000fcc                __cy_regions_end = .
                0x00000fd0                . = ALIGN (0x8)
 *fill*         0x00000fcc        0x4 
                0x00000fd0                _etext = .

.ramvectors     0x20000000       0xc0
                0x20000000                __cy_region_start_ram = .
 *(.ramvectors)
 .ramvectors    0x20000000       0xc0 .\CortexM0\ARM_GCC_484\Debug\Cm0Start.o
                0x20000000                CyRamVectors

.noinit         0x200000c0        0x4
 *(.noinit)
 .noinit        0x200000c0        0x4 .\CortexM0\ARM_GCC_484\Debug\Cm0Start.o

.data           0x200000c8       0x18 load address 0x00000fd0
                0x200000c8                __cy_region_start_data = .
 *(.jcr)
 .jcr           0x200000c8        0x0 c:/program files (x86)/cypress/psoc creator/3.1/psoc creator/import/gnu_cs/arm/4.8.4/bin/../lib/gcc/arm-none-eabi/4.8.4/armv6-m/crtbegin.o
 .jcr           0x200000c8        0x4 c:/program files (x86)/cypress/psoc creator/3.1/psoc creator/import/gnu_cs/arm/4.8.4/bin/../lib/gcc/arm-none-eabi/4.8.4/armv6-m/crtend.o
 *(.got.plt)
 *(.got)
 *(.shdata)
 *(.data .data.* .gnu.linkonce.d.*)
 .data          0x200000cc        0x4 .\CortexM0\ARM_GCC_484\Debug\Dynamixel_Servo_Driver.a(cyfitter_cfg.o)
 .data          0x200000d0       0x10 .\CortexM0\ARM_GCC_484\Debug\Dynamixel_Servo_Driver.a(CyLib.o)
                0x200000d0                cydelayFreqHz
                0x200000d4                cydelayFreqKhz
                0x200000d8                cydelayFreqMhz
                0x200000dc                cydelay32kMs
                0x200000e0                . = ALIGN (0x8)
 *(.ram)
                0x200000e0                _edata = .

.igot.plt       0x200000e0        0x0 load address 0x00000fe8
 .igot.plt      0x00000000        0x0 c:/program files (x86)/cypress/psoc creator/3.1/psoc creator/import/gnu_cs/arm/4.8.4/bin/../lib/gcc/arm-none-eabi/4.8.4/armv6-m/crtbegin.o

.bss            0x200000e0       0x28 load address 0x00000fe8
                0x200000e0                PROVIDE (__bss_start__, .)
 *(.shbss)
 *(.bss .bss.* .gnu.linkonce.b.*)
 .bss           0x200000e0       0x1c c:/program files (x86)/cypress/psoc creator/3.1/psoc creator/import/gnu_cs/arm/4.8.4/bin/../lib/gcc/arm-none-eabi/4.8.4/armv6-m/crtbegin.o
 .bss           0x200000fc        0x2 .\CortexM0\ARM_GCC_484\Debug\Dynamixel_Servo_Driver.a(UART_1.o)
                0x200000fc                UART_1_initVar
 .bss           0x200000fe        0x1 .\CortexM0\ARM_GCC_484\Debug\Dynamixel_Servo_Driver.a(Timer_1.o)
                0x200000fe                Timer_1_initVar
 .bss           0x200000ff        0x1 .\CortexM0\ARM_GCC_484\Debug\Dynamixel_Servo_Driver.a(Timer_2.o)
                0x200000ff                Timer_2_initVar
 .bss           0x20000100        0x8 .\CortexM0\ARM_GCC_484\Debug\Dynamixel_Servo_Driver.a(UART_2.o)
                0x20000100                UART_2_initVar
                0x20000104                UART_2_customIntrHandler
 *(COMMON)
                0x20000108                . = ALIGN (0x8)
 *(.ram.b)
                0x20000108                _end = .
                0x20000108                __end = .
                0x20000108                PROVIDE (end, .)
                0x20000108                PROVIDE (__bss_end__, .)
                0x00000fd0                __cy_region_init_ram = LOADADDR (.data)
                0x00000018                __cy_region_init_size_ram = (_edata - ADDR (.data))
                0x00000028                __cy_region_zero_size_ram = (_end - _edata)

.heap           0x20000108      0x100 load address 0x00000fe8
                0x20000108                . = _end
                0x20000208                . = (. + 0x100)
 *fill*         0x20000108      0x100 
                0x20000208                __cy_heap_limit = .

.stack          0x20000c00      0x400
                0x20000c00                __cy_stack_limit = .
                0x20001000                . = (. + 0x400)
 *fill*         0x20000c00      0x400 
                0x00000001                ASSERT ((__cy_stack_limit >= __cy_heap_limit), region RAM overflowed with stack)

.cyloadermeta
 *(.cyloadermeta)

.cyloadablemeta
 *(.cyloadablemeta)

.cyflashprotect
                0x90400000       0x20
 *(.cyflashprotect)
 .cyflashprotect
                0x90400000       0x20 .\CortexM0\ARM_GCC_484\Debug\cymetadata.o
                0x90400000                cy_meta_flashprotect

.cymeta         0x90500000        0xc
 *(.cymeta)
 .cymeta        0x90500000        0xc .\CortexM0\ARM_GCC_484\Debug\cymetadata.o
                0x90500000                cy_metadata

.cychipprotect  0x90600000        0x4
 *(.cychipprotect)
 .cychipprotect
                0x90600000        0x4 .\CortexM0\ARM_GCC_484\Debug\cymetadata.o
                0x90600000                cy_meta_chipprotect

.rel.dyn        0x00000fe8        0x0 load address 0x90600004
 .rel.iplt      0x00000000        0x0 c:/program files (x86)/cypress/psoc creator/3.1/psoc creator/import/gnu_cs/arm/4.8.4/bin/../lib/gcc/arm-none-eabi/4.8.4/armv6-m/crtbegin.o

.stab
 *(.stab)

.stabstr
 *(.stabstr)

.debug
 *(.debug)

.line
 *(.line)

.debug_srcinfo
 *(.debug_srcinfo)

.debug_sfnames
 *(.debug_sfnames)

.debug_aranges  0x00000000      0x830
 *(.debug_aranges)
 .debug_aranges
                0x00000000       0x48 .\CortexM0\ARM_GCC_484\Debug\main.o
 .debug_aranges
                0x00000048       0x18 .\CortexM0\ARM_GCC_484\Debug\cymetadata.o
 .debug_aranges
                0x00000060       0x48 .\CortexM0\ARM_GCC_484\Debug\Cm0Start.o
 .debug_aranges
                0x000000a8       0x58 .\CortexM0\ARM_GCC_484\Debug\Dynamixel_Servo_Driver.a(cyfitter_cfg.o)
 .debug_aranges
                0x00000100       0x40 .\CortexM0\ARM_GCC_484\Debug\Dynamixel_Servo_Driver.a(LED.o)
 .debug_aranges
                0x00000140       0xa0 .\CortexM0\ARM_GCC_484\Debug\Dynamixel_Servo_Driver.a(UART_1.o)
 .debug_aranges
                0x000001e0      0x158 .\CortexM0\ARM_GCC_484\Debug\Dynamixel_Servo_Driver.a(Timer_1.o)
 .debug_aranges
                0x00000338      0x158 .\CortexM0\ARM_GCC_484\Debug\Dynamixel_Servo_Driver.a(Timer_2.o)
 .debug_aranges
                0x00000490       0x40 .\CortexM0\ARM_GCC_484\Debug\Dynamixel_Servo_Driver.a(UART_1_IntClock.o)
 .debug_aranges
                0x000004d0       0x20 .\CortexM0\ARM_GCC_484\Debug\Dynamixel_Servo_Driver.a(CyBootAsmGnu.o)
 .debug_aranges
                0x000004f0      0x230 .\CortexM0\ARM_GCC_484\Debug\Dynamixel_Servo_Driver.a(CyLib.o)
 .debug_aranges
                0x00000720       0x68 .\CortexM0\ARM_GCC_484\Debug\Dynamixel_Servo_Driver.a(UART_2.o)
 .debug_aranges
                0x00000788       0x40 .\CortexM0\ARM_GCC_484\Debug\Dynamixel_Servo_Driver.a(UART_2_UART.o)
 .debug_aranges
                0x000007c8       0x48 .\CortexM0\ARM_GCC_484\Debug\Dynamixel_Servo_Driver.a(UART_2_SPI_UART.o)
 .debug_aranges
                0x00000810       0x20 .\CortexM0\ARM_GCC_484\Debug\Dynamixel_Servo_Driver.a(UART_2_SPI_UART_INT.o)

.debug_pubnames
 *(.debug_pubnames)

.debug_info     0x00000000     0x315f
 *(.debug_info .gnu.linkonce.wi.*)
 .debug_info    0x00000000      0x239 .\CortexM0\ARM_GCC_484\Debug\main.o
 .debug_info    0x00000239       0xfd .\CortexM0\ARM_GCC_484\Debug\cymetadata.o
 .debug_info    0x00000336      0x2ff .\CortexM0\ARM_GCC_484\Debug\Cm0Start.o
 .debug_info    0x00000635      0x453 .\CortexM0\ARM_GCC_484\Debug\Dynamixel_Servo_Driver.a(cyfitter_cfg.o)
 .debug_info    0x00000a88      0x14c .\CortexM0\ARM_GCC_484\Debug\Dynamixel_Servo_Driver.a(LED.o)
 .debug_info    0x00000bd4      0x375 .\CortexM0\ARM_GCC_484\Debug\Dynamixel_Servo_Driver.a(UART_1.o)
 .debug_info    0x00000f49      0x6f0 .\CortexM0\ARM_GCC_484\Debug\Dynamixel_Servo_Driver.a(Timer_1.o)
 .debug_info    0x00001639      0x6f0 .\CortexM0\ARM_GCC_484\Debug\Dynamixel_Servo_Driver.a(Timer_2.o)
 .debug_info    0x00001d29      0x14d .\CortexM0\ARM_GCC_484\Debug\Dynamixel_Servo_Driver.a(UART_1_IntClock.o)
 .debug_info    0x00001e76       0xa9 .\CortexM0\ARM_GCC_484\Debug\Dynamixel_Servo_Driver.a(CyBootAsmGnu.o)
 .debug_info    0x00001f1f      0xc5b .\CortexM0\ARM_GCC_484\Debug\Dynamixel_Servo_Driver.a(CyLib.o)
 .debug_info    0x00002b7a      0x1eb .\CortexM0\ARM_GCC_484\Debug\Dynamixel_Servo_Driver.a(UART_2.o)
 .debug_info    0x00002d65      0x197 .\CortexM0\ARM_GCC_484\Debug\Dynamixel_Servo_Driver.a(UART_2_UART.o)
 .debug_info    0x00002efc      0x1ac .\CortexM0\ARM_GCC_484\Debug\Dynamixel_Servo_Driver.a(UART_2_SPI_UART.o)
 .debug_info    0x000030a8       0xb7 .\CortexM0\ARM_GCC_484\Debug\Dynamixel_Servo_Driver.a(UART_2_SPI_UART_INT.o)

.debug_abbrev   0x00000000      0xef3
 *(.debug_abbrev)
 .debug_abbrev  0x00000000       0xcb .\CortexM0\ARM_GCC_484\Debug\main.o
 .debug_abbrev  0x000000cb       0x5d .\CortexM0\ARM_GCC_484\Debug\cymetadata.o
 .debug_abbrev  0x00000128      0x1b4 .\CortexM0\ARM_GCC_484\Debug\Cm0Start.o
 .debug_abbrev  0x000002dc      0x18a .\CortexM0\ARM_GCC_484\Debug\Dynamixel_Servo_Driver.a(cyfitter_cfg.o)
 .debug_abbrev  0x00000466       0xb7 .\CortexM0\ARM_GCC_484\Debug\Dynamixel_Servo_Driver.a(LED.o)
 .debug_abbrev  0x0000051d      0x156 .\CortexM0\ARM_GCC_484\Debug\Dynamixel_Servo_Driver.a(UART_1.o)
 .debug_abbrev  0x00000673      0x109 .\CortexM0\ARM_GCC_484\Debug\Dynamixel_Servo_Driver.a(Timer_1.o)
 .debug_abbrev  0x0000077c      0x109 .\CortexM0\ARM_GCC_484\Debug\Dynamixel_Servo_Driver.a(Timer_2.o)
 .debug_abbrev  0x00000885       0xb5 .\CortexM0\ARM_GCC_484\Debug\Dynamixel_Servo_Driver.a(UART_1_IntClock.o)
 .debug_abbrev  0x0000093a       0x14 .\CortexM0\ARM_GCC_484\Debug\Dynamixel_Servo_Driver.a(CyBootAsmGnu.o)
 .debug_abbrev  0x0000094e      0x207 .\CortexM0\ARM_GCC_484\Debug\Dynamixel_Servo_Driver.a(CyLib.o)
 .debug_abbrev  0x00000b55      0x138 .\CortexM0\ARM_GCC_484\Debug\Dynamixel_Servo_Driver.a(UART_2.o)
 .debug_abbrev  0x00000c8d       0xdd .\CortexM0\ARM_GCC_484\Debug\Dynamixel_Servo_Driver.a(UART_2_UART.o)
 .debug_abbrev  0x00000d6a      0x119 .\CortexM0\ARM_GCC_484\Debug\Dynamixel_Servo_Driver.a(UART_2_SPI_UART.o)
 .debug_abbrev  0x00000e83       0x70 .\CortexM0\ARM_GCC_484\Debug\Dynamixel_Servo_Driver.a(UART_2_SPI_UART_INT.o)

.debug_line     0x00000000     0x19e4
 *(.debug_line)
 .debug_line    0x00000000      0x109 .\CortexM0\ARM_GCC_484\Debug\main.o
 .debug_line    0x00000109       0x53 .\CortexM0\ARM_GCC_484\Debug\cymetadata.o
 .debug_line    0x0000015c      0x1bb .\CortexM0\ARM_GCC_484\Debug\Cm0Start.o
 .debug_line    0x00000317      0x1bb .\CortexM0\ARM_GCC_484\Debug\Dynamixel_Servo_Driver.a(cyfitter_cfg.o)
 .debug_line    0x000004d2       0xa9 .\CortexM0\ARM_GCC_484\Debug\Dynamixel_Servo_Driver.a(LED.o)
 .debug_line    0x0000057b      0x205 .\CortexM0\ARM_GCC_484\Debug\Dynamixel_Servo_Driver.a(UART_1.o)
 .debug_line    0x00000780      0x36f .\CortexM0\ARM_GCC_484\Debug\Dynamixel_Servo_Driver.a(Timer_1.o)
 .debug_line    0x00000aef      0x36f .\CortexM0\ARM_GCC_484\Debug\Dynamixel_Servo_Driver.a(Timer_2.o)
 .debug_line    0x00000e5e       0xb8 .\CortexM0\ARM_GCC_484\Debug\Dynamixel_Servo_Driver.a(UART_1_IntClock.o)
 .debug_line    0x00000f16       0x69 .\CortexM0\ARM_GCC_484\Debug\Dynamixel_Servo_Driver.a(CyBootAsmGnu.o)
 .debug_line    0x00000f7f      0x703 .\CortexM0\ARM_GCC_484\Debug\Dynamixel_Servo_Driver.a(CyLib.o)
 .debug_line    0x00001682      0x124 .\CortexM0\ARM_GCC_484\Debug\Dynamixel_Servo_Driver.a(UART_2.o)
 .debug_line    0x000017a6       0xd3 .\CortexM0\ARM_GCC_484\Debug\Dynamixel_Servo_Driver.a(UART_2_UART.o)
 .debug_line    0x00001879       0xe8 .\CortexM0\ARM_GCC_484\Debug\Dynamixel_Servo_Driver.a(UART_2_SPI_UART.o)
 .debug_line    0x00001961       0x83 .\CortexM0\ARM_GCC_484\Debug\Dynamixel_Servo_Driver.a(UART_2_SPI_UART_INT.o)

.debug_frame    0x00000000     0x1c7c
 *(.debug_frame)
 .debug_frame   0x00000000       0xd0 .\CortexM0\ARM_GCC_484\Debug\main.o
 .debug_frame   0x000000d0       0xc8 .\CortexM0\ARM_GCC_484\Debug\Cm0Start.o
 .debug_frame   0x00000198      0x108 .\CortexM0\ARM_GCC_484\Debug\Dynamixel_Servo_Driver.a(cyfitter_cfg.o)
 .debug_frame   0x000002a0       0xa8 .\CortexM0\ARM_GCC_484\Debug\Dynamixel_Servo_Driver.a(LED.o)
 .debug_frame   0x00000348      0x22c .\CortexM0\ARM_GCC_484\Debug\Dynamixel_Servo_Driver.a(UART_1.o)
 .debug_frame   0x00000574      0x52c .\CortexM0\ARM_GCC_484\Debug\Dynamixel_Servo_Driver.a(Timer_1.o)
 .debug_frame   0x00000aa0      0x52c .\CortexM0\ARM_GCC_484\Debug\Dynamixel_Servo_Driver.a(Timer_2.o)
 .debug_frame   0x00000fcc       0xa0 .\CortexM0\ARM_GCC_484\Debug\Dynamixel_Servo_Driver.a(UART_1_IntClock.o)
 .debug_frame   0x0000106c      0x83c .\CortexM0\ARM_GCC_484\Debug\Dynamixel_Servo_Driver.a(CyLib.o)
 .debug_frame   0x000018a8      0x134 .\CortexM0\ARM_GCC_484\Debug\Dynamixel_Servo_Driver.a(UART_2.o)
 .debug_frame   0x000019dc       0xac .\CortexM0\ARM_GCC_484\Debug\Dynamixel_Servo_Driver.a(UART_2_UART.o)
 .debug_frame   0x00001a88       0xcc .\CortexM0\ARM_GCC_484\Debug\Dynamixel_Servo_Driver.a(UART_2_SPI_UART.o)
 .debug_frame   0x00001b54       0x2c .\CortexM0\ARM_GCC_484\Debug\Dynamixel_Servo_Driver.a(UART_2_SPI_UART_INT.o)
 .debug_frame   0x00001b80       0x20 c:/program files (x86)/cypress/psoc creator/3.1/psoc creator/import/gnu_cs/arm/4.8.4/bin/../lib/gcc/arm-none-eabi/4.8.4/armv6-m\libgcc.a(_udivsi3.o)
 .debug_frame   0x00001ba0       0x20 c:/program files (x86)/cypress/psoc creator/3.1/psoc creator/import/gnu_cs/arm/4.8.4/bin/../lib/gcc/arm-none-eabi/4.8.4/armv6-m\libgcc.a(_divsi3.o)
 .debug_frame   0x00001bc0       0x20 c:/program files (x86)/cypress/psoc creator/3.1/psoc creator/import/gnu_cs/arm/4.8.4/bin/../lib/gcc/arm-none-eabi/4.8.4/../../../../arm-none-eabi/lib/armv6-m\libg_s.a(lib_a-errno.o)
 .debug_frame   0x00001be0       0x28 c:/program files (x86)/cypress/psoc creator/3.1/psoc creator/import/gnu_cs/arm/4.8.4/bin/../lib/gcc/arm-none-eabi/4.8.4/../../../../arm-none-eabi/lib/armv6-m\libg_s.a(lib_a-exit.o)
 .debug_frame   0x00001c08       0x2c c:/program files (x86)/cypress/psoc creator/3.1/psoc creator/import/gnu_cs/arm/4.8.4/bin/../lib/gcc/arm-none-eabi/4.8.4/../../../../arm-none-eabi/lib/armv6-m\libg_s.a(lib_a-init.o)
 .debug_frame   0x00001c34       0x28 c:/program files (x86)/cypress/psoc creator/3.1/psoc creator/import/gnu_cs/arm/4.8.4/bin/../lib/gcc/arm-none-eabi/4.8.4/../../../../arm-none-eabi/lib/armv6-m\libg_s.a(lib_a-memcpy-stub.o)
 .debug_frame   0x00001c5c       0x20 c:/program files (x86)/cypress/psoc creator/3.1/psoc creator/import/gnu_cs/arm/4.8.4/bin/../lib/gcc/arm-none-eabi/4.8.4/../../../../arm-none-eabi/lib/armv6-m\libg_s.a(lib_a-memset.o)

.debug_str      0x00000000     0x1a3c
 *(.debug_str)
 .debug_str     0x00000000      0x1dd .\CortexM0\ARM_GCC_484\Debug\main.o
                                0x21e (size before relaxing)
 .debug_str     0x000001dd       0x5b .\CortexM0\ARM_GCC_484\Debug\cymetadata.o
                                0x1d5 (size before relaxing)
 .debug_str     0x00000238      0x13c .\CortexM0\ARM_GCC_484\Debug\Cm0Start.o
                                0x2c3 (size before relaxing)
 .debug_str     0x00000374      0x199 .\CortexM0\ARM_GCC_484\Debug\Dynamixel_Servo_Driver.a(cyfitter_cfg.o)
                                0x363 (size before relaxing)
 .debug_str     0x0000050d       0x7e .\CortexM0\ARM_GCC_484\Debug\Dynamixel_Servo_Driver.a(LED.o)
                                0x202 (size before relaxing)
 .debug_str     0x0000058b      0x1e2 .\CortexM0\ARM_GCC_484\Debug\Dynamixel_Servo_Driver.a(UART_1.o)
                                0x36d (size before relaxing)
 .debug_str     0x0000076d      0x429 .\CortexM0\ARM_GCC_484\Debug\Dynamixel_Servo_Driver.a(Timer_1.o)
                                0x5d3 (size before relaxing)
 .debug_str     0x00000b96      0x37d .\CortexM0\ARM_GCC_484\Debug\Dynamixel_Servo_Driver.a(Timer_2.o)
                                0x5d3 (size before relaxing)
 .debug_str     0x00000f13       0xfb .\CortexM0\ARM_GCC_484\Debug\Dynamixel_Servo_Driver.a(UART_1_IntClock.o)
                                0x280 (size before relaxing)
 .debug_str     0x0000100e      0x718 .\CortexM0\ARM_GCC_484\Debug\Dynamixel_Servo_Driver.a(CyLib.o)
                                0x8dc (size before relaxing)
 .debug_str     0x00001726      0x131 .\CortexM0\ARM_GCC_484\Debug\Dynamixel_Servo_Driver.a(UART_2.o)
                                0x2c5 (size before relaxing)
 .debug_str     0x00001857       0xb1 .\CortexM0\ARM_GCC_484\Debug\Dynamixel_Servo_Driver.a(UART_2_UART.o)
                                0x258 (size before relaxing)
 .debug_str     0x00001908       0xf1 .\CortexM0\ARM_GCC_484\Debug\Dynamixel_Servo_Driver.a(UART_2_SPI_UART.o)
                                0x283 (size before relaxing)
 .debug_str     0x000019f9       0x43 .\CortexM0\ARM_GCC_484\Debug\Dynamixel_Servo_Driver.a(UART_2_SPI_UART_INT.o)
                                0x1dd (size before relaxing)

.debug_loc
 *(.debug_loc)

.debug_macinfo
 *(.debug_macinfo)

.debug_ranges   0x00000000      0x728
 *(.debug_ranges)
 .debug_ranges  0x00000000       0x38 .\CortexM0\ARM_GCC_484\Debug\main.o
 .debug_ranges  0x00000038       0x38 .\CortexM0\ARM_GCC_484\Debug\Cm0Start.o
 .debug_ranges  0x00000070       0x48 .\CortexM0\ARM_GCC_484\Debug\Dynamixel_Servo_Driver.a(cyfitter_cfg.o)
 .debug_ranges  0x000000b8       0x30 .\CortexM0\ARM_GCC_484\Debug\Dynamixel_Servo_Driver.a(LED.o)
 .debug_ranges  0x000000e8       0x90 .\CortexM0\ARM_GCC_484\Debug\Dynamixel_Servo_Driver.a(UART_1.o)
 .debug_ranges  0x00000178      0x148 .\CortexM0\ARM_GCC_484\Debug\Dynamixel_Servo_Driver.a(Timer_1.o)
 .debug_ranges  0x000002c0      0x148 .\CortexM0\ARM_GCC_484\Debug\Dynamixel_Servo_Driver.a(Timer_2.o)
 .debug_ranges  0x00000408       0x30 .\CortexM0\ARM_GCC_484\Debug\Dynamixel_Servo_Driver.a(UART_1_IntClock.o)
 .debug_ranges  0x00000438      0x220 .\CortexM0\ARM_GCC_484\Debug\Dynamixel_Servo_Driver.a(CyLib.o)
 .debug_ranges  0x00000658       0x58 .\CortexM0\ARM_GCC_484\Debug\Dynamixel_Servo_Driver.a(UART_2.o)
 .debug_ranges  0x000006b0       0x30 .\CortexM0\ARM_GCC_484\Debug\Dynamixel_Servo_Driver.a(UART_2_UART.o)
 .debug_ranges  0x000006e0       0x38 .\CortexM0\ARM_GCC_484\Debug\Dynamixel_Servo_Driver.a(UART_2_SPI_UART.o)
 .debug_ranges  0x00000718       0x10 .\CortexM0\ARM_GCC_484\Debug\Dynamixel_Servo_Driver.a(UART_2_SPI_UART_INT.o)

.comment        0x00000000       0x70
 .comment       0x00000000       0x70 .\CortexM0\ARM_GCC_484\Debug\main.o
                                 0x71 (size before relaxing)
 .comment       0x00000000       0x71 .\CortexM0\ARM_GCC_484\Debug\cymetadata.o
 .comment       0x00000000       0x71 .\CortexM0\ARM_GCC_484\Debug\Cm0Start.o
 .comment       0x00000000       0x71 .\CortexM0\ARM_GCC_484\Debug\Dynamixel_Servo_Driver.a(cyfitter_cfg.o)
 .comment       0x00000000       0x71 .\CortexM0\ARM_GCC_484\Debug\Dynamixel_Servo_Driver.a(LED.o)
 .comment       0x00000000       0x71 .\CortexM0\ARM_GCC_484\Debug\Dynamixel_Servo_Driver.a(UART_1.o)
 .comment       0x00000000       0x71 .\CortexM0\ARM_GCC_484\Debug\Dynamixel_Servo_Driver.a(Timer_1.o)
 .comment       0x00000000       0x71 .\CortexM0\ARM_GCC_484\Debug\Dynamixel_Servo_Driver.a(Timer_2.o)
 .comment       0x00000000       0x71 .\CortexM0\ARM_GCC_484\Debug\Dynamixel_Servo_Driver.a(UART_1_IntClock.o)
 .comment       0x00000000       0x71 .\CortexM0\ARM_GCC_484\Debug\Dynamixel_Servo_Driver.a(CyLib.o)
 .comment       0x00000000       0x71 .\CortexM0\ARM_GCC_484\Debug\Dynamixel_Servo_Driver.a(UART_2.o)
 .comment       0x00000000       0x71 .\CortexM0\ARM_GCC_484\Debug\Dynamixel_Servo_Driver.a(UART_2_UART.o)
 .comment       0x00000000       0x71 .\CortexM0\ARM_GCC_484\Debug\Dynamixel_Servo_Driver.a(UART_2_SPI_UART.o)
 .comment       0x00000000       0x71 .\CortexM0\ARM_GCC_484\Debug\Dynamixel_Servo_Driver.a(UART_2_SPI_UART_INT.o)

.debug_weaknames
 *(.debug_weaknames)

.debug_funcnames
 *(.debug_funcnames)

.debug_typenames
 *(.debug_typenames)

.debug_varnames
 *(.debug_varnames)

.note.gnu.arm.ident
 *(.note.gnu.arm.ident)

.ARM.attributes
                0x00000000       0x28
 *(.ARM.attributes)
 .ARM.attributes
                0x00000000       0x1e c:/program files (x86)/cypress/psoc creator/3.1/psoc creator/import/gnu_cs/arm/4.8.4/bin/../lib/gcc/arm-none-eabi/4.8.4/armv6-m/crti.o
 .ARM.attributes
                0x0000001e       0x2c c:/program files (x86)/cypress/psoc creator/3.1/psoc creator/import/gnu_cs/arm/4.8.4/bin/../lib/gcc/arm-none-eabi/4.8.4/armv6-m/crtbegin.o
 .ARM.attributes
                0x0000004a       0x1b c:/program files (x86)/cypress/psoc creator/3.1/psoc creator/import/gnu_cs/arm/4.8.4/bin/../lib/gcc/arm-none-eabi/4.8.4/../../../../arm-none-eabi/lib/armv6-m/crt0.o
 .ARM.attributes
                0x00000065       0x31 .\CortexM0\ARM_GCC_484\Debug\main.o
 .ARM.attributes
                0x00000096       0x31 .\CortexM0\ARM_GCC_484\Debug\cymetadata.o
 .ARM.attributes
                0x000000c7       0x31 .\CortexM0\ARM_GCC_484\Debug\Cm0Start.o
 .ARM.attributes
                0x000000f8       0x31 .\CortexM0\ARM_GCC_484\Debug\Dynamixel_Servo_Driver.a(cyfitter_cfg.o)
 .ARM.attributes
                0x00000129       0x31 .\CortexM0\ARM_GCC_484\Debug\Dynamixel_Servo_Driver.a(LED.o)
 .ARM.attributes
                0x0000015a       0x31 .\CortexM0\ARM_GCC_484\Debug\Dynamixel_Servo_Driver.a(UART_1.o)
 .ARM.attributes
                0x0000018b       0x31 .\CortexM0\ARM_GCC_484\Debug\Dynamixel_Servo_Driver.a(Timer_1.o)
 .ARM.attributes
                0x000001bc       0x31 .\CortexM0\ARM_GCC_484\Debug\Dynamixel_Servo_Driver.a(Timer_2.o)
 .ARM.attributes
                0x000001ed       0x31 .\CortexM0\ARM_GCC_484\Debug\Dynamixel_Servo_Driver.a(UART_1_IntClock.o)
 .ARM.attributes
                0x0000021e       0x21 .\CortexM0\ARM_GCC_484\Debug\Dynamixel_Servo_Driver.a(CyBootAsmGnu.o)
 .ARM.attributes
                0x0000023f       0x31 .\CortexM0\ARM_GCC_484\Debug\Dynamixel_Servo_Driver.a(CyLib.o)
 .ARM.attributes
                0x00000270       0x31 .\CortexM0\ARM_GCC_484\Debug\Dynamixel_Servo_Driver.a(UART_2.o)
 .ARM.attributes
                0x000002a1       0x31 .\CortexM0\ARM_GCC_484\Debug\Dynamixel_Servo_Driver.a(UART_2_UART.o)
 .ARM.attributes
                0x000002d2       0x31 .\CortexM0\ARM_GCC_484\Debug\Dynamixel_Servo_Driver.a(UART_2_SPI_UART.o)
 .ARM.attributes
                0x00000303       0x31 .\CortexM0\ARM_GCC_484\Debug\Dynamixel_Servo_Driver.a(UART_2_SPI_UART_INT.o)
 .ARM.attributes
                0x00000334       0x1e c:/program files (x86)/cypress/psoc creator/3.1/psoc creator/import/gnu_cs/arm/4.8.4/bin/../lib/gcc/arm-none-eabi/4.8.4/armv6-m\libgcc.a(_udivsi3.o)
 .ARM.attributes
                0x00000352       0x1e c:/program files (x86)/cypress/psoc creator/3.1/psoc creator/import/gnu_cs/arm/4.8.4/bin/../lib/gcc/arm-none-eabi/4.8.4/armv6-m\libgcc.a(_divsi3.o)
 .ARM.attributes
                0x00000370       0x1e c:/program files (x86)/cypress/psoc creator/3.1/psoc creator/import/gnu_cs/arm/4.8.4/bin/../lib/gcc/arm-none-eabi/4.8.4/armv6-m\libgcc.a(_dvmd_tls.o)
 .ARM.attributes
                0x0000038e       0x2c c:/program files (x86)/cypress/psoc creator/3.1/psoc creator/import/gnu_cs/arm/4.8.4/bin/../lib/gcc/arm-none-eabi/4.8.4/../../../../arm-none-eabi/lib/armv6-m\libg_s.a(lib_a-errno.o)
 .ARM.attributes
                0x000003ba       0x2c c:/program files (x86)/cypress/psoc creator/3.1/psoc creator/import/gnu_cs/arm/4.8.4/bin/../lib/gcc/arm-none-eabi/4.8.4/../../../../arm-none-eabi/lib/armv6-m\libg_s.a(lib_a-exit.o)
 .ARM.attributes
                0x000003e6       0x2c c:/program files (x86)/cypress/psoc creator/3.1/psoc creator/import/gnu_cs/arm/4.8.4/bin/../lib/gcc/arm-none-eabi/4.8.4/../../../../arm-none-eabi/lib/armv6-m\libg_s.a(lib_a-impure.o)
 .ARM.attributes
                0x00000412       0x2c c:/program files (x86)/cypress/psoc creator/3.1/psoc creator/import/gnu_cs/arm/4.8.4/bin/../lib/gcc/arm-none-eabi/4.8.4/../../../../arm-none-eabi/lib/armv6-m\libg_s.a(lib_a-init.o)
 .ARM.attributes
                0x0000043e       0x2c c:/program files (x86)/cypress/psoc creator/3.1/psoc creator/import/gnu_cs/arm/4.8.4/bin/../lib/gcc/arm-none-eabi/4.8.4/../../../../arm-none-eabi/lib/armv6-m\libg_s.a(lib_a-memcpy-stub.o)
 .ARM.attributes
                0x0000046a       0x2c c:/program files (x86)/cypress/psoc creator/3.1/psoc creator/import/gnu_cs/arm/4.8.4/bin/../lib/gcc/arm-none-eabi/4.8.4/../../../../arm-none-eabi/lib/armv6-m\libg_s.a(lib_a-memset.o)
 .ARM.attributes
                0x00000496       0x2c c:/program files (x86)/cypress/psoc creator/3.1/psoc creator/import/gnu_cs/arm/4.8.4/bin/../lib/gcc/arm-none-eabi/4.8.4/armv6-m/crtend.o
 .ARM.attributes
                0x000004c2       0x1e c:/program files (x86)/cypress/psoc creator/3.1/psoc creator/import/gnu_cs/arm/4.8.4/bin/../lib/gcc/arm-none-eabi/4.8.4/armv6-m/crtn.o

/DISCARD/
 *(.note.GNU-stack)
OUTPUT(.\CortexM0\ARM_GCC_484\Debug\Dynamixel_Servo_Driver.elf elf32-littlearm)
