Archive member included because of file (symbol)

.\CortexM0\ARM_GCC_484\Debug\arm_controller_v2.a(cyfitter_cfg.o)
                              .\CortexM0\ARM_GCC_484\Debug\Cm0Start.o (cyfitter_cfg)
.\CortexM0\ARM_GCC_484\Debug\arm_controller_v2.a(Clock_counter.o)
                              .\CortexM0\ARM_GCC_484\Debug\main.o (Clock_counter_Start)
.\CortexM0\ARM_GCC_484\Debug\arm_controller_v2.a(Clock_pwm.o)
                              .\CortexM0\ARM_GCC_484\Debug\main.o (Clock_pwm_Start)
.\CortexM0\ARM_GCC_484\Debug\arm_controller_v2.a(isr_1.o)
                              .\CortexM0\ARM_GCC_484\Debug\main.o (isr_1_StartEx)
.\CortexM0\ARM_GCC_484\Debug\arm_controller_v2.a(PWM_1.o)
                              .\CortexM0\ARM_GCC_484\Debug\main.o (PWM_1_Start)
.\CortexM0\ARM_GCC_484\Debug\arm_controller_v2.a(Timer_1.o)
                              .\CortexM0\ARM_GCC_484\Debug\main.o (Timer_1_Start)
.\CortexM0\ARM_GCC_484\Debug\arm_controller_v2.a(CyBootAsmGnu.o)
                              .\CortexM0\ARM_GCC_484\Debug\arm_controller_v2.a(cyfitter_cfg.o) (CyDelayCycles)
.\CortexM0\ARM_GCC_484\Debug\arm_controller_v2.a(CyLib.o)
                              .\CortexM0\ARM_GCC_484\Debug\arm_controller_v2.a(cyfitter_cfg.o) (CyDelayUs)
c:/program files (x86)/cypress/psoc creator/3.1/psoc creator/import/gnu_cs/arm/4.8.4/bin/../lib/gcc/arm-none-eabi/4.8.4/armv6-m\libgcc.a(_udivsi3.o)
                              .\CortexM0\ARM_GCC_484\Debug\main.o (__aeabi_uidiv)
c:/program files (x86)/cypress/psoc creator/3.1/psoc creator/import/gnu_cs/arm/4.8.4/bin/../lib/gcc/arm-none-eabi/4.8.4/armv6-m\libgcc.a(_divsi3.o)
                              .\CortexM0\ARM_GCC_484\Debug\Cm0Start.o (__aeabi_idiv)
c:/program files (x86)/cypress/psoc creator/3.1/psoc creator/import/gnu_cs/arm/4.8.4/bin/../lib/gcc/arm-none-eabi/4.8.4/armv6-m\libgcc.a(_dvmd_tls.o)
                              c:/program files (x86)/cypress/psoc creator/3.1/psoc creator/import/gnu_cs/arm/4.8.4/bin/../lib/gcc/arm-none-eabi/4.8.4/armv6-m\libgcc.a(_udivsi3.o) (__aeabi_idiv0)
c:/program files (x86)/cypress/psoc creator/3.1/psoc creator/import/gnu_cs/arm/4.8.4/bin/../lib/gcc/arm-none-eabi/4.8.4/../../../../arm-none-eabi/lib/armv6-m\libg_s.a(lib_a-errno.o)
                              .\CortexM0\ARM_GCC_484\Debug\Cm0Start.o (__errno)
c:/program files (x86)/cypress/psoc creator/3.1/psoc creator/import/gnu_cs/arm/4.8.4/bin/../lib/gcc/arm-none-eabi/4.8.4/../../../../arm-none-eabi/lib/armv6-m\libg_s.a(lib_a-exit.o)
                              c:/program files (x86)/cypress/psoc creator/3.1/psoc creator/import/gnu_cs/arm/4.8.4/bin/../lib/gcc/arm-none-eabi/4.8.4/../../../../arm-none-eabi/lib/armv6-m/crt0.o (exit)
c:/program files (x86)/cypress/psoc creator/3.1/psoc creator/import/gnu_cs/arm/4.8.4/bin/../lib/gcc/arm-none-eabi/4.8.4/../../../../arm-none-eabi/lib/armv6-m\libg_s.a(lib_a-impure.o)
                              c:/program files (x86)/cypress/psoc creator/3.1/psoc creator/import/gnu_cs/arm/4.8.4/bin/../lib/gcc/arm-none-eabi/4.8.4/../../../../arm-none-eabi/lib/armv6-m\libg_s.a(lib_a-exit.o) (_global_impure_ptr)
c:/program files (x86)/cypress/psoc creator/3.1/psoc creator/import/gnu_cs/arm/4.8.4/bin/../lib/gcc/arm-none-eabi/4.8.4/../../../../arm-none-eabi/lib/armv6-m\libg_s.a(lib_a-init.o)
                              c:/program files (x86)/cypress/psoc creator/3.1/psoc creator/import/gnu_cs/arm/4.8.4/bin/../lib/gcc/arm-none-eabi/4.8.4/../../../../arm-none-eabi/lib/armv6-m/crt0.o (__libc_init_array)
c:/program files (x86)/cypress/psoc creator/3.1/psoc creator/import/gnu_cs/arm/4.8.4/bin/../lib/gcc/arm-none-eabi/4.8.4/../../../../arm-none-eabi/lib/armv6-m\libg_s.a(lib_a-memcpy-stub.o)
                              .\CortexM0\ARM_GCC_484\Debug\arm_controller_v2.a(cyfitter_cfg.o) (memcpy)
c:/program files (x86)/cypress/psoc creator/3.1/psoc creator/import/gnu_cs/arm/4.8.4/bin/../lib/gcc/arm-none-eabi/4.8.4/../../../../arm-none-eabi/lib/armv6-m\libg_s.a(lib_a-memset.o)
                              c:/program files (x86)/cypress/psoc creator/3.1/psoc creator/import/gnu_cs/arm/4.8.4/bin/../lib/gcc/arm-none-eabi/4.8.4/../../../../arm-none-eabi/lib/armv6-m/crt0.o (memset)
c:/program files (x86)/cypress/psoc creator/3.1/psoc creator/import/gnu_cs/arm/4.8.4/bin/../lib/gcc/arm-none-eabi/4.8.4/../../../../arm-none-eabi/lib/armv6-m\libg_s.a(lib_a-rand.o)
                              .\CortexM0\ARM_GCC_484\Debug\main.o (srand)
c:/program files (x86)/cypress/psoc creator/3.1/psoc creator/import/gnu_cs/arm/4.8.4/bin/../lib/gcc/arm-none-eabi/4.8.4/../../../../arm-none-eabi/lib/armv6-m\libg_s.a(lib_a-time.o)
                              .\CortexM0\ARM_GCC_484\Debug\main.o (time)
c:/program files (x86)/cypress/psoc creator/3.1/psoc creator/import/gnu_cs/arm/4.8.4/bin/../lib/gcc/arm-none-eabi/4.8.4/../../../../arm-none-eabi/lib/armv6-m\libg_s.a(lib_a-gettimeofdayr.o)
                              c:/program files (x86)/cypress/psoc creator/3.1/psoc creator/import/gnu_cs/arm/4.8.4/bin/../lib/gcc/arm-none-eabi/4.8.4/../../../../arm-none-eabi/lib/armv6-m\libg_s.a(lib_a-time.o) (_gettimeofday_r)
c:/program files (x86)/cypress/psoc creator/3.1/psoc creator/import/gnu_cs/arm/4.8.4/bin/../lib/gcc/arm-none-eabi/4.8.4/../../../../arm-none-eabi/lib/armv6-m\libg_s.a(lib_a-malloc.o)
                              c:/program files (x86)/cypress/psoc creator/3.1/psoc creator/import/gnu_cs/arm/4.8.4/bin/../lib/gcc/arm-none-eabi/4.8.4/../../../../arm-none-eabi/lib/armv6-m\libg_s.a(lib_a-rand.o) (malloc)
c:/program files (x86)/cypress/psoc creator/3.1/psoc creator/import/gnu_cs/arm/4.8.4/bin/../lib/gcc/arm-none-eabi/4.8.4/../../../../arm-none-eabi/lib/armv6-m\libg_s.a(lib_a-nano-freer.o)
                              c:/program files (x86)/cypress/psoc creator/3.1/psoc creator/import/gnu_cs/arm/4.8.4/bin/../lib/gcc/arm-none-eabi/4.8.4/../../../../arm-none-eabi/lib/armv6-m\libg_s.a(lib_a-malloc.o) (_free_r)
c:/program files (x86)/cypress/psoc creator/3.1/psoc creator/import/gnu_cs/arm/4.8.4/bin/../lib/gcc/arm-none-eabi/4.8.4/../../../../arm-none-eabi/lib/armv6-m\libg_s.a(lib_a-nano-mallocr.o)
                              c:/program files (x86)/cypress/psoc creator/3.1/psoc creator/import/gnu_cs/arm/4.8.4/bin/../lib/gcc/arm-none-eabi/4.8.4/../../../../arm-none-eabi/lib/armv6-m\libg_s.a(lib_a-malloc.o) (_malloc_r)
c:/program files (x86)/cypress/psoc creator/3.1/psoc creator/import/gnu_cs/arm/4.8.4/bin/../lib/gcc/arm-none-eabi/4.8.4/../../../../arm-none-eabi/lib/armv6-m\libg_s.a(lib_a-reent.o)
                              c:/program files (x86)/cypress/psoc creator/3.1/psoc creator/import/gnu_cs/arm/4.8.4/bin/../lib/gcc/arm-none-eabi/4.8.4/../../../../arm-none-eabi/lib/armv6-m\libg_s.a(lib_a-gettimeofdayr.o) (errno)
c:/program files (x86)/cypress/psoc creator/3.1/psoc creator/import/gnu_cs/arm/4.8.4/bin/../lib/gcc/arm-none-eabi/4.8.4/../../../../arm-none-eabi/lib/armv6-m\libg_s.a(lib_a-sbrkr.o)
                              c:/program files (x86)/cypress/psoc creator/3.1/psoc creator/import/gnu_cs/arm/4.8.4/bin/../lib/gcc/arm-none-eabi/4.8.4/../../../../arm-none-eabi/lib/armv6-m\libg_s.a(lib_a-nano-mallocr.o) (_sbrk_r)
c:/program files (x86)/cypress/psoc creator/3.1/psoc creator/import/gnu_cs/arm/4.8.4/bin/../lib/gcc/arm-none-eabi/4.8.4/armv6-m\libgcc.a(_muldi3.o)
                              c:/program files (x86)/cypress/psoc creator/3.1/psoc creator/import/gnu_cs/arm/4.8.4/bin/../lib/gcc/arm-none-eabi/4.8.4/../../../../arm-none-eabi/lib/armv6-m\libg_s.a(lib_a-rand.o) (__aeabi_lmul)
c:/program files (x86)/cypress/psoc creator/3.1/psoc creator/import/gnu_cs/arm/4.8.4/bin/../lib/gcc/arm-none-eabi/4.8.4/../../../../arm-none-eabi/lib/armv6-m\libnosys.a(gettod.o)
                              c:/program files (x86)/cypress/psoc creator/3.1/psoc creator/import/gnu_cs/arm/4.8.4/bin/../lib/gcc/arm-none-eabi/4.8.4/../../../../arm-none-eabi/lib/armv6-m\libg_s.a(lib_a-gettimeofdayr.o) (_gettimeofday)

Allocating common symbols
Common symbol       size              file

test_array          0x14              .\CortexM0\ARM_GCC_484\Debug\main.o
servo_array         0x28              .\CortexM0\ARM_GCC_484\Debug\main.o
servo1_state        0x1               .\CortexM0\ARM_GCC_484\Debug\main.o
errno               0x4               c:/program files (x86)/cypress/psoc creator/3.1/psoc creator/import/gnu_cs/arm/4.8.4/bin/../lib/gcc/arm-none-eabi/4.8.4/../../../../arm-none-eabi/lib/armv6-m\libg_s.a(lib_a-reent.o)
led_state           0x1               .\CortexM0\ARM_GCC_484\Debug\main.o
servo_state         0x1               .\CortexM0\ARM_GCC_484\Debug\main.o
data_array          0x1c              .\CortexM0\ARM_GCC_484\Debug\main.o
wristTilt_state     0x1               .\CortexM0\ARM_GCC_484\Debug\main.o
feedback_count      0x2               .\CortexM0\ARM_GCC_484\Debug\main.o
new_pack            0x1               .\CortexM0\ARM_GCC_484\Debug\main.o
timerFlag           0x1               .\CortexM0\ARM_GCC_484\Debug\main.o
shldr_state         0x1               .\CortexM0\ARM_GCC_484\Debug\main.o
serv_arr_cspot      0x1               .\CortexM0\ARM_GCC_484\Debug\main.o
wristRotate_state   0x1               .\CortexM0\ARM_GCC_484\Debug\main.o
wiznet              0x1               .\CortexM0\ARM_GCC_484\Debug\main.o

Discarded input sections

 .text          0x00000000        0x0 c:/program files (x86)/cypress/psoc creator/3.1/psoc creator/import/gnu_cs/arm/4.8.4/bin/../lib/gcc/arm-none-eabi/4.8.4/armv6-m/crti.o
 .data          0x00000000        0x0 c:/program files (x86)/cypress/psoc creator/3.1/psoc creator/import/gnu_cs/arm/4.8.4/bin/../lib/gcc/arm-none-eabi/4.8.4/armv6-m/crti.o
 .bss           0x00000000        0x0 c:/program files (x86)/cypress/psoc creator/3.1/psoc creator/import/gnu_cs/arm/4.8.4/bin/../lib/gcc/arm-none-eabi/4.8.4/armv6-m/crti.o
 .data          0x00000000        0x4 c:/program files (x86)/cypress/psoc creator/3.1/psoc creator/import/gnu_cs/arm/4.8.4/bin/../lib/gcc/arm-none-eabi/4.8.4/armv6-m/crtbegin.o
 .text          0x00000000       0x78 c:/program files (x86)/cypress/psoc creator/3.1/psoc creator/import/gnu_cs/arm/4.8.4/bin/../lib/gcc/arm-none-eabi/4.8.4/../../../../arm-none-eabi/lib/armv6-m/crt0.o
 .data          0x00000000        0x0 c:/program files (x86)/cypress/psoc creator/3.1/psoc creator/import/gnu_cs/arm/4.8.4/bin/../lib/gcc/arm-none-eabi/4.8.4/../../../../arm-none-eabi/lib/armv6-m/crt0.o
 .bss           0x00000000        0x0 c:/program files (x86)/cypress/psoc creator/3.1/psoc creator/import/gnu_cs/arm/4.8.4/bin/../lib/gcc/arm-none-eabi/4.8.4/../../../../arm-none-eabi/lib/armv6-m/crt0.o
 .ARM.extab     0x00000000        0x0 c:/program files (x86)/cypress/psoc creator/3.1/psoc creator/import/gnu_cs/arm/4.8.4/bin/../lib/gcc/arm-none-eabi/4.8.4/../../../../arm-none-eabi/lib/armv6-m/crt0.o
 .ARM.exidx     0x00000000        0x8 c:/program files (x86)/cypress/psoc creator/3.1/psoc creator/import/gnu_cs/arm/4.8.4/bin/../lib/gcc/arm-none-eabi/4.8.4/../../../../arm-none-eabi/lib/armv6-m/crt0.o
 .text          0x00000000        0x0 .\CortexM0\ARM_GCC_484\Debug\main.o
 .data          0x00000000        0x0 .\CortexM0\ARM_GCC_484\Debug\main.o
 .bss           0x00000000        0x1 .\CortexM0\ARM_GCC_484\Debug\main.o
 .text.fill_data_array
                0x00000000      0x10c .\CortexM0\ARM_GCC_484\Debug\main.o
 .text.baseAzimuth
                0x00000000        0x8 .\CortexM0\ARM_GCC_484\Debug\main.o
 .text.shoulder
                0x00000000       0x44 .\CortexM0\ARM_GCC_484\Debug\main.o
 .text.elbow    0x00000000        0x8 .\CortexM0\ARM_GCC_484\Debug\main.o
 .text.wristTilt
                0x00000000       0x48 .\CortexM0\ARM_GCC_484\Debug\main.o
 .text.wristRotate
                0x00000000       0x48 .\CortexM0\ARM_GCC_484\Debug\main.o
 .text.send_feedback
                0x00000000        0x8 .\CortexM0\ARM_GCC_484\Debug\main.o
 .text.servo    0x00000000       0x88 .\CortexM0\ARM_GCC_484\Debug\main.o
 .text          0x00000000        0x0 .\CortexM0\ARM_GCC_484\Debug\cybootloader.o
 .data          0x00000000        0x0 .\CortexM0\ARM_GCC_484\Debug\cybootloader.o
 .bss           0x00000000        0x0 .\CortexM0\ARM_GCC_484\Debug\cybootloader.o
 .text          0x00000000        0x0 .\CortexM0\ARM_GCC_484\Debug\cymetadata.o
 .data          0x00000000        0x0 .\CortexM0\ARM_GCC_484\Debug\cymetadata.o
 .bss           0x00000000        0x0 .\CortexM0\ARM_GCC_484\Debug\cymetadata.o
 .text          0x00000000        0x0 .\CortexM0\ARM_GCC_484\Debug\Cm0Start.o
 .bss           0x00000000        0x0 .\CortexM0\ARM_GCC_484\Debug\Cm0Start.o
 .text._exit    0x00000000       0x28 .\CortexM0\ARM_GCC_484\Debug\Cm0Start.o
 .text          0x00000000        0x0 .\CortexM0\ARM_GCC_484\Debug\arm_controller_v2.a(cyfitter_cfg.o)
 .bss           0x00000000        0x0 .\CortexM0\ARM_GCC_484\Debug\arm_controller_v2.a(cyfitter_cfg.o)
 .text.CYCONFIGCPY
                0x00000000       0x24 .\CortexM0\ARM_GCC_484\Debug\arm_controller_v2.a(cyfitter_cfg.o)
 .text          0x00000000        0x0 .\CortexM0\ARM_GCC_484\Debug\arm_controller_v2.a(Clock_counter.o)
 .data          0x00000000        0x0 .\CortexM0\ARM_GCC_484\Debug\arm_controller_v2.a(Clock_counter.o)
 .bss           0x00000000        0x0 .\CortexM0\ARM_GCC_484\Debug\arm_controller_v2.a(Clock_counter.o)
 .text.Clock_counter_Stop
                0x00000000       0x18 .\CortexM0\ARM_GCC_484\Debug\arm_controller_v2.a(Clock_counter.o)
 .text.Clock_counter_SetFractionalDividerRegister
                0x00000000       0x38 .\CortexM0\ARM_GCC_484\Debug\arm_controller_v2.a(Clock_counter.o)
 .text.Clock_counter_GetDividerRegister
                0x00000000       0x14 .\CortexM0\ARM_GCC_484\Debug\arm_controller_v2.a(Clock_counter.o)
 .text.Clock_counter_GetFractionalDividerRegister
                0x00000000        0xc .\CortexM0\ARM_GCC_484\Debug\arm_controller_v2.a(Clock_counter.o)
 .text          0x00000000        0x0 .\CortexM0\ARM_GCC_484\Debug\arm_controller_v2.a(Clock_pwm.o)
 .data          0x00000000        0x0 .\CortexM0\ARM_GCC_484\Debug\arm_controller_v2.a(Clock_pwm.o)
 .bss           0x00000000        0x0 .\CortexM0\ARM_GCC_484\Debug\arm_controller_v2.a(Clock_pwm.o)
 .text.Clock_pwm_Stop
                0x00000000       0x18 .\CortexM0\ARM_GCC_484\Debug\arm_controller_v2.a(Clock_pwm.o)
 .text.Clock_pwm_SetFractionalDividerRegister
                0x00000000       0x38 .\CortexM0\ARM_GCC_484\Debug\arm_controller_v2.a(Clock_pwm.o)
 .text.Clock_pwm_GetDividerRegister
                0x00000000       0x14 .\CortexM0\ARM_GCC_484\Debug\arm_controller_v2.a(Clock_pwm.o)
 .text.Clock_pwm_GetFractionalDividerRegister
                0x00000000        0xc .\CortexM0\ARM_GCC_484\Debug\arm_controller_v2.a(Clock_pwm.o)
 .text          0x00000000        0x0 .\CortexM0\ARM_GCC_484\Debug\arm_controller_v2.a(isr_1.o)
 .data          0x00000000        0x0 .\CortexM0\ARM_GCC_484\Debug\arm_controller_v2.a(isr_1.o)
 .bss           0x00000000        0x0 .\CortexM0\ARM_GCC_484\Debug\arm_controller_v2.a(isr_1.o)
 .text.isr_1_Start
                0x00000000       0x24 .\CortexM0\ARM_GCC_484\Debug\arm_controller_v2.a(isr_1.o)
 .text.isr_1_Stop
                0x00000000       0x18 .\CortexM0\ARM_GCC_484\Debug\arm_controller_v2.a(isr_1.o)
 .text.isr_1_Interrupt
                0x00000000        0x8 .\CortexM0\ARM_GCC_484\Debug\arm_controller_v2.a(isr_1.o)
 .text.isr_1_GetVector
                0x00000000       0x14 .\CortexM0\ARM_GCC_484\Debug\arm_controller_v2.a(isr_1.o)
 .text.isr_1_GetPriority
                0x00000000       0x2c .\CortexM0\ARM_GCC_484\Debug\arm_controller_v2.a(isr_1.o)
 .text.isr_1_GetState
                0x00000000       0x20 .\CortexM0\ARM_GCC_484\Debug\arm_controller_v2.a(isr_1.o)
 .text.isr_1_SetPending
                0x00000000       0x14 .\CortexM0\ARM_GCC_484\Debug\arm_controller_v2.a(isr_1.o)
 .text.isr_1_ClearPending
                0x00000000       0x14 .\CortexM0\ARM_GCC_484\Debug\arm_controller_v2.a(isr_1.o)
 .text          0x00000000        0x0 .\CortexM0\ARM_GCC_484\Debug\arm_controller_v2.a(PWM_1.o)
 .data          0x00000000        0x0 .\CortexM0\ARM_GCC_484\Debug\arm_controller_v2.a(PWM_1.o)
 .text.PWM_1_Stop
                0x00000000       0x1c .\CortexM0\ARM_GCC_484\Debug\arm_controller_v2.a(PWM_1.o)
 .text.PWM_1_ReadCounter
                0x00000000       0x1c .\CortexM0\ARM_GCC_484\Debug\arm_controller_v2.a(PWM_1.o)
 .text.PWM_1_ReadControlRegister
                0x00000000       0x20 .\CortexM0\ARM_GCC_484\Debug\arm_controller_v2.a(PWM_1.o)
 .text.PWM_1_WriteControlRegister
                0x00000000       0x20 .\CortexM0\ARM_GCC_484\Debug\arm_controller_v2.a(PWM_1.o)
 .text.PWM_1_ReadCompare1
                0x00000000       0x14 .\CortexM0\ARM_GCC_484\Debug\arm_controller_v2.a(PWM_1.o)
 .text.PWM_1_ReadCompare2
                0x00000000       0x14 .\CortexM0\ARM_GCC_484\Debug\arm_controller_v2.a(PWM_1.o)
 .text.PWM_1_ReadPeriod
                0x00000000       0x14 .\CortexM0\ARM_GCC_484\Debug\arm_controller_v2.a(PWM_1.o)
 .text          0x00000000        0x0 .\CortexM0\ARM_GCC_484\Debug\arm_controller_v2.a(Timer_1.o)
 .data          0x00000000        0x0 .\CortexM0\ARM_GCC_484\Debug\arm_controller_v2.a(Timer_1.o)
 .text.Timer_1_Stop
                0x00000000       0x30 .\CortexM0\ARM_GCC_484\Debug\arm_controller_v2.a(Timer_1.o)
 .text.Timer_1_SetMode
                0x00000000       0x48 .\CortexM0\ARM_GCC_484\Debug\arm_controller_v2.a(Timer_1.o)
 .text.Timer_1_SetQDMode
                0x00000000       0x48 .\CortexM0\ARM_GCC_484\Debug\arm_controller_v2.a(Timer_1.o)
 .text.Timer_1_SetPrescaler
                0x00000000       0x48 .\CortexM0\ARM_GCC_484\Debug\arm_controller_v2.a(Timer_1.o)
 .text.Timer_1_SetOneShot
                0x00000000       0x4c .\CortexM0\ARM_GCC_484\Debug\arm_controller_v2.a(Timer_1.o)
 .text.Timer_1_SetPWMMode
                0x00000000       0x1c .\CortexM0\ARM_GCC_484\Debug\arm_controller_v2.a(Timer_1.o)
 .text.Timer_1_SetPWMSyncKill
                0x00000000       0x48 .\CortexM0\ARM_GCC_484\Debug\arm_controller_v2.a(Timer_1.o)
 .text.Timer_1_SetPWMStopOnKill
                0x00000000       0x48 .\CortexM0\ARM_GCC_484\Debug\arm_controller_v2.a(Timer_1.o)
 .text.Timer_1_SetPWMDeadTime
                0x00000000       0x4c .\CortexM0\ARM_GCC_484\Debug\arm_controller_v2.a(Timer_1.o)
 .text.Timer_1_SetPWMInvert
                0x00000000       0x48 .\CortexM0\ARM_GCC_484\Debug\arm_controller_v2.a(Timer_1.o)
 .text.Timer_1_ReadCounter
                0x00000000       0x18 .\CortexM0\ARM_GCC_484\Debug\arm_controller_v2.a(Timer_1.o)
 .text.Timer_1_SetCounterMode
                0x00000000       0x48 .\CortexM0\ARM_GCC_484\Debug\arm_controller_v2.a(Timer_1.o)
 .text.Timer_1_ReadPeriod
                0x00000000       0x18 .\CortexM0\ARM_GCC_484\Debug\arm_controller_v2.a(Timer_1.o)
 .text.Timer_1_SetCompareSwap
                0x00000000       0x48 .\CortexM0\ARM_GCC_484\Debug\arm_controller_v2.a(Timer_1.o)
 .text.Timer_1_WritePeriodBuf
                0x00000000       0x1c .\CortexM0\ARM_GCC_484\Debug\arm_controller_v2.a(Timer_1.o)
 .text.Timer_1_ReadPeriodBuf
                0x00000000       0x18 .\CortexM0\ARM_GCC_484\Debug\arm_controller_v2.a(Timer_1.o)
 .text.Timer_1_SetPeriodSwap
                0x00000000       0x48 .\CortexM0\ARM_GCC_484\Debug\arm_controller_v2.a(Timer_1.o)
 .text.Timer_1_WriteCompare
                0x00000000       0x1c .\CortexM0\ARM_GCC_484\Debug\arm_controller_v2.a(Timer_1.o)
 .text.Timer_1_ReadCompare
                0x00000000       0x18 .\CortexM0\ARM_GCC_484\Debug\arm_controller_v2.a(Timer_1.o)
 .text.Timer_1_WriteCompareBuf
                0x00000000       0x1c .\CortexM0\ARM_GCC_484\Debug\arm_controller_v2.a(Timer_1.o)
 .text.Timer_1_ReadCompareBuf
                0x00000000       0x18 .\CortexM0\ARM_GCC_484\Debug\arm_controller_v2.a(Timer_1.o)
 .text.Timer_1_ReadCapture
                0x00000000       0x18 .\CortexM0\ARM_GCC_484\Debug\arm_controller_v2.a(Timer_1.o)
 .text.Timer_1_ReadCaptureBuf
                0x00000000       0x18 .\CortexM0\ARM_GCC_484\Debug\arm_controller_v2.a(Timer_1.o)
 .text.Timer_1_SetCaptureMode
                0x00000000       0x44 .\CortexM0\ARM_GCC_484\Debug\arm_controller_v2.a(Timer_1.o)
 .text.Timer_1_SetReloadMode
                0x00000000       0x44 .\CortexM0\ARM_GCC_484\Debug\arm_controller_v2.a(Timer_1.o)
 .text.Timer_1_SetStartMode
                0x00000000       0x48 .\CortexM0\ARM_GCC_484\Debug\arm_controller_v2.a(Timer_1.o)
 .text.Timer_1_SetStopMode
                0x00000000       0x44 .\CortexM0\ARM_GCC_484\Debug\arm_controller_v2.a(Timer_1.o)
 .text.Timer_1_SetCountMode
                0x00000000       0x44 .\CortexM0\ARM_GCC_484\Debug\arm_controller_v2.a(Timer_1.o)
 .text.Timer_1_ReadStatus
                0x00000000       0x20 .\CortexM0\ARM_GCC_484\Debug\arm_controller_v2.a(Timer_1.o)
 .text.Timer_1_GetInterruptSource
                0x00000000       0x14 .\CortexM0\ARM_GCC_484\Debug\arm_controller_v2.a(Timer_1.o)
 .text.Timer_1_SetInterrupt
                0x00000000       0x18 .\CortexM0\ARM_GCC_484\Debug\arm_controller_v2.a(Timer_1.o)
 .data          0x00000000        0x0 .\CortexM0\ARM_GCC_484\Debug\arm_controller_v2.a(CyBootAsmGnu.o)
 .bss           0x00000000        0x0 .\CortexM0\ARM_GCC_484\Debug\arm_controller_v2.a(CyBootAsmGnu.o)
 .text          0x00000000        0x0 .\CortexM0\ARM_GCC_484\Debug\arm_controller_v2.a(CyLib.o)
 .bss           0x00000000       0x24 .\CortexM0\ARM_GCC_484\Debug\arm_controller_v2.a(CyLib.o)
 .rodata        0x00000000       0x30 .\CortexM0\ARM_GCC_484\Debug\arm_controller_v2.a(CyLib.o)
 .text.CySysClkImoStart
                0x00000000       0x1c .\CortexM0\ARM_GCC_484\Debug\arm_controller_v2.a(CyLib.o)
 .text.CySysClkImoStop
                0x00000000       0x18 .\CortexM0\ARM_GCC_484\Debug\arm_controller_v2.a(CyLib.o)
 .text.CySysClkIloStart
                0x00000000       0x1c .\CortexM0\ARM_GCC_484\Debug\arm_controller_v2.a(CyLib.o)
 .text.CySysClkIloStop
                0x00000000       0x4c .\CortexM0\ARM_GCC_484\Debug\arm_controller_v2.a(CyLib.o)
 .text.CySysClkIloEnabled
                0x00000000       0x1c .\CortexM0\ARM_GCC_484\Debug\arm_controller_v2.a(CyLib.o)
 .text.CySysClkWriteHfclkDirect
                0x00000000       0x44 .\CortexM0\ARM_GCC_484\Debug\arm_controller_v2.a(CyLib.o)
 .text.CySysClkWriteSysclkDiv
                0x00000000       0x44 .\CortexM0\ARM_GCC_484\Debug\arm_controller_v2.a(CyLib.o)
 .text.CySysClkWriteImoFreq
                0x00000000      0x1e0 .\CortexM0\ARM_GCC_484\Debug\arm_controller_v2.a(CyLib.o)
 .text.CySysWdtLock
                0x00000000       0x34 .\CortexM0\ARM_GCC_484\Debug\arm_controller_v2.a(CyLib.o)
 .text.CySysWdtLocked
                0x00000000       0x20 .\CortexM0\ARM_GCC_484\Debug\arm_controller_v2.a(CyLib.o)
 .text.CySysWdtUnlock
                0x00000000       0x4c .\CortexM0\ARM_GCC_484\Debug\arm_controller_v2.a(CyLib.o)
 .text.CySysWdtReadEnabledStatus
                0x00000000       0x30 .\CortexM0\ARM_GCC_484\Debug\arm_controller_v2.a(CyLib.o)
 .text.CySysWdtWriteMode
                0x00000000       0x60 .\CortexM0\ARM_GCC_484\Debug\arm_controller_v2.a(CyLib.o)
 .text.CySysWdtReadMode
                0x00000000       0x24 .\CortexM0\ARM_GCC_484\Debug\arm_controller_v2.a(CyLib.o)
 .text.CySysWdtWriteClearOnMatch
                0x00000000       0x70 .\CortexM0\ARM_GCC_484\Debug\arm_controller_v2.a(CyLib.o)
 .text.CySysWdtReadClearOnMatch
                0x00000000       0x40 .\CortexM0\ARM_GCC_484\Debug\arm_controller_v2.a(CyLib.o)
 .text.CySysWdtEnable
                0x00000000       0x68 .\CortexM0\ARM_GCC_484\Debug\arm_controller_v2.a(CyLib.o)
 .text.CySysWdtDisable
                0x00000000       0x68 .\CortexM0\ARM_GCC_484\Debug\arm_controller_v2.a(CyLib.o)
 .text.CySysWdtWriteCascade
                0x00000000       0x58 .\CortexM0\ARM_GCC_484\Debug\arm_controller_v2.a(CyLib.o)
 .text.CySysWdtReadCascade
                0x00000000       0x1c .\CortexM0\ARM_GCC_484\Debug\arm_controller_v2.a(CyLib.o)
 .text.CySysWdtWriteMatch
                0x00000000       0x6c .\CortexM0\ARM_GCC_484\Debug\arm_controller_v2.a(CyLib.o)
 .text.CySysWdtWriteToggleBit
                0x00000000       0x44 .\CortexM0\ARM_GCC_484\Debug\arm_controller_v2.a(CyLib.o)
 .text.CySysWdtReadToggleBit
                0x00000000       0x18 .\CortexM0\ARM_GCC_484\Debug\arm_controller_v2.a(CyLib.o)
 .text.CySysWdtReadMatch
                0x00000000       0x44 .\CortexM0\ARM_GCC_484\Debug\arm_controller_v2.a(CyLib.o)
 .text.CySysWdtReadCount
                0x00000000       0x54 .\CortexM0\ARM_GCC_484\Debug\arm_controller_v2.a(CyLib.o)
 .text.CySysWdtGetInterruptSource
                0x00000000       0x1c .\CortexM0\ARM_GCC_484\Debug\arm_controller_v2.a(CyLib.o)
 .text.CySysWdtClearInterrupt
                0x00000000       0x6c .\CortexM0\ARM_GCC_484\Debug\arm_controller_v2.a(CyLib.o)
 .text.CySysWdtResetCounters
                0x00000000       0x28 .\CortexM0\ARM_GCC_484\Debug\arm_controller_v2.a(CyLib.o)
 .text.CySysClkLfclkPosedgeCatch
                0x00000000       0x9c .\CortexM0\ARM_GCC_484\Debug\arm_controller_v2.a(CyLib.o)
 .text.CySysClkLfclkPosedgeRestore
                0x00000000       0x3c .\CortexM0\ARM_GCC_484\Debug\arm_controller_v2.a(CyLib.o)
 .text.CySysLvdEnable
                0x00000000       0x48 .\CortexM0\ARM_GCC_484\Debug\arm_controller_v2.a(CyLib.o)
 .text.CySysLvdDisable
                0x00000000       0x28 .\CortexM0\ARM_GCC_484\Debug\arm_controller_v2.a(CyLib.o)
 .text.CySysLvdGetInterruptSource
                0x00000000       0x18 .\CortexM0\ARM_GCC_484\Debug\arm_controller_v2.a(CyLib.o)
 .text.CySysLvdClearInterrupt
                0x00000000       0x14 .\CortexM0\ARM_GCC_484\Debug\arm_controller_v2.a(CyLib.o)
 .text.CySysGetResetReason
                0x00000000       0x30 .\CortexM0\ARM_GCC_484\Debug\arm_controller_v2.a(CyLib.o)
 .text.CyDisableInts
                0x00000000       0x24 .\CortexM0\ARM_GCC_484\Debug\arm_controller_v2.a(CyLib.o)
 .text.CyEnableInts
                0x00000000       0x18 .\CortexM0\ARM_GCC_484\Debug\arm_controller_v2.a(CyLib.o)
 .text.CyIntSetSysVector
                0x00000000       0x48 .\CortexM0\ARM_GCC_484\Debug\arm_controller_v2.a(CyLib.o)
 .text.CyIntGetSysVector
                0x00000000       0x34 .\CortexM0\ARM_GCC_484\Debug\arm_controller_v2.a(CyLib.o)
 .text.CyIntSetVector
                0x00000000       0x4c .\CortexM0\ARM_GCC_484\Debug\arm_controller_v2.a(CyLib.o)
 .text.CyIntGetVector
                0x00000000       0x38 .\CortexM0\ARM_GCC_484\Debug\arm_controller_v2.a(CyLib.o)
 .text.CyIntSetPriority
                0x00000000       0xa8 .\CortexM0\ARM_GCC_484\Debug\arm_controller_v2.a(CyLib.o)
 .text.CyIntGetPriority
                0x00000000       0x58 .\CortexM0\ARM_GCC_484\Debug\arm_controller_v2.a(CyLib.o)
 .text.CyIntEnable
                0x00000000       0x2c .\CortexM0\ARM_GCC_484\Debug\arm_controller_v2.a(CyLib.o)
 .text.CyIntGetState
                0x00000000       0x34 .\CortexM0\ARM_GCC_484\Debug\arm_controller_v2.a(CyLib.o)
 .text.CyIntDisable
                0x00000000       0x2c .\CortexM0\ARM_GCC_484\Debug\arm_controller_v2.a(CyLib.o)
 .text.CyIntSetPending
                0x00000000       0x2c .\CortexM0\ARM_GCC_484\Debug\arm_controller_v2.a(CyLib.o)
 .text.CyIntClearPending
                0x00000000       0x2c .\CortexM0\ARM_GCC_484\Debug\arm_controller_v2.a(CyLib.o)
 .text.CyHalt   0x00000000       0x14 .\CortexM0\ARM_GCC_484\Debug\arm_controller_v2.a(CyLib.o)
 .text.CySoftwareReset
                0x00000000       0x20 .\CortexM0\ARM_GCC_484\Debug\arm_controller_v2.a(CyLib.o)
 .text.CyDelay  0x00000000       0x48 .\CortexM0\ARM_GCC_484\Debug\arm_controller_v2.a(CyLib.o)
 .text.CyDelayFreq
                0x00000000       0x80 .\CortexM0\ARM_GCC_484\Debug\arm_controller_v2.a(CyLib.o)
 .text.CySysTickStart
                0x00000000       0x24 .\CortexM0\ARM_GCC_484\Debug\arm_controller_v2.a(CyLib.o)
 .text.CySysTickInit
                0x00000000       0x60 .\CortexM0\ARM_GCC_484\Debug\arm_controller_v2.a(CyLib.o)
 .text.CySysTickEnable
                0x00000000       0x1c .\CortexM0\ARM_GCC_484\Debug\arm_controller_v2.a(CyLib.o)
 .text.CySysTickStop
                0x00000000       0x18 .\CortexM0\ARM_GCC_484\Debug\arm_controller_v2.a(CyLib.o)
 .text.CySysTickEnableInterrupt
                0x00000000       0x18 .\CortexM0\ARM_GCC_484\Debug\arm_controller_v2.a(CyLib.o)
 .text.CySysTickDisableInterrupt
                0x00000000       0x18 .\CortexM0\ARM_GCC_484\Debug\arm_controller_v2.a(CyLib.o)
 .text.CySysTickSetReload
                0x00000000       0x1c .\CortexM0\ARM_GCC_484\Debug\arm_controller_v2.a(CyLib.o)
 .text.CySysTickGetReload
                0x00000000       0x18 .\CortexM0\ARM_GCC_484\Debug\arm_controller_v2.a(CyLib.o)
 .text.CySysTickGetValue
                0x00000000       0x1c .\CortexM0\ARM_GCC_484\Debug\arm_controller_v2.a(CyLib.o)
 .text.CySysTickGetCountFlag
                0x00000000       0x18 .\CortexM0\ARM_GCC_484\Debug\arm_controller_v2.a(CyLib.o)
 .text.CySysTickClear
                0x00000000       0x14 .\CortexM0\ARM_GCC_484\Debug\arm_controller_v2.a(CyLib.o)
 .text.CySysTickSetCallback
                0x00000000       0x2c .\CortexM0\ARM_GCC_484\Debug\arm_controller_v2.a(CyLib.o)
 .text.CySysTickGetCallback
                0x00000000       0x1c .\CortexM0\ARM_GCC_484\Debug\arm_controller_v2.a(CyLib.o)
 .text.CySysTickServiceCallbacks
                0x00000000       0x44 .\CortexM0\ARM_GCC_484\Debug\arm_controller_v2.a(CyLib.o)
 .data          0x00000000        0x0 c:/program files (x86)/cypress/psoc creator/3.1/psoc creator/import/gnu_cs/arm/4.8.4/bin/../lib/gcc/arm-none-eabi/4.8.4/armv6-m\libgcc.a(_udivsi3.o)
 .bss           0x00000000        0x0 c:/program files (x86)/cypress/psoc creator/3.1/psoc creator/import/gnu_cs/arm/4.8.4/bin/../lib/gcc/arm-none-eabi/4.8.4/armv6-m\libgcc.a(_udivsi3.o)
 .data          0x00000000        0x0 c:/program files (x86)/cypress/psoc creator/3.1/psoc creator/import/gnu_cs/arm/4.8.4/bin/../lib/gcc/arm-none-eabi/4.8.4/armv6-m\libgcc.a(_divsi3.o)
 .bss           0x00000000        0x0 c:/program files (x86)/cypress/psoc creator/3.1/psoc creator/import/gnu_cs/arm/4.8.4/bin/../lib/gcc/arm-none-eabi/4.8.4/armv6-m\libgcc.a(_divsi3.o)
 .data          0x00000000        0x0 c:/program files (x86)/cypress/psoc creator/3.1/psoc creator/import/gnu_cs/arm/4.8.4/bin/../lib/gcc/arm-none-eabi/4.8.4/armv6-m\libgcc.a(_dvmd_tls.o)
 .bss           0x00000000        0x0 c:/program files (x86)/cypress/psoc creator/3.1/psoc creator/import/gnu_cs/arm/4.8.4/bin/../lib/gcc/arm-none-eabi/4.8.4/armv6-m\libgcc.a(_dvmd_tls.o)
 .text          0x00000000        0x0 c:/program files (x86)/cypress/psoc creator/3.1/psoc creator/import/gnu_cs/arm/4.8.4/bin/../lib/gcc/arm-none-eabi/4.8.4/../../../../arm-none-eabi/lib/armv6-m\libg_s.a(lib_a-errno.o)
 .data          0x00000000        0x0 c:/program files (x86)/cypress/psoc creator/3.1/psoc creator/import/gnu_cs/arm/4.8.4/bin/../lib/gcc/arm-none-eabi/4.8.4/../../../../arm-none-eabi/lib/armv6-m\libg_s.a(lib_a-errno.o)
 .bss           0x00000000        0x0 c:/program files (x86)/cypress/psoc creator/3.1/psoc creator/import/gnu_cs/arm/4.8.4/bin/../lib/gcc/arm-none-eabi/4.8.4/../../../../arm-none-eabi/lib/armv6-m\libg_s.a(lib_a-errno.o)
 .text          0x00000000        0x0 c:/program files (x86)/cypress/psoc creator/3.1/psoc creator/import/gnu_cs/arm/4.8.4/bin/../lib/gcc/arm-none-eabi/4.8.4/../../../../arm-none-eabi/lib/armv6-m\libg_s.a(lib_a-exit.o)
 .data          0x00000000        0x0 c:/program files (x86)/cypress/psoc creator/3.1/psoc creator/import/gnu_cs/arm/4.8.4/bin/../lib/gcc/arm-none-eabi/4.8.4/../../../../arm-none-eabi/lib/armv6-m\libg_s.a(lib_a-exit.o)
 .bss           0x00000000        0x0 c:/program files (x86)/cypress/psoc creator/3.1/psoc creator/import/gnu_cs/arm/4.8.4/bin/../lib/gcc/arm-none-eabi/4.8.4/../../../../arm-none-eabi/lib/armv6-m\libg_s.a(lib_a-exit.o)
 .text.exit     0x00000000       0x2c c:/program files (x86)/cypress/psoc creator/3.1/psoc creator/import/gnu_cs/arm/4.8.4/bin/../lib/gcc/arm-none-eabi/4.8.4/../../../../arm-none-eabi/lib/armv6-m\libg_s.a(lib_a-exit.o)
 .text          0x00000000        0x0 c:/program files (x86)/cypress/psoc creator/3.1/psoc creator/import/gnu_cs/arm/4.8.4/bin/../lib/gcc/arm-none-eabi/4.8.4/../../../../arm-none-eabi/lib/armv6-m\libg_s.a(lib_a-impure.o)
 .data          0x00000000        0x0 c:/program files (x86)/cypress/psoc creator/3.1/psoc creator/import/gnu_cs/arm/4.8.4/bin/../lib/gcc/arm-none-eabi/4.8.4/../../../../arm-none-eabi/lib/armv6-m\libg_s.a(lib_a-impure.o)
 .bss           0x00000000        0x0 c:/program files (x86)/cypress/psoc creator/3.1/psoc creator/import/gnu_cs/arm/4.8.4/bin/../lib/gcc/arm-none-eabi/4.8.4/../../../../arm-none-eabi/lib/armv6-m\libg_s.a(lib_a-impure.o)
 .rodata._global_impure_ptr
                0x00000000        0x4 c:/program files (x86)/cypress/psoc creator/3.1/psoc creator/import/gnu_cs/arm/4.8.4/bin/../lib/gcc/arm-none-eabi/4.8.4/../../../../arm-none-eabi/lib/armv6-m\libg_s.a(lib_a-impure.o)
 .text          0x00000000        0x0 c:/program files (x86)/cypress/psoc creator/3.1/psoc creator/import/gnu_cs/arm/4.8.4/bin/../lib/gcc/arm-none-eabi/4.8.4/../../../../arm-none-eabi/lib/armv6-m\libg_s.a(lib_a-init.o)
 .data          0x00000000        0x0 c:/program files (x86)/cypress/psoc creator/3.1/psoc creator/import/gnu_cs/arm/4.8.4/bin/../lib/gcc/arm-none-eabi/4.8.4/../../../../arm-none-eabi/lib/armv6-m\libg_s.a(lib_a-init.o)
 .bss           0x00000000        0x0 c:/program files (x86)/cypress/psoc creator/3.1/psoc creator/import/gnu_cs/arm/4.8.4/bin/../lib/gcc/arm-none-eabi/4.8.4/../../../../arm-none-eabi/lib/armv6-m\libg_s.a(lib_a-init.o)
 .text          0x00000000        0x0 c:/program files (x86)/cypress/psoc creator/3.1/psoc creator/import/gnu_cs/arm/4.8.4/bin/../lib/gcc/arm-none-eabi/4.8.4/../../../../arm-none-eabi/lib/armv6-m\libg_s.a(lib_a-memcpy-stub.o)
 .data          0x00000000        0x0 c:/program files (x86)/cypress/psoc creator/3.1/psoc creator/import/gnu_cs/arm/4.8.4/bin/../lib/gcc/arm-none-eabi/4.8.4/../../../../arm-none-eabi/lib/armv6-m\libg_s.a(lib_a-memcpy-stub.o)
 .bss           0x00000000        0x0 c:/program files (x86)/cypress/psoc creator/3.1/psoc creator/import/gnu_cs/arm/4.8.4/bin/../lib/gcc/arm-none-eabi/4.8.4/../../../../arm-none-eabi/lib/armv6-m\libg_s.a(lib_a-memcpy-stub.o)
 .text          0x00000000        0x0 c:/program files (x86)/cypress/psoc creator/3.1/psoc creator/import/gnu_cs/arm/4.8.4/bin/../lib/gcc/arm-none-eabi/4.8.4/../../../../arm-none-eabi/lib/armv6-m\libg_s.a(lib_a-memset.o)
 .data          0x00000000        0x0 c:/program files (x86)/cypress/psoc creator/3.1/psoc creator/import/gnu_cs/arm/4.8.4/bin/../lib/gcc/arm-none-eabi/4.8.4/../../../../arm-none-eabi/lib/armv6-m\libg_s.a(lib_a-memset.o)
 .bss           0x00000000        0x0 c:/program files (x86)/cypress/psoc creator/3.1/psoc creator/import/gnu_cs/arm/4.8.4/bin/../lib/gcc/arm-none-eabi/4.8.4/../../../../arm-none-eabi/lib/armv6-m\libg_s.a(lib_a-memset.o)
 .text          0x00000000        0x0 c:/program files (x86)/cypress/psoc creator/3.1/psoc creator/import/gnu_cs/arm/4.8.4/bin/../lib/gcc/arm-none-eabi/4.8.4/../../../../arm-none-eabi/lib/armv6-m\libg_s.a(lib_a-rand.o)
 .data          0x00000000        0x0 c:/program files (x86)/cypress/psoc creator/3.1/psoc creator/import/gnu_cs/arm/4.8.4/bin/../lib/gcc/arm-none-eabi/4.8.4/../../../../arm-none-eabi/lib/armv6-m\libg_s.a(lib_a-rand.o)
 .bss           0x00000000        0x0 c:/program files (x86)/cypress/psoc creator/3.1/psoc creator/import/gnu_cs/arm/4.8.4/bin/../lib/gcc/arm-none-eabi/4.8.4/../../../../arm-none-eabi/lib/armv6-m\libg_s.a(lib_a-rand.o)
 .text          0x00000000        0x0 c:/program files (x86)/cypress/psoc creator/3.1/psoc creator/import/gnu_cs/arm/4.8.4/bin/../lib/gcc/arm-none-eabi/4.8.4/../../../../arm-none-eabi/lib/armv6-m\libg_s.a(lib_a-time.o)
 .data          0x00000000        0x0 c:/program files (x86)/cypress/psoc creator/3.1/psoc creator/import/gnu_cs/arm/4.8.4/bin/../lib/gcc/arm-none-eabi/4.8.4/../../../../arm-none-eabi/lib/armv6-m\libg_s.a(lib_a-time.o)
 .bss           0x00000000        0x0 c:/program files (x86)/cypress/psoc creator/3.1/psoc creator/import/gnu_cs/arm/4.8.4/bin/../lib/gcc/arm-none-eabi/4.8.4/../../../../arm-none-eabi/lib/armv6-m\libg_s.a(lib_a-time.o)
 .text          0x00000000        0x0 c:/program files (x86)/cypress/psoc creator/3.1/psoc creator/import/gnu_cs/arm/4.8.4/bin/../lib/gcc/arm-none-eabi/4.8.4/../../../../arm-none-eabi/lib/armv6-m\libg_s.a(lib_a-gettimeofdayr.o)
 .data          0x00000000        0x0 c:/program files (x86)/cypress/psoc creator/3.1/psoc creator/import/gnu_cs/arm/4.8.4/bin/../lib/gcc/arm-none-eabi/4.8.4/../../../../arm-none-eabi/lib/armv6-m\libg_s.a(lib_a-gettimeofdayr.o)
 .bss           0x00000000        0x0 c:/program files (x86)/cypress/psoc creator/3.1/psoc creator/import/gnu_cs/arm/4.8.4/bin/../lib/gcc/arm-none-eabi/4.8.4/../../../../arm-none-eabi/lib/armv6-m\libg_s.a(lib_a-gettimeofdayr.o)
 .text          0x00000000        0x0 c:/program files (x86)/cypress/psoc creator/3.1/psoc creator/import/gnu_cs/arm/4.8.4/bin/../lib/gcc/arm-none-eabi/4.8.4/../../../../arm-none-eabi/lib/armv6-m\libg_s.a(lib_a-malloc.o)
 .data          0x00000000        0x0 c:/program files (x86)/cypress/psoc creator/3.1/psoc creator/import/gnu_cs/arm/4.8.4/bin/../lib/gcc/arm-none-eabi/4.8.4/../../../../arm-none-eabi/lib/armv6-m\libg_s.a(lib_a-malloc.o)
 .bss           0x00000000        0x0 c:/program files (x86)/cypress/psoc creator/3.1/psoc creator/import/gnu_cs/arm/4.8.4/bin/../lib/gcc/arm-none-eabi/4.8.4/../../../../arm-none-eabi/lib/armv6-m\libg_s.a(lib_a-malloc.o)
 .text.free     0x00000000       0x14 c:/program files (x86)/cypress/psoc creator/3.1/psoc creator/import/gnu_cs/arm/4.8.4/bin/../lib/gcc/arm-none-eabi/4.8.4/../../../../arm-none-eabi/lib/armv6-m\libg_s.a(lib_a-malloc.o)
 .text          0x00000000        0x0 c:/program files (x86)/cypress/psoc creator/3.1/psoc creator/import/gnu_cs/arm/4.8.4/bin/../lib/gcc/arm-none-eabi/4.8.4/../../../../arm-none-eabi/lib/armv6-m\libg_s.a(lib_a-nano-freer.o)
 .data          0x00000000        0x0 c:/program files (x86)/cypress/psoc creator/3.1/psoc creator/import/gnu_cs/arm/4.8.4/bin/../lib/gcc/arm-none-eabi/4.8.4/../../../../arm-none-eabi/lib/armv6-m\libg_s.a(lib_a-nano-freer.o)
 .bss           0x00000000        0x0 c:/program files (x86)/cypress/psoc creator/3.1/psoc creator/import/gnu_cs/arm/4.8.4/bin/../lib/gcc/arm-none-eabi/4.8.4/../../../../arm-none-eabi/lib/armv6-m\libg_s.a(lib_a-nano-freer.o)
 .text._free_r  0x00000000       0x90 c:/program files (x86)/cypress/psoc creator/3.1/psoc creator/import/gnu_cs/arm/4.8.4/bin/../lib/gcc/arm-none-eabi/4.8.4/../../../../arm-none-eabi/lib/armv6-m\libg_s.a(lib_a-nano-freer.o)
 .text          0x00000000        0x0 c:/program files (x86)/cypress/psoc creator/3.1/psoc creator/import/gnu_cs/arm/4.8.4/bin/../lib/gcc/arm-none-eabi/4.8.4/../../../../arm-none-eabi/lib/armv6-m\libg_s.a(lib_a-nano-mallocr.o)
 .data          0x00000000        0x0 c:/program files (x86)/cypress/psoc creator/3.1/psoc creator/import/gnu_cs/arm/4.8.4/bin/../lib/gcc/arm-none-eabi/4.8.4/../../../../arm-none-eabi/lib/armv6-m\libg_s.a(lib_a-nano-mallocr.o)
 .bss           0x00000000        0x0 c:/program files (x86)/cypress/psoc creator/3.1/psoc creator/import/gnu_cs/arm/4.8.4/bin/../lib/gcc/arm-none-eabi/4.8.4/../../../../arm-none-eabi/lib/armv6-m\libg_s.a(lib_a-nano-mallocr.o)
 .text          0x00000000        0x0 c:/program files (x86)/cypress/psoc creator/3.1/psoc creator/import/gnu_cs/arm/4.8.4/bin/../lib/gcc/arm-none-eabi/4.8.4/../../../../arm-none-eabi/lib/armv6-m\libg_s.a(lib_a-reent.o)
 .data          0x00000000        0x0 c:/program files (x86)/cypress/psoc creator/3.1/psoc creator/import/gnu_cs/arm/4.8.4/bin/../lib/gcc/arm-none-eabi/4.8.4/../../../../arm-none-eabi/lib/armv6-m\libg_s.a(lib_a-reent.o)
 .bss           0x00000000        0x0 c:/program files (x86)/cypress/psoc creator/3.1/psoc creator/import/gnu_cs/arm/4.8.4/bin/../lib/gcc/arm-none-eabi/4.8.4/../../../../arm-none-eabi/lib/armv6-m\libg_s.a(lib_a-reent.o)
 .text.cleanup_glue
                0x00000000       0x1a c:/program files (x86)/cypress/psoc creator/3.1/psoc creator/import/gnu_cs/arm/4.8.4/bin/../lib/gcc/arm-none-eabi/4.8.4/../../../../arm-none-eabi/lib/armv6-m\libg_s.a(lib_a-reent.o)
 .text._reclaim_reent
                0x00000000       0xcc c:/program files (x86)/cypress/psoc creator/3.1/psoc creator/import/gnu_cs/arm/4.8.4/bin/../lib/gcc/arm-none-eabi/4.8.4/../../../../arm-none-eabi/lib/armv6-m\libg_s.a(lib_a-reent.o)
 .text          0x00000000        0x0 c:/program files (x86)/cypress/psoc creator/3.1/psoc creator/import/gnu_cs/arm/4.8.4/bin/../lib/gcc/arm-none-eabi/4.8.4/../../../../arm-none-eabi/lib/armv6-m\libg_s.a(lib_a-sbrkr.o)
 .data          0x00000000        0x0 c:/program files (x86)/cypress/psoc creator/3.1/psoc creator/import/gnu_cs/arm/4.8.4/bin/../lib/gcc/arm-none-eabi/4.8.4/../../../../arm-none-eabi/lib/armv6-m\libg_s.a(lib_a-sbrkr.o)
 .bss           0x00000000        0x0 c:/program files (x86)/cypress/psoc creator/3.1/psoc creator/import/gnu_cs/arm/4.8.4/bin/../lib/gcc/arm-none-eabi/4.8.4/../../../../arm-none-eabi/lib/armv6-m\libg_s.a(lib_a-sbrkr.o)
 .data          0x00000000        0x0 c:/program files (x86)/cypress/psoc creator/3.1/psoc creator/import/gnu_cs/arm/4.8.4/bin/../lib/gcc/arm-none-eabi/4.8.4/armv6-m\libgcc.a(_muldi3.o)
 .bss           0x00000000        0x0 c:/program files (x86)/cypress/psoc creator/3.1/psoc creator/import/gnu_cs/arm/4.8.4/bin/../lib/gcc/arm-none-eabi/4.8.4/armv6-m\libgcc.a(_muldi3.o)
 .text          0x00000000        0x0 c:/program files (x86)/cypress/psoc creator/3.1/psoc creator/import/gnu_cs/arm/4.8.4/bin/../lib/gcc/arm-none-eabi/4.8.4/armv6-m/crtend.o
 .data          0x00000000        0x0 c:/program files (x86)/cypress/psoc creator/3.1/psoc creator/import/gnu_cs/arm/4.8.4/bin/../lib/gcc/arm-none-eabi/4.8.4/armv6-m/crtend.o
 .bss           0x00000000        0x0 c:/program files (x86)/cypress/psoc creator/3.1/psoc creator/import/gnu_cs/arm/4.8.4/bin/../lib/gcc/arm-none-eabi/4.8.4/armv6-m/crtend.o
 .text          0x00000000        0x0 c:/program files (x86)/cypress/psoc creator/3.1/psoc creator/import/gnu_cs/arm/4.8.4/bin/../lib/gcc/arm-none-eabi/4.8.4/armv6-m/crtn.o
 .data          0x00000000        0x0 c:/program files (x86)/cypress/psoc creator/3.1/psoc creator/import/gnu_cs/arm/4.8.4/bin/../lib/gcc/arm-none-eabi/4.8.4/armv6-m/crtn.o
 .bss           0x00000000        0x0 c:/program files (x86)/cypress/psoc creator/3.1/psoc creator/import/gnu_cs/arm/4.8.4/bin/../lib/gcc/arm-none-eabi/4.8.4/armv6-m/crtn.o
 .text          0x00000000        0x0 c:/program files (x86)/cypress/psoc creator/3.1/psoc creator/import/gnu_cs/arm/4.8.4/bin/../lib/gcc/arm-none-eabi/4.8.4/../../../../arm-none-eabi/lib/armv6-m\libnosys.a(gettod.o)
 .data          0x00000000        0x0 c:/program files (x86)/cypress/psoc creator/3.1/psoc creator/import/gnu_cs/arm/4.8.4/bin/../lib/gcc/arm-none-eabi/4.8.4/../../../../arm-none-eabi/lib/armv6-m\libnosys.a(gettod.o)
 .bss           0x00000000        0x0 c:/program files (x86)/cypress/psoc creator/3.1/psoc creator/import/gnu_cs/arm/4.8.4/bin/../lib/gcc/arm-none-eabi/4.8.4/../../../../arm-none-eabi/lib/armv6-m\libnosys.a(gettod.o)

Memory Configuration

Name             Origin             Length             Attributes
rom              0x00000000         0x00008000         xr
ram              0x20000000         0x00001000         xrw
*default*        0x00000000         0xffffffff

Linker script and memory map

LOAD c:/program files (x86)/cypress/psoc creator/3.1/psoc creator/import/gnu_cs/arm/4.8.4/bin/../lib/gcc/arm-none-eabi/4.8.4/armv6-m/crti.o
LOAD c:/program files (x86)/cypress/psoc creator/3.1/psoc creator/import/gnu_cs/arm/4.8.4/bin/../lib/gcc/arm-none-eabi/4.8.4/armv6-m/crtbegin.o
LOAD c:/program files (x86)/cypress/psoc creator/3.1/psoc creator/import/gnu_cs/arm/4.8.4/bin/../lib/gcc/arm-none-eabi/4.8.4/../../../../arm-none-eabi/lib/armv6-m/crt0.o
START GROUP
LOAD .\CortexM0\ARM_GCC_484\Debug\main.o
LOAD .\CortexM0\ARM_GCC_484\Debug\cybootloader.o
LOAD .\CortexM0\ARM_GCC_484\Debug\cymetadata.o
LOAD .\CortexM0\ARM_GCC_484\Debug\Cm0Start.o
LOAD .\CortexM0\ARM_GCC_484\Debug\arm_controller_v2.a
LOAD C:\Program Files (x86)\Cypress\PSoC Creator\3.1\PSoC Creator\psoc\content\cycomponentlibrary\CyComponentLibrary.cylib\CortexM0\ARM_GCC_484\Debug\CyComponentLibrary.a
END GROUP
START GROUP
LOAD c:/program files (x86)/cypress/psoc creator/3.1/psoc creator/import/gnu_cs/arm/4.8.4/bin/../lib/gcc/arm-none-eabi/4.8.4/armv6-m\libgcc.a
LOAD c:/program files (x86)/cypress/psoc creator/3.1/psoc creator/import/gnu_cs/arm/4.8.4/bin/../lib/gcc/arm-none-eabi/4.8.4/../../../../arm-none-eabi/lib/armv6-m\libg_s.a
LOAD c:/program files (x86)/cypress/psoc creator/3.1/psoc creator/import/gnu_cs/arm/4.8.4/bin/../lib/gcc/arm-none-eabi/4.8.4/../../../../arm-none-eabi/lib/armv6-m\libc_s.a
END GROUP
START GROUP
LOAD c:/program files (x86)/cypress/psoc creator/3.1/psoc creator/import/gnu_cs/arm/4.8.4/bin/../lib/gcc/arm-none-eabi/4.8.4/armv6-m\libgcc.a
LOAD c:/program files (x86)/cypress/psoc creator/3.1/psoc creator/import/gnu_cs/arm/4.8.4/bin/../lib/gcc/arm-none-eabi/4.8.4/../../../../arm-none-eabi/lib/armv6-m\libc_s.a
END GROUP
LOAD c:/program files (x86)/cypress/psoc creator/3.1/psoc creator/import/gnu_cs/arm/4.8.4/bin/../lib/gcc/arm-none-eabi/4.8.4/armv6-m/crtend.o
LOAD c:/program files (x86)/cypress/psoc creator/3.1/psoc creator/import/gnu_cs/arm/4.8.4/bin/../lib/gcc/arm-none-eabi/4.8.4/armv6-m/crtn.o
START GROUP
LOAD c:/program files (x86)/cypress/psoc creator/3.1/psoc creator/import/gnu_cs/arm/4.8.4/bin/../lib/gcc/arm-none-eabi/4.8.4/armv6-m\libgcc.a
LOAD c:/program files (x86)/cypress/psoc creator/3.1/psoc creator/import/gnu_cs/arm/4.8.4/bin/../lib/gcc/arm-none-eabi/4.8.4/../../../../arm-none-eabi/lib/armv6-m\libc.a
LOAD c:/program files (x86)/cypress/psoc creator/3.1/psoc creator/import/gnu_cs/arm/4.8.4/bin/../lib/gcc/arm-none-eabi/4.8.4/../../../../arm-none-eabi/lib/armv6-m\libnosys.a
END GROUP
                0x00000000                CY_APPL_ORIGIN = 0x0
                0x00000080                CY_FLASH_ROW_SIZE = 0x80
                0x00000001                CY_APPL_NUM = 0x1
                0x00000040                CY_METADATA_SIZE = 0x40
                0x200001e8                PROVIDE (__cy_heap_start, _end)
                0x00000001                PROVIDE (__cy_region_num, ((__cy_regions_end - __cy_regions) / 0x10))
                0x20001000                PROVIDE (__cy_stack, (ORIGIN (ram) + 0x1000))
                0x20000c00                PROVIDE (__cy_heap_end, (__cy_stack - 0x400))

.cybootloader   0x00000000      0xf00
 *(.cybootloader)
 .cybootloader  0x00000000      0xf00 .\CortexM0\ARM_GCC_484\Debug\cybootloader.o
                0x00000000                cy_bootloader
                0x00000f00                appl1_start = CY_APPL_ORIGIN?CY_APPL_ORIGIN:ALIGN (CY_FLASH_ROW_SIZE)
                0x00004700                appl2_start = (appl1_start + ALIGN ((((0x8000 - appl1_start) - (0x2 * CY_FLASH_ROW_SIZE)) / 0x2), CY_FLASH_ROW_SIZE))
                0x00000f00                appl_start = (CY_APPL_NUM == 0x1)?appl1_start:appl2_start

.text           0x00000f00     0x123c
 CREATE_OBJECT_SYMBOLS
                0x00000f00                PROVIDE (__cy_interrupt_vector, RomVectors)
 *(.romvectors)
 .romvectors    0x00000f00       0x10 .\CortexM0\ARM_GCC_484\Debug\Cm0Start.o
                0x00000f00                RomVectors
                0x00000001                ASSERT ((. != __cy_interrupt_vector), No interrupt vector)
                0x00000001                ASSERT (CY_APPL_ORIGIN?(SIZEOF (.cybootloader) <= CY_APPL_ORIGIN):0x1, Wrong image location)
                0x00000f10                PROVIDE (__cy_reset, Reset)
 *(.text.Reset)
 .text.Reset    0x00000f10       0x14 .\CortexM0\ARM_GCC_484\Debug\Cm0Start.o
                0x00000f10                Reset
                0x00000001                ASSERT ((. != __cy_reset), No reset code)
 *(.psocinit)
 .psocinit      0x00000f24      0x374 .\CortexM0\ARM_GCC_484\Debug\arm_controller_v2.a(cyfitter_cfg.o)
                0x00001080                cyfitter_cfg
                0x00001298                . = MAX (., 0x100)
 *(.text .text.* .gnu.linkonce.t.*)
 .text          0x00001298       0x60 c:/program files (x86)/cypress/psoc creator/3.1/psoc creator/import/gnu_cs/arm/4.8.4/bin/../lib/gcc/arm-none-eabi/4.8.4/armv6-m/crtbegin.o
 .text.timer_isr
                0x000012f8       0x28 .\CortexM0\ARM_GCC_484\Debug\main.o
                0x000012f8                timer_isr
 .text.fill_data_array1
                0x00001320       0x4c .\CortexM0\ARM_GCC_484\Debug\main.o
                0x00001320                fill_data_array1
 .text.led      0x0000136c       0x88 .\CortexM0\ARM_GCC_484\Debug\main.o
                0x0000136c                led
 .text.average  0x000013f4       0x78 .\CortexM0\ARM_GCC_484\Debug\main.o
                0x000013f4                average
 .text.servo1   0x0000146c      0x128 .\CortexM0\ARM_GCC_484\Debug\main.o
                0x0000146c                servo1
 .text.main     0x00001594       0xe4 .\CortexM0\ARM_GCC_484\Debug\main.o
                0x00001594                main
 .text.IntDefaultHandler
                0x00001678        0x8 .\CortexM0\ARM_GCC_484\Debug\Cm0Start.o
                0x00001678                IntDefaultHandler
 .text._sbrk    0x00001680       0x50 .\CortexM0\ARM_GCC_484\Debug\Cm0Start.o
                0x00001680                _sbrk
 .text.Start_c  0x000016d0       0x98 .\CortexM0\ARM_GCC_484\Debug\Cm0Start.o
                0x000016d0                Start_c
 .text.initialize_psoc
                0x00001768       0x74 .\CortexM0\ARM_GCC_484\Debug\Cm0Start.o
                0x00001768                initialize_psoc
 .text.CYMEMZERO
                0x000017dc       0x20 .\CortexM0\ARM_GCC_484\Debug\arm_controller_v2.a(cyfitter_cfg.o)
 .text.CYCONFIGCPYCODE
                0x000017fc       0x24 .\CortexM0\ARM_GCC_484\Debug\arm_controller_v2.a(cyfitter_cfg.o)
 .text.cfg_write_bytes32
                0x00001820       0x80 .\CortexM0\ARM_GCC_484\Debug\arm_controller_v2.a(cyfitter_cfg.o)
 .text.AnalogSetDefault
                0x000018a0        0x8 .\CortexM0\ARM_GCC_484\Debug\arm_controller_v2.a(cyfitter_cfg.o)
 .text.Clock_counter_Start
                0x000018a8       0x1c .\CortexM0\ARM_GCC_484\Debug\arm_controller_v2.a(Clock_counter.o)
                0x000018a8                Clock_counter_Start
 .text.Clock_pwm_Start
                0x000018c4       0x1c .\CortexM0\ARM_GCC_484\Debug\arm_controller_v2.a(Clock_pwm.o)
                0x000018c4                Clock_pwm_Start
 .text.isr_1_StartEx
                0x000018e0       0x24 .\CortexM0\ARM_GCC_484\Debug\arm_controller_v2.a(isr_1.o)
                0x000018e0                isr_1_StartEx
 .text.isr_1_SetVector
                0x00001904       0x1c .\CortexM0\ARM_GCC_484\Debug\arm_controller_v2.a(isr_1.o)
                0x00001904                isr_1_SetVector
 .text.isr_1_SetPriority
                0x00001920       0x50 .\CortexM0\ARM_GCC_484\Debug\arm_controller_v2.a(isr_1.o)
                0x00001920                isr_1_SetPriority
 .text.isr_1_Enable
                0x00001970       0x14 .\CortexM0\ARM_GCC_484\Debug\arm_controller_v2.a(isr_1.o)
                0x00001970                isr_1_Enable
 .text.isr_1_Disable
                0x00001984       0x14 .\CortexM0\ARM_GCC_484\Debug\arm_controller_v2.a(isr_1.o)
                0x00001984                isr_1_Disable
 .text.PWM_1_Start
                0x00001998       0x24 .\CortexM0\ARM_GCC_484\Debug\arm_controller_v2.a(PWM_1.o)
                0x00001998                PWM_1_Start
 .text.PWM_1_Init
                0x000019bc       0xac .\CortexM0\ARM_GCC_484\Debug\arm_controller_v2.a(PWM_1.o)
                0x000019bc                PWM_1_Init
 .text.PWM_1_Enable
                0x00001a68       0x20 .\CortexM0\ARM_GCC_484\Debug\arm_controller_v2.a(PWM_1.o)
                0x00001a68                PWM_1_Enable
 .text.PWM_1_WriteCounter
                0x00001a88       0x20 .\CortexM0\ARM_GCC_484\Debug\arm_controller_v2.a(PWM_1.o)
                0x00001a88                PWM_1_WriteCounter
 .text.PWM_1_ClearFIFO
                0x00001aa8       0x1c .\CortexM0\ARM_GCC_484\Debug\arm_controller_v2.a(PWM_1.o)
                0x00001aa8                PWM_1_ClearFIFO
 .text.PWM_1_WritePeriod
                0x00001ac4       0x20 .\CortexM0\ARM_GCC_484\Debug\arm_controller_v2.a(PWM_1.o)
                0x00001ac4                PWM_1_WritePeriod
 .text.PWM_1_WriteCompare1
                0x00001ae4       0x20 .\CortexM0\ARM_GCC_484\Debug\arm_controller_v2.a(PWM_1.o)
                0x00001ae4                PWM_1_WriteCompare1
 .text.PWM_1_WriteCompare2
                0x00001b04       0x20 .\CortexM0\ARM_GCC_484\Debug\arm_controller_v2.a(PWM_1.o)
                0x00001b04                PWM_1_WriteCompare2
 .text.PWM_1_SetInterruptMode
                0x00001b24       0x20 .\CortexM0\ARM_GCC_484\Debug\arm_controller_v2.a(PWM_1.o)
                0x00001b24                PWM_1_SetInterruptMode
 .text.PWM_1_ReadStatusRegister
                0x00001b44       0x14 .\CortexM0\ARM_GCC_484\Debug\arm_controller_v2.a(PWM_1.o)
                0x00001b44                PWM_1_ReadStatusRegister
 .text.PWM_1_ReadCapture
                0x00001b58       0x14 .\CortexM0\ARM_GCC_484\Debug\arm_controller_v2.a(PWM_1.o)
                0x00001b58                PWM_1_ReadCapture
 .text.Timer_1_Init
                0x00001b6c       0x38 .\CortexM0\ARM_GCC_484\Debug\arm_controller_v2.a(Timer_1.o)
                0x00001b6c                Timer_1_Init
 .text.Timer_1_Enable
                0x00001ba4       0x38 .\CortexM0\ARM_GCC_484\Debug\arm_controller_v2.a(Timer_1.o)
                0x00001ba4                Timer_1_Enable
 .text.Timer_1_Start
                0x00001bdc       0x24 .\CortexM0\ARM_GCC_484\Debug\arm_controller_v2.a(Timer_1.o)
                0x00001bdc                Timer_1_Start
 .text.Timer_1_WriteCounter
                0x00001c00       0x1c .\CortexM0\ARM_GCC_484\Debug\arm_controller_v2.a(Timer_1.o)
                0x00001c00                Timer_1_WriteCounter
 .text.Timer_1_WritePeriod
                0x00001c1c       0x1c .\CortexM0\ARM_GCC_484\Debug\arm_controller_v2.a(Timer_1.o)
                0x00001c1c                Timer_1_WritePeriod
 .text.Timer_1_TriggerCommand
                0x00001c38       0x3c .\CortexM0\ARM_GCC_484\Debug\arm_controller_v2.a(Timer_1.o)
                0x00001c38                Timer_1_TriggerCommand
 .text.Timer_1_SetInterruptMode
                0x00001c74       0x18 .\CortexM0\ARM_GCC_484\Debug\arm_controller_v2.a(Timer_1.o)
                0x00001c74                Timer_1_SetInterruptMode
 .text.Timer_1_GetInterruptSourceMasked
                0x00001c8c       0x14 .\CortexM0\ARM_GCC_484\Debug\arm_controller_v2.a(Timer_1.o)
                0x00001c8c                Timer_1_GetInterruptSourceMasked
 .text.Timer_1_ClearInterrupt
                0x00001ca0       0x18 .\CortexM0\ARM_GCC_484\Debug\arm_controller_v2.a(Timer_1.o)
                0x00001ca0                Timer_1_ClearInterrupt
 .text          0x00001cb8       0x28 .\CortexM0\ARM_GCC_484\Debug\arm_controller_v2.a(CyBootAsmGnu.o)
                0x00001cb8                CyDelayCycles
                0x00001ccc                CyEnterCriticalSection
                0x00001cd4                CyExitCriticalSection
 .text.CyDelayUs
                0x00001ce0       0x28 .\CortexM0\ARM_GCC_484\Debug\arm_controller_v2.a(CyLib.o)
                0x00001ce0                CyDelayUs
 .text          0x00001d08       0x9c c:/program files (x86)/cypress/psoc creator/3.1/psoc creator/import/gnu_cs/arm/4.8.4/bin/../lib/gcc/arm-none-eabi/4.8.4/armv6-m\libgcc.a(_udivsi3.o)
                0x00001d08                __aeabi_uidiv
                0x00001d08                __udivsi3
                0x00001d90                __aeabi_uidivmod
 .text          0x00001da4       0xc0 c:/program files (x86)/cypress/psoc creator/3.1/psoc creator/import/gnu_cs/arm/4.8.4/bin/../lib/gcc/arm-none-eabi/4.8.4/armv6-m\libgcc.a(_divsi3.o)
                0x00001da4                __divsi3
                0x00001da4                __aeabi_idiv
                0x00001e50                __aeabi_idivmod
 .text          0x00001e64        0x4 c:/program files (x86)/cypress/psoc creator/3.1/psoc creator/import/gnu_cs/arm/4.8.4/bin/../lib/gcc/arm-none-eabi/4.8.4/armv6-m\libgcc.a(_dvmd_tls.o)
                0x00001e64                __aeabi_idiv0
                0x00001e64                __aeabi_ldiv0
 .text.__errno  0x00001e68        0xc c:/program files (x86)/cypress/psoc creator/3.1/psoc creator/import/gnu_cs/arm/4.8.4/bin/../lib/gcc/arm-none-eabi/4.8.4/../../../../arm-none-eabi/lib/armv6-m\libg_s.a(lib_a-errno.o)
                0x00001e68                __errno
 .text.__libc_init_array
                0x00001e74       0x4c c:/program files (x86)/cypress/psoc creator/3.1/psoc creator/import/gnu_cs/arm/4.8.4/bin/../lib/gcc/arm-none-eabi/4.8.4/../../../../arm-none-eabi/lib/armv6-m\libg_s.a(lib_a-init.o)
                0x00001e74                __libc_init_array
 .text.memcpy   0x00001ec0       0x12 c:/program files (x86)/cypress/psoc creator/3.1/psoc creator/import/gnu_cs/arm/4.8.4/bin/../lib/gcc/arm-none-eabi/4.8.4/../../../../arm-none-eabi/lib/armv6-m\libg_s.a(lib_a-memcpy-stub.o)
                0x00001ec0                memcpy
 .text.memset   0x00001ed2       0x10 c:/program files (x86)/cypress/psoc creator/3.1/psoc creator/import/gnu_cs/arm/4.8.4/bin/../lib/gcc/arm-none-eabi/4.8.4/../../../../arm-none-eabi/lib/armv6-m\libg_s.a(lib_a-memset.o)
                0x00001ed2                memset
 *fill*         0x00001ee2        0x2 
 .text.srand    0x00001ee4       0x5c c:/program files (x86)/cypress/psoc creator/3.1/psoc creator/import/gnu_cs/arm/4.8.4/bin/../lib/gcc/arm-none-eabi/4.8.4/../../../../arm-none-eabi/lib/armv6-m\libg_s.a(lib_a-rand.o)
                0x00001ee4                srand
 .text.rand     0x00001f40       0x78 c:/program files (x86)/cypress/psoc creator/3.1/psoc creator/import/gnu_cs/arm/4.8.4/bin/../lib/gcc/arm-none-eabi/4.8.4/../../../../arm-none-eabi/lib/armv6-m\libg_s.a(lib_a-rand.o)
                0x00001f40                rand
 .text.time     0x00001fb8       0x2c c:/program files (x86)/cypress/psoc creator/3.1/psoc creator/import/gnu_cs/arm/4.8.4/bin/../lib/gcc/arm-none-eabi/4.8.4/../../../../arm-none-eabi/lib/armv6-m\libg_s.a(lib_a-time.o)
                0x00001fb8                time
 .text._gettimeofday_r
                0x00001fe4       0x24 c:/program files (x86)/cypress/psoc creator/3.1/psoc creator/import/gnu_cs/arm/4.8.4/bin/../lib/gcc/arm-none-eabi/4.8.4/../../../../arm-none-eabi/lib/armv6-m\libg_s.a(lib_a-gettimeofdayr.o)
                0x00001fe4                _gettimeofday_r
 .text.malloc   0x00002008       0x14 c:/program files (x86)/cypress/psoc creator/3.1/psoc creator/import/gnu_cs/arm/4.8.4/bin/../lib/gcc/arm-none-eabi/4.8.4/../../../../arm-none-eabi/lib/armv6-m\libg_s.a(lib_a-malloc.o)
                0x00002008                malloc
 .text._malloc_r
                0x0000201c       0xa8 c:/program files (x86)/cypress/psoc creator/3.1/psoc creator/import/gnu_cs/arm/4.8.4/bin/../lib/gcc/arm-none-eabi/4.8.4/../../../../arm-none-eabi/lib/armv6-m\libg_s.a(lib_a-nano-mallocr.o)
                0x0000201c                _malloc_r
 .text._sbrk_r  0x000020c4       0x24 c:/program files (x86)/cypress/psoc creator/3.1/psoc creator/import/gnu_cs/arm/4.8.4/bin/../lib/gcc/arm-none-eabi/4.8.4/../../../../arm-none-eabi/lib/armv6-m\libg_s.a(lib_a-sbrkr.o)
                0x000020c4                _sbrk_r
 .text          0x000020e8       0x44 c:/program files (x86)/cypress/psoc creator/3.1/psoc creator/import/gnu_cs/arm/4.8.4/bin/../lib/gcc/arm-none-eabi/4.8.4/armv6-m\libgcc.a(_muldi3.o)
                0x000020e8                __muldi3
                0x000020e8                __aeabi_lmul
 .text._gettimeofday
                0x0000212c       0x10 c:/program files (x86)/cypress/psoc creator/3.1/psoc creator/import/gnu_cs/arm/4.8.4/bin/../lib/gcc/arm-none-eabi/4.8.4/../../../../arm-none-eabi/lib/armv6-m\libnosys.a(gettod.o)
                0x0000212c                _gettimeofday
 *(.plt)
 *(.gnu.warning)
 *(.glue_7t)
 .glue_7t       0x00000000        0x0 linker stubs
 *(.glue_7)
 .glue_7        0x00000000        0x0 linker stubs
 *(.vfp11_veneer)
 .vfp11_veneer  0x00000000        0x0 linker stubs
 *(.bootloader)
 *(.ARM.extab* .gnu.linkonce.armextab.*)
 *(.gcc_except_table)

.v4_bx          0x0000213c        0x0
 .v4_bx         0x00000000        0x0 linker stubs

.iplt           0x0000213c        0x0
 .iplt          0x00000000        0x0 c:/program files (x86)/cypress/psoc creator/3.1/psoc creator/import/gnu_cs/arm/4.8.4/bin/../lib/gcc/arm-none-eabi/4.8.4/armv6-m/crtbegin.o

.eh_frame_hdr
 *(.eh_frame_hdr)

.eh_frame       0x0000213c        0x4
 *(.eh_frame)
 .eh_frame      0x0000213c        0x0 c:/program files (x86)/cypress/psoc creator/3.1/psoc creator/import/gnu_cs/arm/4.8.4/bin/../lib/gcc/arm-none-eabi/4.8.4/armv6-m/crtbegin.o
 .eh_frame      0x0000213c        0x4 c:/program files (x86)/cypress/psoc creator/3.1/psoc creator/import/gnu_cs/arm/4.8.4/bin/../lib/gcc/arm-none-eabi/4.8.4/armv6-m/crtend.o
                0x00002140                PROVIDE (__exidx_start, .)

.ARM.exidx
 *(.ARM.exidx* .gnu.linkonce.armexidx.*)
                0x00002140                __exidx_end = .

.rodata         0x00002140      0x340
 *(.rodata .rodata.* .gnu.linkonce.r.*)
 .rodata        0x00002140      0x308 .\CortexM0\ARM_GCC_484\Debug\arm_controller_v2.a(cyfitter_cfg.o)
 .rodata.str1.1
                0x00002448        0x2 c:/program files (x86)/cypress/psoc creator/3.1/psoc creator/import/gnu_cs/arm/4.8.4/bin/../lib/gcc/arm-none-eabi/4.8.4/../../../../arm-none-eabi/lib/armv6-m\libg_s.a(lib_a-impure.o)
                0x0000244c                . = ALIGN (0x4)
 *fill*         0x0000244a        0x2 
 *(.init)
 .init          0x0000244c        0x4 c:/program files (x86)/cypress/psoc creator/3.1/psoc creator/import/gnu_cs/arm/4.8.4/bin/../lib/gcc/arm-none-eabi/4.8.4/armv6-m/crti.o
                0x0000244c                _init
 .init          0x00002450        0x8 c:/program files (x86)/cypress/psoc creator/3.1/psoc creator/import/gnu_cs/arm/4.8.4/bin/../lib/gcc/arm-none-eabi/4.8.4/armv6-m/crtn.o
                0x00002458                . = ALIGN (0x4)
                0x00002458                __preinit_array_start = .
 *(.preinit_array)
                0x00002458                __preinit_array_end = .
                0x00002458                . = ALIGN (0x4)
                0x00002458                __init_array_start = .
 *(SORT(.init_array.*))
 *(.init_array)
 .init_array    0x00002458        0x4 c:/program files (x86)/cypress/psoc creator/3.1/psoc creator/import/gnu_cs/arm/4.8.4/bin/../lib/gcc/arm-none-eabi/4.8.4/armv6-m/crtbegin.o
 .init_array    0x0000245c        0x4 .\CortexM0\ARM_GCC_484\Debug\Cm0Start.o
                0x00002460                __init_array_end = .
                0x00002460                . = ALIGN (0x4)
 *(.fini)
 .fini          0x00002460        0x4 c:/program files (x86)/cypress/psoc creator/3.1/psoc creator/import/gnu_cs/arm/4.8.4/bin/../lib/gcc/arm-none-eabi/4.8.4/armv6-m/crti.o
                0x00002460                _fini
 .fini          0x00002464        0x8 c:/program files (x86)/cypress/psoc creator/3.1/psoc creator/import/gnu_cs/arm/4.8.4/bin/../lib/gcc/arm-none-eabi/4.8.4/armv6-m/crtn.o
                0x0000246c                . = ALIGN (0x4)
                0x0000246c                __fini_array_start = .
 *(.fini_array)
 .fini_array    0x0000246c        0x4 c:/program files (x86)/cypress/psoc creator/3.1/psoc creator/import/gnu_cs/arm/4.8.4/bin/../lib/gcc/arm-none-eabi/4.8.4/armv6-m/crtbegin.o
 *(SORT(.fini_array.*))
                0x00002470                __fini_array_end = .
                0x00002470                . = ALIGN (0x4)
 *crtbegin.o(.ctors)
 *(EXCLUDE_FILE(*crtend.o) .ctors)
 *(SORT(.ctors.*))
 *crtend.o(.ctors)
                0x00002470                . = ALIGN (0x4)
 *crtbegin.o(.dtors)
 *(EXCLUDE_FILE(*crtend.o) .dtors)
 *(SORT(.dtors.*))
 *crtend.o(.dtors)
                0x00002470                . = ALIGN (0x4)
                0x00002470                __cy_regions = .
                0x00002470        0x4 LONG 0x2480 __cy_region_init_ram
                0x00002474        0x4 LONG 0x200000d0 __cy_region_start_data
                0x00002478        0x4 LONG 0x80 __cy_region_init_size_ram
                0x0000247c        0x4 LONG 0x98 __cy_region_zero_size_ram
                0x00002480                __cy_regions_end = .
                0x00002480                . = ALIGN (0x8)
                0x00002480                _etext = .

.ramvectors     0x20000000       0xc0
                0x20000000                __cy_region_start_ram = .
 *(.ramvectors)
 .ramvectors    0x20000000       0xc0 .\CortexM0\ARM_GCC_484\Debug\Cm0Start.o
                0x20000000                CyRamVectors

.btldr_run      0x200000c0        0x4
 *(.bootloaderruntype)
 .bootloaderruntype
                0x200000c0        0x4 .\CortexM0\ARM_GCC_484\Debug\Cm0Start.o
                0x200000c0                cyBtldrRunType

.noinit         0x200000c8        0x4
 *(.noinit)
 .noinit        0x200000c8        0x4 .\CortexM0\ARM_GCC_484\Debug\Cm0Start.o

.data           0x200000d0       0x80 load address 0x00002480
                0x200000d0                __cy_region_start_data = .
 *(.jcr)
 .jcr           0x200000d0        0x0 c:/program files (x86)/cypress/psoc creator/3.1/psoc creator/import/gnu_cs/arm/4.8.4/bin/../lib/gcc/arm-none-eabi/4.8.4/armv6-m/crtbegin.o
 .jcr           0x200000d0        0x4 c:/program files (x86)/cypress/psoc creator/3.1/psoc creator/import/gnu_cs/arm/4.8.4/bin/../lib/gcc/arm-none-eabi/4.8.4/armv6-m/crtend.o
 *(.got.plt)
 *(.got)
 *(.shdata)
 *(.data .data.* .gnu.linkonce.d.*)
 .data          0x200000d4        0x4 .\CortexM0\ARM_GCC_484\Debug\Cm0Start.o
 .data          0x200000d8        0x4 .\CortexM0\ARM_GCC_484\Debug\arm_controller_v2.a(cyfitter_cfg.o)
 .data          0x200000dc       0x10 .\CortexM0\ARM_GCC_484\Debug\arm_controller_v2.a(CyLib.o)
                0x200000dc                cydelayFreqHz
                0x200000e0                cydelayFreqKhz
                0x200000e4                cydelayFreqMhz
                0x200000e8                cydelay32kMs
 .data.impure_data
                0x200000ec       0x60 c:/program files (x86)/cypress/psoc creator/3.1/psoc creator/import/gnu_cs/arm/4.8.4/bin/../lib/gcc/arm-none-eabi/4.8.4/../../../../arm-none-eabi/lib/armv6-m\libg_s.a(lib_a-impure.o)
 .data._impure_ptr
                0x2000014c        0x4 c:/program files (x86)/cypress/psoc creator/3.1/psoc creator/import/gnu_cs/arm/4.8.4/bin/../lib/gcc/arm-none-eabi/4.8.4/../../../../arm-none-eabi/lib/armv6-m\libg_s.a(lib_a-impure.o)
                0x2000014c                _impure_ptr
                0x20000150                . = ALIGN (0x8)
 *(.ram)
                0x20000150                _edata = .

.igot.plt       0x20000150        0x0 load address 0x00002500
 .igot.plt      0x00000000        0x0 c:/program files (x86)/cypress/psoc creator/3.1/psoc creator/import/gnu_cs/arm/4.8.4/bin/../lib/gcc/arm-none-eabi/4.8.4/armv6-m/crtbegin.o

.bss            0x20000150       0x98 load address 0x00002500
                0x20000150                PROVIDE (__bss_start__, .)
 *(.shbss)
 *(.bss .bss.* .gnu.linkonce.b.*)
 .bss           0x20000150       0x1c c:/program files (x86)/cypress/psoc creator/3.1/psoc creator/import/gnu_cs/arm/4.8.4/bin/../lib/gcc/arm-none-eabi/4.8.4/armv6-m/crtbegin.o
 .bss           0x2000016c        0x1 .\CortexM0\ARM_GCC_484\Debug\arm_controller_v2.a(PWM_1.o)
                0x2000016c                PWM_1_initVar
 .bss           0x2000016d        0x1 .\CortexM0\ARM_GCC_484\Debug\arm_controller_v2.a(Timer_1.o)
                0x2000016d                Timer_1_initVar
 *fill*         0x2000016e        0x2 
 .bss.__malloc_sbrk_start
                0x20000170        0x4 c:/program files (x86)/cypress/psoc creator/3.1/psoc creator/import/gnu_cs/arm/4.8.4/bin/../lib/gcc/arm-none-eabi/4.8.4/../../../../arm-none-eabi/lib/armv6-m\libg_s.a(lib_a-nano-mallocr.o)
                0x20000170                __malloc_sbrk_start
 .bss.__malloc_free_list
                0x20000174        0x4 c:/program files (x86)/cypress/psoc creator/3.1/psoc creator/import/gnu_cs/arm/4.8.4/bin/../lib/gcc/arm-none-eabi/4.8.4/../../../../arm-none-eabi/lib/armv6-m\libg_s.a(lib_a-nano-mallocr.o)
                0x20000174                __malloc_free_list
 *(COMMON)
 COMMON         0x20000178       0x66 .\CortexM0\ARM_GCC_484\Debug\main.o
                0x20000178                test_array
                0x2000018c                servo_array
                0x200001b4                servo1_state
                0x200001b5                led_state
                0x200001b6                servo_state
                0x200001b8                data_array
                0x200001d4                wristTilt_state
                0x200001d6                feedback_count
                0x200001d8                new_pack
                0x200001d9                timerFlag
                0x200001da                shldr_state
                0x200001db                serv_arr_cspot
                0x200001dc                wristRotate_state
                0x200001dd                wiznet
 *fill*         0x200001de        0x2 
 COMMON         0x200001e0        0x4 c:/program files (x86)/cypress/psoc creator/3.1/psoc creator/import/gnu_cs/arm/4.8.4/bin/../lib/gcc/arm-none-eabi/4.8.4/../../../../arm-none-eabi/lib/armv6-m\libg_s.a(lib_a-reent.o)
                0x200001e0                errno
                0x200001e8                . = ALIGN (0x8)
 *fill*         0x200001e4        0x4 
 *(.ram.b)
                0x200001e8                _end = .
                0x200001e8                __end = .
                0x200001e8                PROVIDE (end, .)
                0x200001e8                PROVIDE (__bss_end__, .)
                0x00002480                __cy_region_init_ram = LOADADDR (.data)
                0x00000080                __cy_region_init_size_ram = (_edata - ADDR (.data))
                0x00000098                __cy_region_zero_size_ram = (_end - _edata)

.heap           0x200001e8       0x80 load address 0x00002500
                0x200001e8                . = _end
                0x20000268                . = (. + 0x80)
 *fill*         0x200001e8       0x80 
                0x20000268                __cy_heap_limit = .

.stack          0x20000c00      0x400
                0x20000c00                __cy_stack_limit = .
                0x20001000                . = (. + 0x400)
 *fill*         0x20000c00      0x400 
                0x00000001                ASSERT ((__cy_stack_limit >= __cy_heap_limit), region RAM overflowed with stack)

.cyloadermeta   0xf0000000       0x40
 *(.cyloadermeta)
 .cyloadermeta  0xf0000000       0x40 .\CortexM0\ARM_GCC_484\Debug\cybootloader.o
                0xf0000000                cy_meta_loader

.cyloadablemeta
                0x00007fc0       0x40
 *(.cyloadablemeta)
 .cyloadablemeta
                0x00007fc0       0x40 .\CortexM0\ARM_GCC_484\Debug\cymetadata.o
                0x00007fc0                cy_meta_loadable

.cyflashprotect
                0x90400000       0x20
 *(.cyflashprotect)
 .cyflashprotect
                0x90400000       0x20 .\CortexM0\ARM_GCC_484\Debug\cybootloader.o
                0x90400000                cy_meta_flashprotect

.cymeta         0x90500000        0xc
 *(.cymeta)
 .cymeta        0x90500000        0xc .\CortexM0\ARM_GCC_484\Debug\cybootloader.o
                0x90500000                cy_metadata

.cychipprotect  0x90600000        0x4
 *(.cychipprotect)
 .cychipprotect
                0x90600000        0x4 .\CortexM0\ARM_GCC_484\Debug\cybootloader.o
                0x90600000                cy_meta_chipprotect

.rel.dyn        0x00008000        0x0 load address 0x90600004
 .rel.iplt      0x00000000        0x0 c:/program files (x86)/cypress/psoc creator/3.1/psoc creator/import/gnu_cs/arm/4.8.4/bin/../lib/gcc/arm-none-eabi/4.8.4/armv6-m/crtbegin.o

.stab           0x00000000       0x24
 *(.stab)
 .stab          0x00000000       0x24 c:/program files (x86)/cypress/psoc creator/3.1/psoc creator/import/gnu_cs/arm/4.8.4/bin/../lib/gcc/arm-none-eabi/4.8.4/../../../../arm-none-eabi/lib/armv6-m\libnosys.a(gettod.o)

.stabstr        0x00000000       0x4e
 *(.stabstr)
 .stabstr       0x00000000       0x4e c:/program files (x86)/cypress/psoc creator/3.1/psoc creator/import/gnu_cs/arm/4.8.4/bin/../lib/gcc/arm-none-eabi/4.8.4/../../../../arm-none-eabi/lib/armv6-m\libnosys.a(gettod.o)

.debug
 *(.debug)

.line
 *(.line)

.debug_srcinfo
 *(.debug_srcinfo)

.debug_sfnames
 *(.debug_sfnames)

.debug_aranges  0x00000000      0x6a8
 *(.debug_aranges)
 .debug_aranges
                0x00000000       0x88 .\CortexM0\ARM_GCC_484\Debug\main.o
 .debug_aranges
                0x00000088       0x18 .\CortexM0\ARM_GCC_484\Debug\cybootloader.o
 .debug_aranges
                0x000000a0       0x18 .\CortexM0\ARM_GCC_484\Debug\cymetadata.o
 .debug_aranges
                0x000000b8       0x48 .\CortexM0\ARM_GCC_484\Debug\Cm0Start.o
 .debug_aranges
                0x00000100       0x58 .\CortexM0\ARM_GCC_484\Debug\arm_controller_v2.a(cyfitter_cfg.o)
 .debug_aranges
                0x00000158       0x40 .\CortexM0\ARM_GCC_484\Debug\arm_controller_v2.a(Clock_counter.o)
 .debug_aranges
                0x00000198       0x40 .\CortexM0\ARM_GCC_484\Debug\arm_controller_v2.a(Clock_pwm.o)
 .debug_aranges
                0x000001d8       0x80 .\CortexM0\ARM_GCC_484\Debug\arm_controller_v2.a(isr_1.o)
 .debug_aranges
                0x00000258       0xa8 .\CortexM0\ARM_GCC_484\Debug\arm_controller_v2.a(PWM_1.o)
 .debug_aranges
                0x00000300      0x158 .\CortexM0\ARM_GCC_484\Debug\arm_controller_v2.a(Timer_1.o)
 .debug_aranges
                0x00000458       0x20 .\CortexM0\ARM_GCC_484\Debug\arm_controller_v2.a(CyBootAsmGnu.o)
 .debug_aranges
                0x00000478      0x230 .\CortexM0\ARM_GCC_484\Debug\arm_controller_v2.a(CyLib.o)

.debug_pubnames
 *(.debug_pubnames)

.debug_info     0x00000000     0x2b07
 *(.debug_info .gnu.linkonce.wi.*)
 .debug_info    0x00000000      0x503 .\CortexM0\ARM_GCC_484\Debug\main.o
 .debug_info    0x00000503      0x14d .\CortexM0\ARM_GCC_484\Debug\cybootloader.o
 .debug_info    0x00000650       0xb1 .\CortexM0\ARM_GCC_484\Debug\cymetadata.o
 .debug_info    0x00000701      0x310 .\CortexM0\ARM_GCC_484\Debug\Cm0Start.o
 .debug_info    0x00000a11      0x549 .\CortexM0\ARM_GCC_484\Debug\arm_controller_v2.a(cyfitter_cfg.o)
 .debug_info    0x00000f5a      0x14d .\CortexM0\ARM_GCC_484\Debug\arm_controller_v2.a(Clock_counter.o)
 .debug_info    0x000010a7      0x14d .\CortexM0\ARM_GCC_484\Debug\arm_controller_v2.a(Clock_pwm.o)
 .debug_info    0x000011f4      0x241 .\CortexM0\ARM_GCC_484\Debug\arm_controller_v2.a(isr_1.o)
 .debug_info    0x00001435      0x2da .\CortexM0\ARM_GCC_484\Debug\arm_controller_v2.a(PWM_1.o)
 .debug_info    0x0000170f      0x6f0 .\CortexM0\ARM_GCC_484\Debug\arm_controller_v2.a(Timer_1.o)
 .debug_info    0x00001dff       0xad .\CortexM0\ARM_GCC_484\Debug\arm_controller_v2.a(CyBootAsmGnu.o)
 .debug_info    0x00001eac      0xc5b .\CortexM0\ARM_GCC_484\Debug\arm_controller_v2.a(CyLib.o)

.debug_abbrev   0x00000000      0xd21
 *(.debug_abbrev)
 .debug_abbrev  0x00000000      0x1b3 .\CortexM0\ARM_GCC_484\Debug\main.o
 .debug_abbrev  0x000001b3       0x77 .\CortexM0\ARM_GCC_484\Debug\cybootloader.o
 .debug_abbrev  0x0000022a       0x5d .\CortexM0\ARM_GCC_484\Debug\cymetadata.o
 .debug_abbrev  0x00000287      0x1c5 .\CortexM0\ARM_GCC_484\Debug\Cm0Start.o
 .debug_abbrev  0x0000044c      0x1a4 .\CortexM0\ARM_GCC_484\Debug\arm_controller_v2.a(cyfitter_cfg.o)
 .debug_abbrev  0x000005f0       0xb5 .\CortexM0\ARM_GCC_484\Debug\arm_controller_v2.a(Clock_counter.o)
 .debug_abbrev  0x000006a5       0xb5 .\CortexM0\ARM_GCC_484\Debug\arm_controller_v2.a(Clock_pwm.o)
 .debug_abbrev  0x0000075a      0x168 .\CortexM0\ARM_GCC_484\Debug\arm_controller_v2.a(isr_1.o)
 .debug_abbrev  0x000008c2      0x13b .\CortexM0\ARM_GCC_484\Debug\arm_controller_v2.a(PWM_1.o)
 .debug_abbrev  0x000009fd      0x109 .\CortexM0\ARM_GCC_484\Debug\arm_controller_v2.a(Timer_1.o)
 .debug_abbrev  0x00000b06       0x14 .\CortexM0\ARM_GCC_484\Debug\arm_controller_v2.a(CyBootAsmGnu.o)
 .debug_abbrev  0x00000b1a      0x207 .\CortexM0\ARM_GCC_484\Debug\arm_controller_v2.a(CyLib.o)

.debug_line     0x00000000     0x162e
 *(.debug_line)
 .debug_line    0x00000000      0x2a1 .\CortexM0\ARM_GCC_484\Debug\main.o
 .debug_line    0x000002a1       0x55 .\CortexM0\ARM_GCC_484\Debug\cybootloader.o
 .debug_line    0x000002f6       0x53 .\CortexM0\ARM_GCC_484\Debug\cymetadata.o
 .debug_line    0x00000349      0x1bc .\CortexM0\ARM_GCC_484\Debug\Cm0Start.o
 .debug_line    0x00000505      0x1df .\CortexM0\ARM_GCC_484\Debug\arm_controller_v2.a(cyfitter_cfg.o)
 .debug_line    0x000006e4       0xb6 .\CortexM0\ARM_GCC_484\Debug\arm_controller_v2.a(Clock_counter.o)
 .debug_line    0x0000079a       0xb2 .\CortexM0\ARM_GCC_484\Debug\arm_controller_v2.a(Clock_pwm.o)
 .debug_line    0x0000084c      0x154 .\CortexM0\ARM_GCC_484\Debug\arm_controller_v2.a(isr_1.o)
 .debug_line    0x000009a0      0x1b2 .\CortexM0\ARM_GCC_484\Debug\arm_controller_v2.a(PWM_1.o)
 .debug_line    0x00000b52      0x370 .\CortexM0\ARM_GCC_484\Debug\arm_controller_v2.a(Timer_1.o)
 .debug_line    0x00000ec2       0x69 .\CortexM0\ARM_GCC_484\Debug\arm_controller_v2.a(CyBootAsmGnu.o)
 .debug_line    0x00000f2b      0x703 .\CortexM0\ARM_GCC_484\Debug\arm_controller_v2.a(CyLib.o)

.debug_frame    0x00000000     0x18e4
 *(.debug_frame)
 .debug_frame   0x00000000      0x1bc .\CortexM0\ARM_GCC_484\Debug\main.o
 .debug_frame   0x000001bc       0xc8 .\CortexM0\ARM_GCC_484\Debug\Cm0Start.o
 .debug_frame   0x00000284      0x108 .\CortexM0\ARM_GCC_484\Debug\arm_controller_v2.a(cyfitter_cfg.o)
 .debug_frame   0x0000038c       0xa0 .\CortexM0\ARM_GCC_484\Debug\arm_controller_v2.a(Clock_counter.o)
 .debug_frame   0x0000042c       0xa0 .\CortexM0\ARM_GCC_484\Debug\arm_controller_v2.a(Clock_pwm.o)
 .debug_frame   0x000004cc      0x190 .\CortexM0\ARM_GCC_484\Debug\arm_controller_v2.a(isr_1.o)
 .debug_frame   0x0000065c      0x22c .\CortexM0\ARM_GCC_484\Debug\arm_controller_v2.a(PWM_1.o)
 .debug_frame   0x00000888      0x52c .\CortexM0\ARM_GCC_484\Debug\arm_controller_v2.a(Timer_1.o)
 .debug_frame   0x00000db4      0x83c .\CortexM0\ARM_GCC_484\Debug\arm_controller_v2.a(CyLib.o)
 .debug_frame   0x000015f0       0x20 c:/program files (x86)/cypress/psoc creator/3.1/psoc creator/import/gnu_cs/arm/4.8.4/bin/../lib/gcc/arm-none-eabi/4.8.4/armv6-m\libgcc.a(_udivsi3.o)
 .debug_frame   0x00001610       0x20 c:/program files (x86)/cypress/psoc creator/3.1/psoc creator/import/gnu_cs/arm/4.8.4/bin/../lib/gcc/arm-none-eabi/4.8.4/armv6-m\libgcc.a(_divsi3.o)
 .debug_frame   0x00001630       0x20 c:/program files (x86)/cypress/psoc creator/3.1/psoc creator/import/gnu_cs/arm/4.8.4/bin/../lib/gcc/arm-none-eabi/4.8.4/../../../../arm-none-eabi/lib/armv6-m\libg_s.a(lib_a-errno.o)
 .debug_frame   0x00001650       0x28 c:/program files (x86)/cypress/psoc creator/3.1/psoc creator/import/gnu_cs/arm/4.8.4/bin/../lib/gcc/arm-none-eabi/4.8.4/../../../../arm-none-eabi/lib/armv6-m\libg_s.a(lib_a-exit.o)
 .debug_frame   0x00001678       0x2c c:/program files (x86)/cypress/psoc creator/3.1/psoc creator/import/gnu_cs/arm/4.8.4/bin/../lib/gcc/arm-none-eabi/4.8.4/../../../../arm-none-eabi/lib/armv6-m\libg_s.a(lib_a-init.o)
 .debug_frame   0x000016a4       0x28 c:/program files (x86)/cypress/psoc creator/3.1/psoc creator/import/gnu_cs/arm/4.8.4/bin/../lib/gcc/arm-none-eabi/4.8.4/../../../../arm-none-eabi/lib/armv6-m\libg_s.a(lib_a-memcpy-stub.o)
 .debug_frame   0x000016cc       0x20 c:/program files (x86)/cypress/psoc creator/3.1/psoc creator/import/gnu_cs/arm/4.8.4/bin/../lib/gcc/arm-none-eabi/4.8.4/../../../../arm-none-eabi/lib/armv6-m\libg_s.a(lib_a-memset.o)
 .debug_frame   0x000016ec       0x44 c:/program files (x86)/cypress/psoc creator/3.1/psoc creator/import/gnu_cs/arm/4.8.4/bin/../lib/gcc/arm-none-eabi/4.8.4/../../../../arm-none-eabi/lib/armv6-m\libg_s.a(lib_a-rand.o)
 .debug_frame   0x00001730       0x2c c:/program files (x86)/cypress/psoc creator/3.1/psoc creator/import/gnu_cs/arm/4.8.4/bin/../lib/gcc/arm-none-eabi/4.8.4/../../../../arm-none-eabi/lib/armv6-m\libg_s.a(lib_a-time.o)
 .debug_frame   0x0000175c       0x2c c:/program files (x86)/cypress/psoc creator/3.1/psoc creator/import/gnu_cs/arm/4.8.4/bin/../lib/gcc/arm-none-eabi/4.8.4/../../../../arm-none-eabi/lib/armv6-m\libg_s.a(lib_a-gettimeofdayr.o)
 .debug_frame   0x00001788       0x40 c:/program files (x86)/cypress/psoc creator/3.1/psoc creator/import/gnu_cs/arm/4.8.4/bin/../lib/gcc/arm-none-eabi/4.8.4/../../../../arm-none-eabi/lib/armv6-m\libg_s.a(lib_a-malloc.o)
 .debug_frame   0x000017c8       0x2c c:/program files (x86)/cypress/psoc creator/3.1/psoc creator/import/gnu_cs/arm/4.8.4/bin/../lib/gcc/arm-none-eabi/4.8.4/../../../../arm-none-eabi/lib/armv6-m\libg_s.a(lib_a-nano-freer.o)
 .debug_frame   0x000017f4       0x2c c:/program files (x86)/cypress/psoc creator/3.1/psoc creator/import/gnu_cs/arm/4.8.4/bin/../lib/gcc/arm-none-eabi/4.8.4/../../../../arm-none-eabi/lib/armv6-m\libg_s.a(lib_a-nano-mallocr.o)
 .debug_frame   0x00001820       0x48 c:/program files (x86)/cypress/psoc creator/3.1/psoc creator/import/gnu_cs/arm/4.8.4/bin/../lib/gcc/arm-none-eabi/4.8.4/../../../../arm-none-eabi/lib/armv6-m\libg_s.a(lib_a-reent.o)
 .debug_frame   0x00001868       0x2c c:/program files (x86)/cypress/psoc creator/3.1/psoc creator/import/gnu_cs/arm/4.8.4/bin/../lib/gcc/arm-none-eabi/4.8.4/../../../../arm-none-eabi/lib/armv6-m\libg_s.a(lib_a-sbrkr.o)
 .debug_frame   0x00001894       0x30 c:/program files (x86)/cypress/psoc creator/3.1/psoc creator/import/gnu_cs/arm/4.8.4/bin/../lib/gcc/arm-none-eabi/4.8.4/armv6-m\libgcc.a(_muldi3.o)
 .debug_frame   0x000018c4       0x20 c:/program files (x86)/cypress/psoc creator/3.1/psoc creator/import/gnu_cs/arm/4.8.4/bin/../lib/gcc/arm-none-eabi/4.8.4/../../../../arm-none-eabi/lib/armv6-m\libnosys.a(gettod.o)

.debug_str      0x00000000     0x1790
 *(.debug_str)
 .debug_str     0x00000000      0x423 .\CortexM0\ARM_GCC_484\Debug\main.o
                                0x473 (size before relaxing)
 .debug_str     0x00000423       0x7a .\CortexM0\ARM_GCC_484\Debug\cybootloader.o
                                0x203 (size before relaxing)
 .debug_str     0x0000049d       0x37 .\CortexM0\ARM_GCC_484\Debug\cymetadata.o
                                0x1c0 (size before relaxing)
 .debug_str     0x000004d4      0x139 .\CortexM0\ARM_GCC_484\Debug\Cm0Start.o
                                0x2e1 (size before relaxing)
 .debug_str     0x0000060d      0x204 .\CortexM0\ARM_GCC_484\Debug\arm_controller_v2.a(cyfitter_cfg.o)
                                0x3d7 (size before relaxing)
 .debug_str     0x00000811       0xef .\CortexM0\ARM_GCC_484\Debug\arm_controller_v2.a(Clock_counter.o)
                                0x283 (size before relaxing)
 .debug_str     0x00000900       0xaf .\CortexM0\ARM_GCC_484\Debug\arm_controller_v2.a(Clock_pwm.o)
                                0x26b (size before relaxing)
 .debug_str     0x000009af      0x100 .\CortexM0\ARM_GCC_484\Debug\arm_controller_v2.a(isr_1.o)
                                0x2c7 (size before relaxing)
 .debug_str     0x00000aaf      0x1b9 .\CortexM0\ARM_GCC_484\Debug\arm_controller_v2.a(PWM_1.o)
                                0x364 (size before relaxing)
 .debug_str     0x00000c68      0x42f .\CortexM0\ARM_GCC_484\Debug\arm_controller_v2.a(Timer_1.o)
                                0x5e2 (size before relaxing)
 .debug_str     0x00001097      0x6f9 .\CortexM0\ARM_GCC_484\Debug\arm_controller_v2.a(CyLib.o)
                                0x8eb (size before relaxing)

.debug_loc
 *(.debug_loc)

.debug_macinfo
 *(.debug_macinfo)

.debug_ranges   0x00000000      0x5c8
 *(.debug_ranges)
 .debug_ranges  0x00000000       0x78 .\CortexM0\ARM_GCC_484\Debug\main.o
 .debug_ranges  0x00000078       0x38 .\CortexM0\ARM_GCC_484\Debug\Cm0Start.o
 .debug_ranges  0x000000b0       0x48 .\CortexM0\ARM_GCC_484\Debug\arm_controller_v2.a(cyfitter_cfg.o)
 .debug_ranges  0x000000f8       0x30 .\CortexM0\ARM_GCC_484\Debug\arm_controller_v2.a(Clock_counter.o)
 .debug_ranges  0x00000128       0x30 .\CortexM0\ARM_GCC_484\Debug\arm_controller_v2.a(Clock_pwm.o)
 .debug_ranges  0x00000158       0x70 .\CortexM0\ARM_GCC_484\Debug\arm_controller_v2.a(isr_1.o)
 .debug_ranges  0x000001c8       0x98 .\CortexM0\ARM_GCC_484\Debug\arm_controller_v2.a(PWM_1.o)
 .debug_ranges  0x00000260      0x148 .\CortexM0\ARM_GCC_484\Debug\arm_controller_v2.a(Timer_1.o)
 .debug_ranges  0x000003a8      0x220 .\CortexM0\ARM_GCC_484\Debug\arm_controller_v2.a(CyLib.o)

.comment        0x00000000       0x70
 .comment       0x00000000       0x70 .\CortexM0\ARM_GCC_484\Debug\main.o
                                 0x71 (size before relaxing)
 .comment       0x00000000       0x71 .\CortexM0\ARM_GCC_484\Debug\cybootloader.o
 .comment       0x00000000       0x71 .\CortexM0\ARM_GCC_484\Debug\cymetadata.o
 .comment       0x00000000       0x71 .\CortexM0\ARM_GCC_484\Debug\Cm0Start.o
 .comment       0x00000000       0x71 .\CortexM0\ARM_GCC_484\Debug\arm_controller_v2.a(cyfitter_cfg.o)
 .comment       0x00000000       0x71 .\CortexM0\ARM_GCC_484\Debug\arm_controller_v2.a(Clock_counter.o)
 .comment       0x00000000       0x71 .\CortexM0\ARM_GCC_484\Debug\arm_controller_v2.a(Clock_pwm.o)
 .comment       0x00000000       0x71 .\CortexM0\ARM_GCC_484\Debug\arm_controller_v2.a(isr_1.o)
 .comment       0x00000000       0x71 .\CortexM0\ARM_GCC_484\Debug\arm_controller_v2.a(PWM_1.o)
 .comment       0x00000000       0x71 .\CortexM0\ARM_GCC_484\Debug\arm_controller_v2.a(Timer_1.o)
 .comment       0x00000000       0x71 .\CortexM0\ARM_GCC_484\Debug\arm_controller_v2.a(CyLib.o)

.debug_weaknames
 *(.debug_weaknames)

.debug_funcnames
 *(.debug_funcnames)

.debug_typenames
 *(.debug_typenames)

.debug_varnames
 *(.debug_varnames)

.note.gnu.arm.ident
 *(.note.gnu.arm.ident)

.ARM.attributes
                0x00000000       0x28
 *(.ARM.attributes)
 .ARM.attributes
                0x00000000       0x1e c:/program files (x86)/cypress/psoc creator/3.1/psoc creator/import/gnu_cs/arm/4.8.4/bin/../lib/gcc/arm-none-eabi/4.8.4/armv6-m/crti.o
 .ARM.attributes
                0x0000001e       0x2c c:/program files (x86)/cypress/psoc creator/3.1/psoc creator/import/gnu_cs/arm/4.8.4/bin/../lib/gcc/arm-none-eabi/4.8.4/armv6-m/crtbegin.o
 .ARM.attributes
                0x0000004a       0x1b c:/program files (x86)/cypress/psoc creator/3.1/psoc creator/import/gnu_cs/arm/4.8.4/bin/../lib/gcc/arm-none-eabi/4.8.4/../../../../arm-none-eabi/lib/armv6-m/crt0.o
 .ARM.attributes
                0x00000065       0x31 .\CortexM0\ARM_GCC_484\Debug\main.o
 .ARM.attributes
                0x00000096       0x31 .\CortexM0\ARM_GCC_484\Debug\cybootloader.o
 .ARM.attributes
                0x000000c7       0x31 .\CortexM0\ARM_GCC_484\Debug\cymetadata.o
 .ARM.attributes
                0x000000f8       0x31 .\CortexM0\ARM_GCC_484\Debug\Cm0Start.o
 .ARM.attributes
                0x00000129       0x31 .\CortexM0\ARM_GCC_484\Debug\arm_controller_v2.a(cyfitter_cfg.o)
 .ARM.attributes
                0x0000015a       0x31 .\CortexM0\ARM_GCC_484\Debug\arm_controller_v2.a(Clock_counter.o)
 .ARM.attributes
                0x0000018b       0x31 .\CortexM0\ARM_GCC_484\Debug\arm_controller_v2.a(Clock_pwm.o)
 .ARM.attributes
                0x000001bc       0x31 .\CortexM0\ARM_GCC_484\Debug\arm_controller_v2.a(isr_1.o)
 .ARM.attributes
                0x000001ed       0x31 .\CortexM0\ARM_GCC_484\Debug\arm_controller_v2.a(PWM_1.o)
 .ARM.attributes
                0x0000021e       0x31 .\CortexM0\ARM_GCC_484\Debug\arm_controller_v2.a(Timer_1.o)
 .ARM.attributes
                0x0000024f       0x21 .\CortexM0\ARM_GCC_484\Debug\arm_controller_v2.a(CyBootAsmGnu.o)
 .ARM.attributes
                0x00000270       0x31 .\CortexM0\ARM_GCC_484\Debug\arm_controller_v2.a(CyLib.o)
 .ARM.attributes
                0x000002a1       0x1e c:/program files (x86)/cypress/psoc creator/3.1/psoc creator/import/gnu_cs/arm/4.8.4/bin/../lib/gcc/arm-none-eabi/4.8.4/armv6-m\libgcc.a(_udivsi3.o)
 .ARM.attributes
                0x000002bf       0x1e c:/program files (x86)/cypress/psoc creator/3.1/psoc creator/import/gnu_cs/arm/4.8.4/bin/../lib/gcc/arm-none-eabi/4.8.4/armv6-m\libgcc.a(_divsi3.o)
 .ARM.attributes
                0x000002dd       0x1e c:/program files (x86)/cypress/psoc creator/3.1/psoc creator/import/gnu_cs/arm/4.8.4/bin/../lib/gcc/arm-none-eabi/4.8.4/armv6-m\libgcc.a(_dvmd_tls.o)
 .ARM.attributes
                0x000002fb       0x2c c:/program files (x86)/cypress/psoc creator/3.1/psoc creator/import/gnu_cs/arm/4.8.4/bin/../lib/gcc/arm-none-eabi/4.8.4/../../../../arm-none-eabi/lib/armv6-m\libg_s.a(lib_a-errno.o)
 .ARM.attributes
                0x00000327       0x2c c:/program files (x86)/cypress/psoc creator/3.1/psoc creator/import/gnu_cs/arm/4.8.4/bin/../lib/gcc/arm-none-eabi/4.8.4/../../../../arm-none-eabi/lib/armv6-m\libg_s.a(lib_a-exit.o)
 .ARM.attributes
                0x00000353       0x2c c:/program files (x86)/cypress/psoc creator/3.1/psoc creator/import/gnu_cs/arm/4.8.4/bin/../lib/gcc/arm-none-eabi/4.8.4/../../../../arm-none-eabi/lib/armv6-m\libg_s.a(lib_a-impure.o)
 .ARM.attributes
                0x0000037f       0x2c c:/program files (x86)/cypress/psoc creator/3.1/psoc creator/import/gnu_cs/arm/4.8.4/bin/../lib/gcc/arm-none-eabi/4.8.4/../../../../arm-none-eabi/lib/armv6-m\libg_s.a(lib_a-init.o)
 .ARM.attributes
                0x000003ab       0x2c c:/program files (x86)/cypress/psoc creator/3.1/psoc creator/import/gnu_cs/arm/4.8.4/bin/../lib/gcc/arm-none-eabi/4.8.4/../../../../arm-none-eabi/lib/armv6-m\libg_s.a(lib_a-memcpy-stub.o)
 .ARM.attributes
                0x000003d7       0x2c c:/program files (x86)/cypress/psoc creator/3.1/psoc creator/import/gnu_cs/arm/4.8.4/bin/../lib/gcc/arm-none-eabi/4.8.4/../../../../arm-none-eabi/lib/armv6-m\libg_s.a(lib_a-memset.o)
 .ARM.attributes
                0x00000403       0x2c c:/program files (x86)/cypress/psoc creator/3.1/psoc creator/import/gnu_cs/arm/4.8.4/bin/../lib/gcc/arm-none-eabi/4.8.4/../../../../arm-none-eabi/lib/armv6-m\libg_s.a(lib_a-rand.o)
 .ARM.attributes
                0x0000042f       0x2c c:/program files (x86)/cypress/psoc creator/3.1/psoc creator/import/gnu_cs/arm/4.8.4/bin/../lib/gcc/arm-none-eabi/4.8.4/../../../../arm-none-eabi/lib/armv6-m\libg_s.a(lib_a-time.o)
 .ARM.attributes
                0x0000045b       0x2c c:/program files (x86)/cypress/psoc creator/3.1/psoc creator/import/gnu_cs/arm/4.8.4/bin/../lib/gcc/arm-none-eabi/4.8.4/../../../../arm-none-eabi/lib/armv6-m\libg_s.a(lib_a-gettimeofdayr.o)
 .ARM.attributes
                0x00000487       0x2c c:/program files (x86)/cypress/psoc creator/3.1/psoc creator/import/gnu_cs/arm/4.8.4/bin/../lib/gcc/arm-none-eabi/4.8.4/../../../../arm-none-eabi/lib/armv6-m\libg_s.a(lib_a-malloc.o)
 .ARM.attributes
                0x000004b3       0x2c c:/program files (x86)/cypress/psoc creator/3.1/psoc creator/import/gnu_cs/arm/4.8.4/bin/../lib/gcc/arm-none-eabi/4.8.4/../../../../arm-none-eabi/lib/armv6-m\libg_s.a(lib_a-nano-freer.o)
 .ARM.attributes
                0x000004df       0x2c c:/program files (x86)/cypress/psoc creator/3.1/psoc creator/import/gnu_cs/arm/4.8.4/bin/../lib/gcc/arm-none-eabi/4.8.4/../../../../arm-none-eabi/lib/armv6-m\libg_s.a(lib_a-nano-mallocr.o)
 .ARM.attributes
                0x0000050b       0x2c c:/program files (x86)/cypress/psoc creator/3.1/psoc creator/import/gnu_cs/arm/4.8.4/bin/../lib/gcc/arm-none-eabi/4.8.4/../../../../arm-none-eabi/lib/armv6-m\libg_s.a(lib_a-reent.o)
 .ARM.attributes
                0x00000537       0x2c c:/program files (x86)/cypress/psoc creator/3.1/psoc creator/import/gnu_cs/arm/4.8.4/bin/../lib/gcc/arm-none-eabi/4.8.4/../../../../arm-none-eabi/lib/armv6-m\libg_s.a(lib_a-sbrkr.o)
 .ARM.attributes
                0x00000563       0x2c c:/program files (x86)/cypress/psoc creator/3.1/psoc creator/import/gnu_cs/arm/4.8.4/bin/../lib/gcc/arm-none-eabi/4.8.4/armv6-m\libgcc.a(_muldi3.o)
 .ARM.attributes
                0x0000058f       0x2c c:/program files (x86)/cypress/psoc creator/3.1/psoc creator/import/gnu_cs/arm/4.8.4/bin/../lib/gcc/arm-none-eabi/4.8.4/armv6-m/crtend.o
 .ARM.attributes
                0x000005bb       0x1e c:/program files (x86)/cypress/psoc creator/3.1/psoc creator/import/gnu_cs/arm/4.8.4/bin/../lib/gcc/arm-none-eabi/4.8.4/armv6-m/crtn.o
 .ARM.attributes
                0x000005d9       0x2c c:/program files (x86)/cypress/psoc creator/3.1/psoc creator/import/gnu_cs/arm/4.8.4/bin/../lib/gcc/arm-none-eabi/4.8.4/../../../../arm-none-eabi/lib/armv6-m\libnosys.a(gettod.o)

/DISCARD/
 *(.note.GNU-stack)
OUTPUT(.\CortexM0\ARM_GCC_484\Debug\arm_controller_v2.elf elf32-littlearm)
