Archive member included because of file (symbol)

.\CortexM0\ARM_GCC_484\Debug\arm_controller_v2.1.a(cyfitter_cfg.o)
                              .\CortexM0\ARM_GCC_484\Debug\Cm0Start.o (cyfitter_cfg)
.\CortexM0\ARM_GCC_484\Debug\arm_controller_v2.1.a(Clock_counter.o)
                              .\CortexM0\ARM_GCC_484\Debug\main.o (Clock_counter_Start)
.\CortexM0\ARM_GCC_484\Debug\arm_controller_v2.1.a(Clock_pwm.o)
                              .\CortexM0\ARM_GCC_484\Debug\main.o (Clock_pwm_Start)
.\CortexM0\ARM_GCC_484\Debug\arm_controller_v2.1.a(isr_1.o)
                              .\CortexM0\ARM_GCC_484\Debug\main.o (isr_1_StartEx)
.\CortexM0\ARM_GCC_484\Debug\arm_controller_v2.1.a(LED.o)
                              .\CortexM0\ARM_GCC_484\Debug\main.o (LED_Write)
.\CortexM0\ARM_GCC_484\Debug\arm_controller_v2.1.a(Timer_1.o)
                              .\CortexM0\ARM_GCC_484\Debug\main.o (Timer_1_Start)
.\CortexM0\ARM_GCC_484\Debug\arm_controller_v2.1.a(CyBootAsmGnu.o)
                              .\CortexM0\ARM_GCC_484\Debug\arm_controller_v2.1.a(cyfitter_cfg.o) (CyDelayCycles)
.\CortexM0\ARM_GCC_484\Debug\arm_controller_v2.1.a(CyLib.o)
                              .\CortexM0\ARM_GCC_484\Debug\arm_controller_v2.1.a(cyfitter_cfg.o) (CyDelayUs)
.\CortexM0\ARM_GCC_484\Debug\arm_controller_v2.1.a(WIZ_RDY.o)
                              .\CortexM0\ARM_GCC_484\Debug\main.o (WIZ_RDY_Read)
.\CortexM0\ARM_GCC_484\Debug\arm_controller_v2.1.a(WIZ_INT.o)
                              .\CortexM0\ARM_GCC_484\Debug\main.o (WIZ_INT_Read)
.\CortexM0\ARM_GCC_484\Debug\arm_controller_v2.1.a(WIZ_RST.o)
                              .\CortexM0\ARM_GCC_484\Debug\main.o (WIZ_RST_Write)
.\CortexM0\ARM_GCC_484\Debug\arm_controller_v2.1.a(WIZ_SS.o)
                              .\CortexM0\ARM_GCC_484\Debug\main.o (WIZ_SS_Write)
.\CortexM0\ARM_GCC_484\Debug\arm_controller_v2.1.a(BA_PWM.o)
                              .\CortexM0\ARM_GCC_484\Debug\main.o (BA_PWM_WriteCompare)
.\CortexM0\ARM_GCC_484\Debug\arm_controller_v2.1.a(ELBW_PWM.o)
                              .\CortexM0\ARM_GCC_484\Debug\main.o (ELBW_PWM_WriteCompare)
.\CortexM0\ARM_GCC_484\Debug\arm_controller_v2.1.a(SHLDR_PWM.o)
                              .\CortexM0\ARM_GCC_484\Debug\main.o (SHLDR_PWM_WriteCompare)
.\CortexM0\ARM_GCC_484\Debug\arm_controller_v2.1.a(SPIM_1.o)
                              .\CortexM0\ARM_GCC_484\Debug\wiznet5500.o (SPIM_1_ReadTxStatus)
.\CortexM0\ARM_GCC_484\Debug\arm_controller_v2.1.a(SPIM_1_IntClock.o)
                              .\CortexM0\ARM_GCC_484\Debug\arm_controller_v2.1.a(SPIM_1.o) (SPIM_1_IntClock_Start)
.\CortexM0\ARM_GCC_484\Debug\arm_controller_v2.1.a(EFFECTOR_PWM.o)
                              .\CortexM0\ARM_GCC_484\Debug\main.o (EFFECTOR_PWM_Start)
.\CortexM0\ARM_GCC_484\Debug\arm_controller_v2.1.a(Wrist_UART.o)
                              .\CortexM0\ARM_GCC_484\Debug\main.o (Wrist_UART_Start)
.\CortexM0\ARM_GCC_484\Debug\arm_controller_v2.1.a(Wrist_UART_SPI_UART.o)
                              .\CortexM0\ARM_GCC_484\Debug\main.o (Wrist_UART_SpiUartPutArray)
.\CortexM0\ARM_GCC_484\Debug\arm_controller_v2.1.a(Wrist_UART_UART.o)
                              .\CortexM0\ARM_GCC_484\Debug\arm_controller_v2.1.a(Wrist_UART.o) (Wrist_UART_UartInit)
.\CortexM0\ARM_GCC_484\Debug\arm_controller_v2.1.a(Arduino_UART.o)
                              .\CortexM0\ARM_GCC_484\Debug\main.o (Arduino_UART_Start)
.\CortexM0\ARM_GCC_484\Debug\arm_controller_v2.1.a(Arduino_UART_SPI_UART.o)
                              .\CortexM0\ARM_GCC_484\Debug\main.o (Arduino_UART_SpiUartWriteTxData)
.\CortexM0\ARM_GCC_484\Debug\arm_controller_v2.1.a(Arduino_UART_UART.o)
                              .\CortexM0\ARM_GCC_484\Debug\arm_controller_v2.1.a(Arduino_UART.o) (Arduino_UART_UartInit)
.\CortexM0\ARM_GCC_484\Debug\arm_controller_v2.1.a(Arduino_UART_SPI_UART_INT.o)
                              .\CortexM0\ARM_GCC_484\Debug\arm_controller_v2.1.a(Arduino_UART_UART.o) (Arduino_UART_SPI_UART_ISR)
c:/program files (x86)/cypress/psoc creator/3.1/psoc creator/import/gnu_cs/arm/4.8.4/bin/../lib/gcc/arm-none-eabi/4.8.4/armv6-m\libgcc.a(_udivsi3.o)
                              .\CortexM0\ARM_GCC_484\Debug\arm_controller_v2.1.a(CyLib.o) (__aeabi_uidiv)
c:/program files (x86)/cypress/psoc creator/3.1/psoc creator/import/gnu_cs/arm/4.8.4/bin/../lib/gcc/arm-none-eabi/4.8.4/armv6-m\libgcc.a(_divsi3.o)
                              .\CortexM0\ARM_GCC_484\Debug\Cm0Start.o (__aeabi_idiv)
c:/program files (x86)/cypress/psoc creator/3.1/psoc creator/import/gnu_cs/arm/4.8.4/bin/../lib/gcc/arm-none-eabi/4.8.4/armv6-m\libgcc.a(_dvmd_tls.o)
                              c:/program files (x86)/cypress/psoc creator/3.1/psoc creator/import/gnu_cs/arm/4.8.4/bin/../lib/gcc/arm-none-eabi/4.8.4/armv6-m\libgcc.a(_udivsi3.o) (__aeabi_idiv0)
[...]
Memory Configuration

Name             Origin             Length             Attributes
rom              0x00000000         0x00008000         xr
ram              0x20000000         0x00001000         xrw
*default*        0x00000000         0xffffffff

Linker script and memory map

LOAD c:/program files (x86)/cypress/psoc creator/3.1/psoc creator/import/gnu_cs/arm/4.8.4/bin/../lib/gcc/arm-none-eabi/4.8.4/armv6-m/crti.o
LOAD c:/program files (x86)/cypress/psoc creator/3.1/psoc creator/import/gnu_cs/arm/4.8.4/bin/../lib/gcc/arm-none-eabi/4.8.4/armv6-m/crtbegin.o
LOAD c:/program files (x86)/cypress/psoc creator/3.1/psoc creator/import/gnu_cs/arm/4.8.4/bin/../lib/gcc/arm-none-eabi/4.8.4/../../../../arm-none-eabi/lib/armv6-m/crt0.o
START GROUP
LOAD .\CortexM0\ARM_GCC_484\Debug\main.o
LOAD .\CortexM0\ARM_GCC_484\Debug\spi.o
LOAD .\CortexM0\ARM_GCC_484\Debug\wiznet5500.o
LOAD .\CortexM0\ARM_GCC_484\Debug\cybootloader.o
LOAD .\CortexM0\ARM_GCC_484\Debug\cymetadata.o
LOAD .\CortexM0\ARM_GCC_484\Debug\Cm0Start.o
LOAD .\CortexM0\ARM_GCC_484\Debug\arm_controller_v2.1.a
LOAD C:\Program Files (x86)\Cypress\PSoC Creator\3.1\PSoC Creator\psoc\content\cycomponentlibrary\CyComponentLibrary.cylib\CortexM0\ARM_GCC_484\Debug\CyComponentLibrary.a
END GROUP
START GROUP
LOAD c:/program files (x86)/cypress/psoc creator/3.1/psoc creator/import/gnu_cs/arm/4.8.4/bin/../lib/gcc/arm-none-eabi/4.8.4/armv6-m\libgcc.a
LOAD c:/program files (x86)/cypress/psoc creator/3.1/psoc creator/import/gnu_cs/arm/4.8.4/bin/../lib/gcc/arm-none-eabi/4.8.4/../../../../arm-none-eabi/lib/armv6-m\libg_s.a
LOAD c:/program files (x86)/cypress/psoc creator/3.1/psoc creator/import/gnu_cs/arm/4.8.4/bin/../lib/gcc/arm-none-eabi/4.8.4/../../../../arm-none-eabi/lib/armv6-m\libc_s.a
END GROUP
START GROUP
LOAD c:/program files (x86)/cypress/psoc creator/3.1/psoc creator/import/gnu_cs/arm/4.8.4/bin/../lib/gcc/arm-none-eabi/4.8.4/armv6-m\libgcc.a
LOAD c:/program files (x86)/cypress/psoc creator/3.1/psoc creator/import/gnu_cs/arm/4.8.4/bin/../lib/gcc/arm-none-eabi/4.8.4/../../../../arm-none-eabi/lib/armv6-m\libc_s.a
END GROUP
LOAD c:/program files (x86)/cypress/psoc creator/3.1/psoc creator/import/gnu_cs/arm/4.8.4/bin/../lib/gcc/arm-none-eabi/4.8.4/armv6-m/crtend.o
LOAD c:/program files (x86)/cypress/psoc creator/3.1/psoc creator/import/gnu_cs/arm/4.8.4/bin/../lib/gcc/arm-none-eabi/4.8.4/armv6-m/crtn.o
START GROUP
LOAD c:/program files (x86)/cypress/psoc creator/3.1/psoc creator/import/gnu_cs/arm/4.8.4/bin/../lib/gcc/arm-none-eabi/4.8.4/armv6-m\libgcc.a
LOAD c:/program files (x86)/cypress/psoc creator/3.1/psoc creator/import/gnu_cs/arm/4.8.4/bin/../lib/gcc/arm-none-eabi/4.8.4/../../../../arm-none-eabi/lib/armv6-m\libc.a
LOAD c:/program files (x86)/cypress/psoc creator/3.1/psoc creator/import/gnu_cs/arm/4.8.4/bin/../lib/gcc/arm-none-eabi/4.8.4/../../../../arm-none-eabi/lib/armv6-m\libnosys.a
END GROUP
                0x00000000                CY_APPL_ORIGIN = 0x0
                0x00000080                CY_FLASH_ROW_SIZE = 0x80
                0x00000001                CY_APPL_NUM = 0x1
                0x00000040                CY_METADATA_SIZE = 0x40
                0x200001a0                PROVIDE (__cy_heap_start, _end)
                0x00000001                PROVIDE (__cy_region_num, ((__cy_regions_end - __cy_regions) / 0x10))
                0x20001000                PROVIDE (__cy_stack, (ORIGIN (ram) + 0x1000))
                0x20000c00                PROVIDE (__cy_heap_end, (__cy_stack - 0x400))

.cybootloader   0x00000000      0xf00
 *(.cybootloader)
 .cybootloader  0x00000000      0xf00 .\CortexM0\ARM_GCC_484\Debug\cybootloader.o
                0x00000000                cy_bootloader
                0x00000f00                appl1_start = CY_APPL_ORIGIN?CY_APPL_ORIGIN:ALIGN (CY_FLASH_ROW_SIZE)
                0x00004700                appl2_start = (appl1_start + ALIGN ((((0x8000 - appl1_start) - (0x2 * CY_FLASH_ROW_SIZE)) / 0x2), CY_FLASH_ROW_SIZE))
                0x00000f00                appl_start = (CY_APPL_NUM == 0x1)?appl1_start:appl2_start

.text           0x00000f00     0x3106
 CREATE_OBJECT_SYMBOLS
                0x00000f00                PROVIDE (__cy_interrupt_vector, RomVectors)
 *(.romvectors)
 .romvectors    0x00000f00       0x10 .\CortexM0\ARM_GCC_484\Debug\Cm0Start.o
                0x00000f00                RomVectors
                0x00000001                ASSERT ((. != __cy_interrupt_vector), No interrupt vector)
                0x00000001                ASSERT (CY_APPL_ORIGIN?(SIZEOF (.cybootloader) <= CY_APPL_ORIGIN):0x1, Wrong image location)
                0x00000f10                PROVIDE (__cy_reset, Reset)
 *(.text.Reset)
 .text.Reset    0x00000f10       0x14 .\CortexM0\ARM_GCC_484\Debug\Cm0Start.o
                0x00000f10                Reset
                0x00000001                ASSERT ((. != __cy_reset), No reset code)
 *(.psocinit)
 .psocinit      0x00000f24      0x444 .\CortexM0\ARM_GCC_484\Debug\arm_controller_v2.1.a(cyfitter_cfg.o)
                0x000010e0                cyfitter_cfg
                0x00001368                . = MAX (., 0x100)
 *(.text .text.* .gnu.linkonce.t.*)
 .text          0x00001368       0x60 c:/program files (x86)/cypress/psoc creator/3.1/psoc creator/import/gnu_cs/arm/4.8.4/bin/../lib/gcc/arm-none-eabi/4.8.4/armv6-m/crtbegin.o
 .text.ServoGoalPosition
                0x000013c8       0x98 .\CortexM0\ARM_GCC_484\Debug\main.o
                0x000013c8                ServoGoalPosition
 .text.SetServoTorque
                0x00001460       0x98 .\CortexM0\ARM_GCC_484\Debug\main.o
                0x00001460                SetServoTorque
 .text.ServoSpeed
                0x000014f8       0x98 .\CortexM0\ARM_GCC_484\Debug\main.o
                0x000014f8                ServoSpeed
 .text.timer_isr
                0x00001590       0x28 .\CortexM0\ARM_GCC_484\Debug\main.o
                0x00001590                timer_isr
 .text.simple_pos_to_vel
                0x000015b8      0x154 .\CortexM0\ARM_GCC_484\Debug\main.o
                0x000015b8                simple_pos_to_vel
 .text.WT_pos_to_vel
                0x0000170c       0xf0 .\CortexM0\ARM_GCC_484\Debug\main.o
                0x0000170c                WT_pos_to_vel
 .text.WR_pos_to_vel
                0x000017fc       0xd8 .\CortexM0\ARM_GCC_484\Debug\main.o
                0x000017fc                WR_pos_to_vel
 .text.make_command
                0x000018d4       0x78 .\CortexM0\ARM_GCC_484\Debug\main.o
                0x000018d4                make_command
 .text.make_wristRotate_command
                0x0000194c       0x6c .\CortexM0\ARM_GCC_484\Debug\main.o
                0x0000194c                make_wristRotate_command
 .text.make_wristTilt_command
                0x000019b8       0x68 .\CortexM0\ARM_GCC_484\Debug\main.o
                0x000019b8                make_wristTilt_command
 .text.send_packet
                0x00001a20      0x174 .\CortexM0\ARM_GCC_484\Debug\main.o
                0x00001a20                send_packet
 .text.fill_data_array
                0x00001b94       0x18 .\CortexM0\ARM_GCC_484\Debug\main.o
                0x00001b94                fill_data_array
 .text.wristTilt
                0x00001bac      0x144 .\CortexM0\ARM_GCC_484\Debug\main.o
                0x00001bac                wristTilt
 .text.wristRotate
                0x00001cf0      0x138 .\CortexM0\ARM_GCC_484\Debug\main.o
                0x00001cf0                wristRotate
 .text.elbow    0x00001e28      0x108 .\CortexM0\ARM_GCC_484\Debug\main.o
                0x00001e28                elbow
 .text.shoulder
                0x00001f30      0x108 .\CortexM0\ARM_GCC_484\Debug\main.o
                0x00001f30                shoulder
 .text.baseAzimuth
                0x00002038      0x144 .\CortexM0\ARM_GCC_484\Debug\main.o
                0x00002038                baseAzimuth
 .text.effector
                0x0000217c       0xfc .\CortexM0\ARM_GCC_484\Debug\main.o
                0x0000217c                effector
 .text.arduino  0x00002278      0x128 .\CortexM0\ARM_GCC_484\Debug\main.o
                0x00002278                arduino
 .text.initialize
                0x000023a0      0x130 .\CortexM0\ARM_GCC_484\Debug\main.o
                0x000023a0                initialize
 .text.main     0x000024d0      0x1a4 .\CortexM0\ARM_GCC_484\Debug\main.o
                0x000024d0                main
 .text.transferSPI
                0x00002674       0x34 .\CortexM0\ARM_GCC_484\Debug\wiznet5500.o
 .text.wiznetInit
                0x000026a8      0x174 .\CortexM0\ARM_GCC_484\Debug\wiznet5500.o
                0x000026a8                wiznetInit
 .text.wiznetOpen
                0x0000281c       0x14 .\CortexM0\ARM_GCC_484\Debug\wiznet5500.o
                0x0000281c                wiznetOpen
 .text.wiznetSend
                0x00002830       0x34 .\CortexM0\ARM_GCC_484\Debug\wiznet5500.o
                0x00002830                wiznetSend
 .text.wiznetClearInterrupts
                0x00002864       0x28 .\CortexM0\ARM_GCC_484\Debug\wiznet5500.o
                0x00002864                wiznetClearInterrupts
 .text.wiznetConfigInterrupts
                0x0000288c       0x40 .\CortexM0\ARM_GCC_484\Debug\wiznet5500.o
                0x0000288c                wiznetConfigInterrupts
 .text.wiznetReadUdpFrame
                0x000028cc       0x58 .\CortexM0\ARM_GCC_484\Debug\wiznet5500.o
                0x000028cc                wiznetReadUdpFrame
 .text.wiznetWriteUdpFrame
                0x00002924       0x44 .\CortexM0\ARM_GCC_484\Debug\wiznet5500.o
                0x00002924                wiznetWriteUdpFrame
 .text.wiznetWrite8b
                0x00002968       0x60 .\CortexM0\ARM_GCC_484\Debug\wiznet5500.o
                0x00002968                wiznetWrite8b
 .text.wiznetWrite16b
                0x000029c8       0x74 .\CortexM0\ARM_GCC_484\Debug\wiznet5500.o
                0x000029c8                wiznetWrite16b
 .text.wiznetWriteArray
                0x00002a3c       0x94 .\CortexM0\ARM_GCC_484\Debug\wiznet5500.o
                0x00002a3c                wiznetWriteArray
 .text.wiznetRead16b
                0x00002ad0       0x80 .\CortexM0\ARM_GCC_484\Debug\wiznet5500.o
                0x00002ad0                wiznetRead16b
 .text.wiznetReadArray
                0x00002b50       0x8c .\CortexM0\ARM_GCC_484\Debug\wiznet5500.o
                0x00002b50                wiznetReadArray
 .text.IntDefaultHandler
                0x00002bdc        0x8 .\CortexM0\ARM_GCC_484\Debug\Cm0Start.o
                0x00002bdc                IntDefaultHandler
 .text.Start_c  0x00002be4       0x98 .\CortexM0\ARM_GCC_484\Debug\Cm0Start.o
                0x00002be4                Start_c
 .text.initialize_psoc
                0x00002c7c       0x74 .\CortexM0\ARM_GCC_484\Debug\Cm0Start.o
                0x00002c7c                initialize_psoc
 .text.CYMEMZERO
                0x00002cf0       0x20 .\CortexM0\ARM_GCC_484\Debug\arm_controller_v2.1.a(cyfitter_cfg.o)
 .text.CYCONFIGCPYCODE
                0x00002d10       0x24 .\CortexM0\ARM_GCC_484\Debug\arm_controller_v2.1.a(cyfitter_cfg.o)
 .text.cfg_write_bytes32
                0x00002d34       0x80 .\CortexM0\ARM_GCC_484\Debug\arm_controller_v2.1.a(cyfitter_cfg.o)
 .text.AnalogSetDefault
                0x00002db4       0x24 .\CortexM0\ARM_GCC_484\Debug\arm_controller_v2.1.a(cyfitter_cfg.o)
 .text.SetAnalogRoutingPumps
                0x00002dd8       0x40 .\CortexM0\ARM_GCC_484\Debug\arm_controller_v2.1.a(cyfitter_cfg.o)
                0x00002dd8                SetAnalogRoutingPumps
 .text.Clock_counter_Start
                0x00002e18       0x1c .\CortexM0\ARM_GCC_484\Debug\arm_controller_v2.1.a(Clock_counter.o)
                0x00002e18                Clock_counter_Start
 .text.Clock_pwm_Start
                0x00002e34       0x1c .\CortexM0\ARM_GCC_484\Debug\arm_controller_v2.1.a(Clock_pwm.o)
                0x00002e34                Clock_pwm_Start
 .text.isr_1_StartEx
                0x00002e50       0x24 .\CortexM0\ARM_GCC_484\Debug\arm_controller_v2.1.a(isr_1.o)
                0x00002e50                isr_1_StartEx
 .text.isr_1_SetVector
                0x00002e74       0x1c .\CortexM0\ARM_GCC_484\Debug\arm_controller_v2.1.a(isr_1.o)
                0x00002e74                isr_1_SetVector
 .text.isr_1_SetPriority
                0x00002e90       0x4c .\CortexM0\ARM_GCC_484\Debug\arm_controller_v2.1.a(isr_1.o)
                0x00002e90                isr_1_SetPriority
 .text.isr_1_Enable
                0x00002edc       0x14 .\CortexM0\ARM_GCC_484\Debug\arm_controller_v2.1.a(isr_1.o)
                0x00002edc                isr_1_Enable
 .text.isr_1_Disable
                0x00002ef0       0x14 .\CortexM0\ARM_GCC_484\Debug\arm_controller_v2.1.a(isr_1.o)
                0x00002ef0                isr_1_Disable
 .text.LED_Write
                0x00002f04       0x4c .\CortexM0\ARM_GCC_484\Debug\arm_controller_v2.1.a(LED.o)
                0x00002f04                LED_Write
 .text.Timer_1_Init
                0x00002f50       0x38 .\CortexM0\ARM_GCC_484\Debug\arm_controller_v2.1.a(Timer_1.o)
                0x00002f50                Timer_1_Init
 .text.Timer_1_Enable
                0x00002f88       0x38 .\CortexM0\ARM_GCC_484\Debug\arm_controller_v2.1.a(Timer_1.o)
                0x00002f88                Timer_1_Enable
 .text.Timer_1_Start
                0x00002fc0       0x24 .\CortexM0\ARM_GCC_484\Debug\arm_controller_v2.1.a(Timer_1.o)
                0x00002fc0                Timer_1_Start
 .text.Timer_1_WriteCounter
                0x00002fe4       0x1c .\CortexM0\ARM_GCC_484\Debug\arm_controller_v2.1.a(Timer_1.o)
                0x00002fe4                Timer_1_WriteCounter
 .text.Timer_1_WritePeriod
                0x00003000       0x1c .\CortexM0\ARM_GCC_484\Debug\arm_controller_v2.1.a(Timer_1.o)
                0x00003000                Timer_1_WritePeriod
 .text.Timer_1_TriggerCommand
                0x0000301c       0x3c .\CortexM0\ARM_GCC_484\Debug\arm_controller_v2.1.a(Timer_1.o)
                0x0000301c                Timer_1_TriggerCommand
 .text.Timer_1_SetInterruptMode
                0x00003058       0x18 .\CortexM0\ARM_GCC_484\Debug\arm_controller_v2.1.a(Timer_1.o)
                0x00003058                Timer_1_SetInterruptMode
 .text.Timer_1_GetInterruptSourceMasked
                0x00003070       0x14 .\CortexM0\ARM_GCC_484\Debug\arm_controller_v2.1.a(Timer_1.o)
                0x00003070                Timer_1_GetInterruptSourceMasked
 .text.Timer_1_ClearInterrupt
                0x00003084       0x18 .\CortexM0\ARM_GCC_484\Debug\arm_controller_v2.1.a(Timer_1.o)
                0x00003084                Timer_1_ClearInterrupt
 *fill*         0x0000309c        0x4 
 .text          0x000030a0       0x28 .\CortexM0\ARM_GCC_484\Debug\arm_controller_v2.1.a(CyBootAsmGnu.o)
                0x000030a0                CyDelayCycles
                0x000030b4                CyEnterCriticalSection
                0x000030bc                CyExitCriticalSection
 .text.CyIntSetVector
                0x000030c8       0x4c .\CortexM0\ARM_GCC_484\Debug\arm_controller_v2.1.a(CyLib.o)
                0x000030c8                CyIntSetVector
 .text.CyIntSetPriority
                0x00003114       0xa8 .\CortexM0\ARM_GCC_484\Debug\arm_controller_v2.1.a(CyLib.o)
                0x00003114                CyIntSetPriority
 .text.CyIntEnable
                0x000031bc       0x2c .\CortexM0\ARM_GCC_484\Debug\arm_controller_v2.1.a(CyLib.o)
                0x000031bc                CyIntEnable
 .text.CyIntDisable
                0x000031e8       0x2c .\CortexM0\ARM_GCC_484\Debug\arm_controller_v2.1.a(CyLib.o)
                0x000031e8                CyIntDisable
 .text.CyHalt   0x00003214       0x14 .\CortexM0\ARM_GCC_484\Debug\arm_controller_v2.1.a(CyLib.o)
                0x00003214                CyHalt
 .text.CyDelay  0x00003228       0x48 .\CortexM0\ARM_GCC_484\Debug\arm_controller_v2.1.a(CyLib.o)
                0x00003228                CyDelay
 .text.CyDelayUs
                0x00003270       0x28 .\CortexM0\ARM_GCC_484\Debug\arm_controller_v2.1.a(CyLib.o)
                0x00003270                CyDelayUs
 .text.WIZ_RDY_Read
                0x00003298       0x1c .\CortexM0\ARM_GCC_484\Debug\arm_controller_v2.1.a(WIZ_RDY.o)
                0x00003298                WIZ_RDY_Read
 .text.WIZ_INT_Read
                0x000032b4       0x1c .\CortexM0\ARM_GCC_484\Debug\arm_controller_v2.1.a(WIZ_INT.o)
                0x000032b4                WIZ_INT_Read
 .text.WIZ_RST_Write
                0x000032d0       0x4c .\CortexM0\ARM_GCC_484\Debug\arm_controller_v2.1.a(WIZ_RST.o)
                0x000032d0                WIZ_RST_Write
 .text.WIZ_SS_Write
                0x0000331c       0x4c .\CortexM0\ARM_GCC_484\Debug\arm_controller_v2.1.a(WIZ_SS.o)
                0x0000331c                WIZ_SS_Write
 .text.BA_PWM_Init
                0x00003368       0x5c .\CortexM0\ARM_GCC_484\Debug\arm_controller_v2.1.a(BA_PWM.o)
                0x00003368                BA_PWM_Init
 .text.BA_PWM_Enable
                0x000033c4       0x38 .\CortexM0\ARM_GCC_484\Debug\arm_controller_v2.1.a(BA_PWM.o)
                0x000033c4                BA_PWM_Enable
 .text.BA_PWM_Start
                0x000033fc       0x24 .\CortexM0\ARM_GCC_484\Debug\arm_controller_v2.1.a(BA_PWM.o)
                0x000033fc                BA_PWM_Start
 .text.BA_PWM_WriteCounter
                0x00003420       0x1c .\CortexM0\ARM_GCC_484\Debug\arm_controller_v2.1.a(BA_PWM.o)
                0x00003420                BA_PWM_WriteCounter
 .text.BA_PWM_WritePeriod
                0x0000343c       0x1c .\CortexM0\ARM_GCC_484\Debug\arm_controller_v2.1.a(BA_PWM.o)
                0x0000343c                BA_PWM_WritePeriod
 .text.BA_PWM_WriteCompare
                0x00003458       0x1c .\CortexM0\ARM_GCC_484\Debug\arm_controller_v2.1.a(BA_PWM.o)
                0x00003458                BA_PWM_WriteCompare
 .text.BA_PWM_TriggerCommand
                0x00003474       0x3c .\CortexM0\ARM_GCC_484\Debug\arm_controller_v2.1.a(BA_PWM.o)
                0x00003474                BA_PWM_TriggerCommand
 .text.BA_PWM_SetInterruptMode
                0x000034b0       0x18 .\CortexM0\ARM_GCC_484\Debug\arm_controller_v2.1.a(BA_PWM.o)
                0x000034b0                BA_PWM_SetInterruptMode
 .text.ELBW_PWM_Init
                0x000034c8       0x5c .\CortexM0\ARM_GCC_484\Debug\arm_controller_v2.1.a(ELBW_PWM.o)
                0x000034c8                ELBW_PWM_Init
 .text.ELBW_PWM_Enable
                0x00003524       0x38 .\CortexM0\ARM_GCC_484\Debug\arm_controller_v2.1.a(ELBW_PWM.o)
                0x00003524                ELBW_PWM_Enable
 .text.ELBW_PWM_Start
                0x0000355c       0x24 .\CortexM0\ARM_GCC_484\Debug\arm_controller_v2.1.a(ELBW_PWM.o)
                0x0000355c                ELBW_PWM_Start
 .text.ELBW_PWM_WriteCounter
                0x00003580       0x1c .\CortexM0\ARM_GCC_484\Debug\arm_controller_v2.1.a(ELBW_PWM.o)
                0x00003580                ELBW_PWM_WriteCounter
 .text.ELBW_PWM_WritePeriod
                0x0000359c       0x1c .\CortexM0\ARM_GCC_484\Debug\arm_controller_v2.1.a(ELBW_PWM.o)
                0x0000359c                ELBW_PWM_WritePeriod
 .text.ELBW_PWM_WriteCompare
                0x000035b8       0x1c .\CortexM0\ARM_GCC_484\Debug\arm_controller_v2.1.a(ELBW_PWM.o)
                0x000035b8                ELBW_PWM_WriteCompare
 .text.ELBW_PWM_TriggerCommand
                0x000035d4       0x3c .\CortexM0\ARM_GCC_484\Debug\arm_controller_v2.1.a(ELBW_PWM.o)
                0x000035d4                ELBW_PWM_TriggerCommand
 .text.ELBW_PWM_SetInterruptMode
                0x00003610       0x18 .\CortexM0\ARM_GCC_484\Debug\arm_controller_v2.1.a(ELBW_PWM.o)
                0x00003610                ELBW_PWM_SetInterruptMode
 .text.SHLDR_PWM_Init
                0x00003628       0x5c .\CortexM0\ARM_GCC_484\Debug\arm_controller_v2.1.a(SHLDR_PWM.o)
                0x00003628                SHLDR_PWM_Init
 .text.SHLDR_PWM_Enable
                0x00003684       0x38 .\CortexM0\ARM_GCC_484\Debug\arm_controller_v2.1.a(SHLDR_PWM.o)
                0x00003684                SHLDR_PWM_Enable
 .text.SHLDR_PWM_Start
                0x000036bc       0x24 .\CortexM0\ARM_GCC_484\Debug\arm_controller_v2.1.a(SHLDR_PWM.o)
                0x000036bc                SHLDR_PWM_Start
 .text.SHLDR_PWM_WriteCounter
                0x000036e0       0x1c .\CortexM0\ARM_GCC_484\Debug\arm_controller_v2.1.a(SHLDR_PWM.o)
                0x000036e0                SHLDR_PWM_WriteCounter
 .text.SHLDR_PWM_WritePeriod
                0x000036fc       0x1c .\CortexM0\ARM_GCC_484\Debug\arm_controller_v2.1.a(SHLDR_PWM.o)
                0x000036fc                SHLDR_PWM_WritePeriod
 .text.SHLDR_PWM_WriteCompare
                0x00003718       0x1c .\CortexM0\ARM_GCC_484\Debug\arm_controller_v2.1.a(SHLDR_PWM.o)
                0x00003718                SHLDR_PWM_WriteCompare
 .text.SHLDR_PWM_TriggerCommand
                0x00003734       0x3c .\CortexM0\ARM_GCC_484\Debug\arm_controller_v2.1.a(SHLDR_PWM.o)
                0x00003734                SHLDR_PWM_TriggerCommand
 .text.SHLDR_PWM_SetInterruptMode
                0x00003770       0x18 .\CortexM0\ARM_GCC_484\Debug\arm_controller_v2.1.a(SHLDR_PWM.o)
                0x00003770                SHLDR_PWM_SetInterruptMode
 .text.SPIM_1_Init
                0x00003788       0x34 .\CortexM0\ARM_GCC_484\Debug\arm_controller_v2.1.a(SPIM_1.o)
                0x00003788                SPIM_1_Init
 .text.SPIM_1_Enable
                0x000037bc       0x68 .\CortexM0\ARM_GCC_484\Debug\arm_controller_v2.1.a(SPIM_1.o)
                0x000037bc                SPIM_1_Enable
 .text.SPIM_1_Start
                0x00003824       0x24 .\CortexM0\ARM_GCC_484\Debug\arm_controller_v2.1.a(SPIM_1.o)
                0x00003824                SPIM_1_Start
 .text.SPIM_1_EnableTxInt
                0x00003848        0x8 .\CortexM0\ARM_GCC_484\Debug\arm_controller_v2.1.a(SPIM_1.o)
                0x00003848                SPIM_1_EnableTxInt
 .text.SPIM_1_EnableRxInt
                0x00003850        0x8 .\CortexM0\ARM_GCC_484\Debug\arm_controller_v2.1.a(SPIM_1.o)
                0x00003850                SPIM_1_EnableRxInt
 .text.SPIM_1_ReadTxStatus
                0x00003858       0x20 .\CortexM0\ARM_GCC_484\Debug\arm_controller_v2.1.a(SPIM_1.o)
                0x00003858                SPIM_1_ReadTxStatus
 .text.SPIM_1_ReadRxStatus
                0x00003878       0x20 .\CortexM0\ARM_GCC_484\Debug\arm_controller_v2.1.a(SPIM_1.o)
                0x00003878                SPIM_1_ReadRxStatus
 .text.SPIM_1_WriteTxData
                0x00003898       0x34 .\CortexM0\ARM_GCC_484\Debug\arm_controller_v2.1.a(SPIM_1.o)
                0x00003898                SPIM_1_WriteTxData
 .text.SPIM_1_ReadRxData
                0x000038cc       0x20 .\CortexM0\ARM_GCC_484\Debug\arm_controller_v2.1.a(SPIM_1.o)
                0x000038cc                SPIM_1_ReadRxData
 .text.SPIM_1_ClearFIFO
                0x000038ec       0x60 .\CortexM0\ARM_GCC_484\Debug\arm_controller_v2.1.a(SPIM_1.o)
                0x000038ec                SPIM_1_ClearFIFO
 .text.SPIM_1_IntClock_Start
                0x0000394c       0x1c .\CortexM0\ARM_GCC_484\Debug\arm_controller_v2.1.a(SPIM_1_IntClock.o)
                0x0000394c                SPIM_1_IntClock_Start
 .text.EFFECTOR_PWM_Start
                0x00003968       0x24 .\CortexM0\ARM_GCC_484\Debug\arm_controller_v2.1.a(EFFECTOR_PWM.o)
                0x00003968                EFFECTOR_PWM_Start
 .text.EFFECTOR_PWM_Init
                0x0000398c       0xa8 .\CortexM0\ARM_GCC_484\Debug\arm_controller_v2.1.a(EFFECTOR_PWM.o)
                0x0000398c                EFFECTOR_PWM_Init
 .text.EFFECTOR_PWM_Enable
                0x00003a34       0x20 .\CortexM0\ARM_GCC_484\Debug\arm_controller_v2.1.a(EFFECTOR_PWM.o)
                0x00003a34                EFFECTOR_PWM_Enable
 .text.EFFECTOR_PWM_WriteCounter
                0x00003a54       0x20 .\CortexM0\ARM_GCC_484\Debug\arm_controller_v2.1.a(EFFECTOR_PWM.o)
                0x00003a54                EFFECTOR_PWM_WriteCounter
 .text.EFFECTOR_PWM_ClearFIFO
                0x00003a74       0x1c .\CortexM0\ARM_GCC_484\Debug\arm_controller_v2.1.a(EFFECTOR_PWM.o)
                0x00003a74                EFFECTOR_PWM_ClearFIFO
 .text.EFFECTOR_PWM_WritePeriod
                0x00003a90       0x20 .\CortexM0\ARM_GCC_484\Debug\arm_controller_v2.1.a(EFFECTOR_PWM.o)
                0x00003a90                EFFECTOR_PWM_WritePeriod
 .text.EFFECTOR_PWM_WriteCompare
                0x00003ab0       0x20 .\CortexM0\ARM_GCC_484\Debug\arm_controller_v2.1.a(EFFECTOR_PWM.o)
                0x00003ab0                EFFECTOR_PWM_WriteCompare
 .text.EFFECTOR_PWM_SetInterruptMode
                0x00003ad0       0x20 .\CortexM0\ARM_GCC_484\Debug\arm_controller_v2.1.a(EFFECTOR_PWM.o)
                0x00003ad0                EFFECTOR_PWM_SetInterruptMode
 .text.EFFECTOR_PWM_ReadStatusRegister
                0x00003af0       0x14 .\CortexM0\ARM_GCC_484\Debug\arm_controller_v2.1.a(EFFECTOR_PWM.o)
                0x00003af0                EFFECTOR_PWM_ReadStatusRegister
 .text.EFFECTOR_PWM_ReadCapture
                0x00003b04       0x14 .\CortexM0\ARM_GCC_484\Debug\arm_controller_v2.1.a(EFFECTOR_PWM.o)
                0x00003b04                EFFECTOR_PWM_ReadCapture
 .text.Wrist_UART_Init
                0x00003b18        0xc .\CortexM0\ARM_GCC_484\Debug\arm_controller_v2.1.a(Wrist_UART.o)
                0x00003b18                Wrist_UART_Init
 .text.Wrist_UART_Enable
                0x00003b24       0x20 .\CortexM0\ARM_GCC_484\Debug\arm_controller_v2.1.a(Wrist_UART.o)
                0x00003b24                Wrist_UART_Enable
 .text.Wrist_UART_Start
                0x00003b44       0x24 .\CortexM0\ARM_GCC_484\Debug\arm_controller_v2.1.a(Wrist_UART.o)
                0x00003b44                Wrist_UART_Start
 .text.Wrist_UART_ScbEnableIntr
                0x00003b68        0x8 .\CortexM0\ARM_GCC_484\Debug\arm_controller_v2.1.a(Wrist_UART.o)
 .text.Wrist_UART_SpiUartWriteTxData
                0x00003b70       0x2c .\CortexM0\ARM_GCC_484\Debug\arm_controller_v2.1.a(Wrist_UART_SPI_UART.o)
                0x00003b70                Wrist_UART_SpiUartWriteTxData
 .text.Wrist_UART_SpiUartPutArray
                0x00003b9c       0x34 .\CortexM0\ARM_GCC_484\Debug\arm_controller_v2.1.a(Wrist_UART_SPI_UART.o)
                0x00003b9c                Wrist_UART_SpiUartPutArray
 .text.Wrist_UART_UartInit
                0x00003bd0       0xac .\CortexM0\ARM_GCC_484\Debug\arm_controller_v2.1.a(Wrist_UART_UART.o)
                0x00003bd0                Wrist_UART_UartInit
 .text.Arduino_UART_Init
                0x00003c7c        0xc .\CortexM0\ARM_GCC_484\Debug\arm_controller_v2.1.a(Arduino_UART.o)
                0x00003c7c                Arduino_UART_Init
 .text.Arduino_UART_Enable
                0x00003c88       0x20 .\CortexM0\ARM_GCC_484\Debug\arm_controller_v2.1.a(Arduino_UART.o)
                0x00003c88                Arduino_UART_Enable
 .text.Arduino_UART_Start
                0x00003ca8       0x24 .\CortexM0\ARM_GCC_484\Debug\arm_controller_v2.1.a(Arduino_UART.o)
                0x00003ca8                Arduino_UART_Start
 .text.Arduino_UART_ScbEnableIntr
                0x00003ccc       0x10 .\CortexM0\ARM_GCC_484\Debug\arm_controller_v2.1.a(Arduino_UART.o)
 .text.Arduino_UART_SpiUartReadRxData
                0x00003cdc       0x50 .\CortexM0\ARM_GCC_484\Debug\arm_controller_v2.1.a(Arduino_UART_SPI_UART.o)
                0x00003cdc                Arduino_UART_SpiUartReadRxData
 .text.Arduino_UART_SpiUartGetRxBufferSize
                0x00003d2c       0x40 .\CortexM0\ARM_GCC_484\Debug\arm_controller_v2.1.a(Arduino_UART_SPI_UART.o)
                0x00003d2c                Arduino_UART_SpiUartGetRxBufferSize
 .text.Arduino_UART_SpiUartWriteTxData
                0x00003d6c       0x2c .\CortexM0\ARM_GCC_484\Debug\arm_controller_v2.1.a(Arduino_UART_SPI_UART.o)
                0x00003d6c                Arduino_UART_SpiUartWriteTxData
 .text.Arduino_UART_SpiUartDisableIntRx
                0x00003d98       0x20 .\CortexM0\ARM_GCC_484\Debug\arm_controller_v2.1.a(Arduino_UART_SPI_UART.o)
                0x00003d98                Arduino_UART_SpiUartDisableIntRx
 .text.Arduino_UART_UartInit
                0x00003db8       0xe0 .\CortexM0\ARM_GCC_484\Debug\arm_controller_v2.1.a(Arduino_UART_UART.o)
                0x00003db8                Arduino_UART_UartInit
 .text.Arduino_UART_UartGetByte
                0x00003e98       0x68 .\CortexM0\ARM_GCC_484\Debug\arm_controller_v2.1.a(Arduino_UART_UART.o)
                0x00003e98                Arduino_UART_UartGetByte
 .text.Arduino_UART_SPI_UART_ISR
                0x00003f00       0x98 .\CortexM0\ARM_GCC_484\Debug\arm_controller_v2.1.a(Arduino_UART_SPI_UART_INT.o)
                0x00003f00                Arduino_UART_SPI_UART_ISR
 .text.__libc_init_array
                0x00003f98       0x4c c:/program files (x86)/cypress/psoc creator/3.1/psoc creator/import/gnu_cs/arm/4.8.4/bin/../lib/gcc/arm-none-eabi/4.8.4/../../../../arm-none-eabi/lib/armv6-m\libg_s.a(lib_a-init.o)
                0x00003f98                __libc_init_array
 .text.memcpy   0x00003fe4       0x12 c:/program files (x86)/cypress/psoc creator/3.1/psoc creator/import/gnu_cs/arm/4.8.4/bin/../lib/gcc/arm-none-eabi/4.8.4/../../../../arm-none-eabi/lib/armv6-m\libg_s.a(lib_a-memcpy-stub.o)
                0x00003fe4                memcpy
 .text.memset   0x00003ff6       0x10 c:/program files (x86)/cypress/psoc creator/3.1/psoc creator/import/gnu_cs/arm/4.8.4/bin/../lib/gcc/arm-none-eabi/4.8.4/../../../../arm-none-eabi/lib/armv6-m\libg_s.a(lib_a-memset.o)
                0x00003ff6                memset
 *(.plt)
 *(.gnu.warning)
 *(.glue_7t)
 .glue_7t       0x00000000        0x0 linker stubs
 *(.glue_7)
 .glue_7        0x00000000        0x0 linker stubs
 *(.vfp11_veneer)
 .vfp11_veneer  0x00000000        0x0 linker stubs
 *(.bootloader)
 *(.ARM.extab* .gnu.linkonce.armextab.*)
 *(.gcc_except_table)

.v4_bx          0x00004008        0x0
 .v4_bx         0x00000000        0x0 linker stubs

.iplt           0x00004008        0x0
 .iplt          0x00000000        0x0 c:/program files (x86)/cypress/psoc creator/3.1/psoc creator/import/gnu_cs/arm/4.8.4/bin/../lib/gcc/arm-none-eabi/4.8.4/armv6-m/crtbegin.o

.eh_frame_hdr
 *(.eh_frame_hdr)

.eh_frame       0x00004008        0x4
 *(.eh_frame)
 .eh_frame      0x00004008        0x0 c:/program files (x86)/cypress/psoc creator/3.1/psoc creator/import/gnu_cs/arm/4.8.4/bin/../lib/gcc/arm-none-eabi/4.8.4/armv6-m/crtbegin.o
 .eh_frame      0x00004008        0x4 c:/program files (x86)/cypress/psoc creator/3.1/psoc creator/import/gnu_cs/arm/4.8.4/bin/../lib/gcc/arm-none-eabi/4.8.4/armv6-m/crtend.o
                0x0000400c                PROVIDE (__exidx_start, .)

.ARM.exidx
 *(.ARM.exidx* .gnu.linkonce.armexidx.*)
                0x0000400c                __exidx_end = .

.rodata         0x0000400c      0x3c4
 *(.rodata .rodata.* .gnu.linkonce.r.*)
 .rodata        0x0000400c       0x50 .\CortexM0\ARM_GCC_484\Debug\main.o
 .rodata        0x0000405c       0x30 .\CortexM0\ARM_GCC_484\Debug\wiznet5500.o
 .rodata        0x0000408c      0x30c .\CortexM0\ARM_GCC_484\Debug\arm_controller_v2.1.a(cyfitter_cfg.o)
                0x00004398                . = ALIGN (0x4)
 *(.init)
 .init          0x00004398        0x4 c:/program files (x86)/cypress/psoc creator/3.1/psoc creator/import/gnu_cs/arm/4.8.4/bin/../lib/gcc/arm-none-eabi/4.8.4/armv6-m/crti.o
                0x00004398                _init
 .init          0x0000439c        0x8 c:/program files (x86)/cypress/psoc creator/3.1/psoc creator/import/gnu_cs/arm/4.8.4/bin/../lib/gcc/arm-none-eabi/4.8.4/armv6-m/crtn.o
                0x000043a4                . = ALIGN (0x4)
                0x000043a4                __preinit_array_start = .
 *(.preinit_array)
                0x000043a4                __preinit_array_end = .
                0x000043a4                . = ALIGN (0x4)
                0x000043a4                __init_array_start = .
 *(SORT(.init_array.*))
 *(.init_array)
 .init_array    0x000043a4        0x4 c:/program files (x86)/cypress/psoc creator/3.1/psoc creator/import/gnu_cs/arm/4.8.4/bin/../lib/gcc/arm-none-eabi/4.8.4/armv6-m/crtbegin.o
 .init_array    0x000043a8        0x4 .\CortexM0\ARM_GCC_484\Debug\Cm0Start.o
                0x000043ac                __init_array_end = .
                0x000043ac                . = ALIGN (0x4)
 *(.fini)
 .fini          0x000043ac        0x4 c:/program files (x86)/cypress/psoc creator/3.1/psoc creator/import/gnu_cs/arm/4.8.4/bin/../lib/gcc/arm-none-eabi/4.8.4/armv6-m/crti.o
                0x000043ac                _fini
 .fini          0x000043b0        0x8 c:/program files (x86)/cypress/psoc creator/3.1/psoc creator/import/gnu_cs/arm/4.8.4/bin/../lib/gcc/arm-none-eabi/4.8.4/armv6-m/crtn.o
                0x000043b8                . = ALIGN (0x4)
                0x000043b8                __fini_array_start = .
 *(.fini_array)
 .fini_array    0x000043b8        0x4 c:/program files (x86)/cypress/psoc creator/3.1/psoc creator/import/gnu_cs/arm/4.8.4/bin/../lib/gcc/arm-none-eabi/4.8.4/armv6-m/crtbegin.o
 *(SORT(.fini_array.*))
                0x000043bc                __fini_array_end = .
                0x000043bc                . = ALIGN (0x4)
 *crtbegin.o(.ctors)
 *(EXCLUDE_FILE(*crtend.o) .ctors)
 *(SORT(.ctors.*))
 *crtend.o(.ctors)
                0x000043bc                . = ALIGN (0x4)
 *crtbegin.o(.dtors)
 *(EXCLUDE_FILE(*crtend.o) .dtors)
 *(SORT(.dtors.*))
 *crtend.o(.dtors)
                0x000043bc                . = ALIGN (0x4)
                0x000043bc                __cy_regions = .
                0x000043bc        0x4 LONG 0x43d0 __cy_region_init_ram
                0x000043c0        0x4 LONG 0x200000d0 __cy_region_start_data
                0x000043c4        0x4 LONG 0x20 __cy_region_init_size_ram
                0x000043c8        0x4 LONG 0xb0 __cy_region_zero_size_ram
                0x000043cc                __cy_regions_end = .
                0x000043d0                . = ALIGN (0x8)
 *fill*         0x000043cc        0x4 
                0x000043d0                _etext = .

.ramvectors     0x20000000       0xc0
                0x20000000                __cy_region_start_ram = .
 *(.ramvectors)
 .ramvectors    0x20000000       0xc0 .\CortexM0\ARM_GCC_484\Debug\Cm0Start.o
                0x20000000                CyRamVectors

.btldr_run      0x200000c0        0x4
 *(.bootloaderruntype)
 .bootloaderruntype
                0x200000c0        0x4 .\CortexM0\ARM_GCC_484\Debug\Cm0Start.o
                0x200000c0                cyBtldrRunType

.noinit         0x200000c8        0x4
 *(.noinit)
 .noinit        0x200000c8        0x4 .\CortexM0\ARM_GCC_484\Debug\Cm0Start.o

.data           0x200000d0       0x20 load address 0x000043d0
                0x200000d0                __cy_region_start_data = .
 *(.jcr)
 .jcr           0x200000d0        0x0 c:/program files (x86)/cypress/psoc creator/3.1/psoc creator/import/gnu_cs/arm/4.8.4/bin/../lib/gcc/arm-none-eabi/4.8.4/armv6-m/crtbegin.o
 .jcr           0x200000d0        0x4 c:/program files (x86)/cypress/psoc creator/3.1/psoc creator/import/gnu_cs/arm/4.8.4/bin/../lib/gcc/arm-none-eabi/4.8.4/armv6-m/crtend.o
 *(.got.plt)
 *(.got)
 *(.shdata)
 *(.data .data.* .gnu.linkonce.d.*)
 .data          0x200000d4        0x2 .\CortexM0\ARM_GCC_484\Debug\main.o
                0x200000d4                NEUTRAL
 *fill*         0x200000d6        0x2 
 .data          0x200000d8        0x4 .\CortexM0\ARM_GCC_484\Debug\arm_controller_v2.1.a(cyfitter_cfg.o)
 .data          0x200000dc       0x10 .\CortexM0\ARM_GCC_484\Debug\arm_controller_v2.1.a(CyLib.o)
                0x200000dc                cydelayFreqHz
                0x200000e0                cydelayFreqKhz
                0x200000e4                cydelayFreqMhz
                0x200000e8                cydelay32kMs
                0x200000f0                . = ALIGN (0x8)
 *fill*         0x200000ec        0x4 
 *(.ram)
                0x200000f0                _edata = .

.igot.plt       0x200000f0        0x0 load address 0x000043f0
 .igot.plt      0x00000000        0x0 c:/program files (x86)/cypress/psoc creator/3.1/psoc creator/import/gnu_cs/arm/4.8.4/bin/../lib/gcc/arm-none-eabi/4.8.4/armv6-m/crtbegin.o

.bss            0x200000f0       0xb0 load address 0x000043f0
                0x200000f0                PROVIDE (__bss_start__, .)
 *(.shbss)
 *(.bss .bss.* .gnu.linkonce.b.*)
 .bss           0x200000f0       0x1c c:/program files (x86)/cypress/psoc creator/3.1/psoc creator/import/gnu_cs/arm/4.8.4/bin/../lib/gcc/arm-none-eabi/4.8.4/armv6-m/crtbegin.o
 .bss           0x2000010c       0x14 .\CortexM0\ARM_GCC_484\Debug\main.o
                0x2000010c                WT_feedback_flag
                0x2000010d                WR_feedback_flag
                0x2000010e                WR_feedback
                0x20000110                WT_FLAG
                0x20000111                WR_FLAG
                0x20000112                ELBOW_FLAG
                0x20000113                SHOULDER_FLAG
                0x20000114                BA_FLAG
                0x20000115                EFFECTOR_FLAG
                0x20000116                ARD_FLAG
                0x20000117                Time_Out_flag
                0x20000118                Time_count
                0x20000119                fail_safe_errors
                0x2000011a                shldr_errors
                0x2000011b                elbw_errors
                0x2000011c                BA_errors
                0x2000011d                WT_errors
                0x2000011e                WR_errors
                0x2000011f                eff_errors
 .bss           0x20000120        0x4 .\CortexM0\ARM_GCC_484\Debug\wiznet5500.o
 .bss           0x20000124        0x1 .\CortexM0\ARM_GCC_484\Debug\arm_controller_v2.1.a(Timer_1.o)
                0x20000124                Timer_1_initVar
 .bss           0x20000125        0x1 .\CortexM0\ARM_GCC_484\Debug\arm_controller_v2.1.a(BA_PWM.o)
                0x20000125                BA_PWM_initVar
 .bss           0x20000126        0x1 .\CortexM0\ARM_GCC_484\Debug\arm_controller_v2.1.a(ELBW_PWM.o)
                0x20000126                ELBW_PWM_initVar
 .bss           0x20000127        0x1 .\CortexM0\ARM_GCC_484\Debug\arm_controller_v2.1.a(SHLDR_PWM.o)
                0x20000127                SHLDR_PWM_initVar
 .bss           0x20000128        0x1 .\CortexM0\ARM_GCC_484\Debug\arm_controller_v2.1.a(SPIM_1.o)
                0x20000128                SPIM_1_initVar
 .bss           0x20000129        0x1 .\CortexM0\ARM_GCC_484\Debug\arm_controller_v2.1.a(EFFECTOR_PWM.o)
                0x20000129                EFFECTOR_PWM_initVar
 *fill*         0x2000012a        0x2 
 .bss           0x2000012c        0x8 .\CortexM0\ARM_GCC_484\Debug\arm_controller_v2.1.a(Wrist_UART.o)
                0x2000012c                Wrist_UART_initVar
                0x20000130                Wrist_UART_customIntrHandler
 .bss           0x20000134        0x8 .\CortexM0\ARM_GCC_484\Debug\arm_controller_v2.1.a(Arduino_UART.o)
                0x20000134                Arduino_UART_initVar
                0x20000138                Arduino_UART_customIntrHandler
 *(COMMON)
 COMMON         0x2000013c       0x45 .\CortexM0\ARM_GCC_484\Debug\main.o
                0x2000013c                HEARTBEAT_FLAG
                0x2000013d                send_packet_state
                0x20000140                heartbeat_array
                0x20000143                baseAzimuth_state
                0x20000144                data_array
                0x2000015c                wristTilt_state
                0x2000015d                shoulder_state
                0x2000015e                latest_WR_command
                0x20000160                timerFlag
                0x20000162                latest_WT_command
                0x20000164                elbow_state
                0x20000165                effector_state
                0x20000166                wristRotate_state
                0x20000167                arduino_state
                0x20000168                latest_command
                0x2000016c                feedback_array
 *fill*         0x20000181        0x3 
 COMMON         0x20000184       0x19 .\CortexM0\ARM_GCC_484\Debug\arm_controller_v2.1.a(Arduino_UART_SPI_UART.o)
                0x20000184                Arduino_UART_rxBufferTail
                0x20000188                Arduino_UART_rxBufferOverflow
                0x2000018c                Arduino_UART_rxBufferHead
                0x20000190                Arduino_UART_rxBufferInternal
                0x200001a0                . = ALIGN (0x8)
 *fill*         0x2000019d        0x3 
 *(.ram.b)
                0x200001a0                _end = .
                0x200001a0                __end = .
                0x200001a0                PROVIDE (end, .)
                0x200001a0                PROVIDE (__bss_end__, .)
                0x000043d0                __cy_region_init_ram = LOADADDR (.data)
                0x00000020                __cy_region_init_size_ram = (_edata - ADDR (.data))
                0x000000b0                __cy_region_zero_size_ram = (_end - _edata)

.heap           0x200001a0       0x80 load address 0x000043f0
                0x200001a0                . = _end
                0x20000220                . = (. + 0x80)
 *fill*         0x200001a0       0x80 
                0x20000220                __cy_heap_limit = .

.stack          0x20000c00      0x400
                0x20000c00                __cy_stack_limit = .
                0x20001000                . = (. + 0x400)
 *fill*         0x20000c00      0x400 
                0x00000001                ASSERT ((__cy_stack_limit >= __cy_heap_limit), region RAM overflowed with stack)

.cyloadermeta   0xf0000000       0x40
 *(.cyloadermeta)
 .cyloadermeta  0xf0000000       0x40 .\CortexM0\ARM_GCC_484\Debug\cybootloader.o
                0xf0000000                cy_meta_loader

.cyloadablemeta
                0x00007fc0       0x40
 *(.cyloadablemeta)
 .cyloadablemeta
                0x00007fc0       0x40 .\CortexM0\ARM_GCC_484\Debug\cymetadata.o
                0x00007fc0                cy_meta_loadable

.cyflashprotect
                0x90400000       0x20
 *(.cyflashprotect)
 .cyflashprotect
                0x90400000       0x20 .\CortexM0\ARM_GCC_484\Debug\cybootloader.o
                0x90400000                cy_meta_flashprotect

.cymeta         0x90500000        0xc
 *(.cymeta)
 .cymeta        0x90500000        0xc .\CortexM0\ARM_GCC_484\Debug\cybootloader.o
                0x90500000                cy_metadata

.cychipprotect  0x90600000        0x4
 *(.cychipprotect)
 .cychipprotect
                0x90600000        0x4 .\CortexM0\ARM_GCC_484\Debug\cybootloader.o
                0x90600000                cy_meta_chipprotect

.rel.dyn        0x00008000        0x0 load address 0x90600004
 .rel.iplt      0x00000000        0x0 c:/program files (x86)/cypress/psoc creator/3.1/psoc creator/import/gnu_cs/arm/4.8.4/bin/../lib/gcc/arm-none-eabi/4.8.4/armv6-m/crtbegin.o

.stab           0x00000000       0x9c
 *(.stab)
 .stab          0x00000000       0x24 c:/program files (x86)/cypress/psoc creator/3.1/psoc creator/import/gnu_cs/arm/4.8.4/bin/../lib/gcc/arm-none-eabi/4.8.4/../../../../arm-none-eabi/lib/armv6-m\libnosys.a(close.o)
 .stab          0x00000024       0x18 c:/program files (x86)/cypress/psoc creator/3.1/psoc creator/import/gnu_cs/arm/4.8.4/bin/../lib/gcc/arm-none-eabi/4.8.4/../../../../arm-none-eabi/lib/armv6-m\libnosys.a(fstat.o)
                                 0x24 (size before relaxing)
 .stab          0x0000003c       0x18 c:/program files (x86)/cypress/psoc creator/3.1/psoc creator/import/gnu_cs/arm/4.8.4/bin/../lib/gcc/arm-none-eabi/4.8.4/../../../../arm-none-eabi/lib/armv6-m\libnosys.a(isatty.o)
                                 0x24 (size before relaxing)
 .stab          0x00000054       0x18 c:/program files (x86)/cypress/psoc creator/3.1/psoc creator/import/gnu_cs/arm/4.8.4/bin/../lib/gcc/arm-none-eabi/4.8.4/../../../../arm-none-eabi/lib/armv6-m\libnosys.a(lseek.o)
                                 0x24 (size before relaxing)
 .stab          0x0000006c       0x18 c:/program files (x86)/cypress/psoc creator/3.1/psoc creator/import/gnu_cs/arm/4.8.4/bin/../lib/gcc/arm-none-eabi/4.8.4/../../../../arm-none-eabi/lib/armv6-m\libnosys.a(read.o)
                                 0x24 (size before relaxing)
 .stab          0x00000084       0x18 c:/program files (x86)/cypress/psoc creator/3.1/psoc creator/import/gnu_cs/arm/4.8.4/bin/../lib/gcc/arm-none-eabi/4.8.4/../../../../arm-none-eabi/lib/armv6-m\libnosys.a(write.o)
                                 0x24 (size before relaxing)

.stabstr        0x00000000      0x14d
 *(.stabstr)
 .stabstr       0x00000000      0x14d c:/program files (x86)/cypress/psoc creator/3.1/psoc creator/import/gnu_cs/arm/4.8.4/bin/../lib/gcc/arm-none-eabi/4.8.4/../../../../arm-none-eabi/lib/armv6-m\libnosys.a(close.o)

.debug
 *(.debug)

.line
 *(.line)

.debug_srcinfo
 *(.debug_srcinfo)

.debug_sfnames
 *(.debug_sfnames)

.debug_aranges  0x00000000     0x1040
 *(.debug_aranges)
 .debug_aranges
                0x00000000       0xc0 .\CortexM0\ARM_GCC_484\Debug\main.o
 .debug_aranges
                0x000000c0       0x18 .\CortexM0\ARM_GCC_484\Debug\spi.o
 .debug_aranges
                0x000000d8       0xa0 .\CortexM0\ARM_GCC_484\Debug\wiznet5500.o
 .debug_aranges
                0x00000178       0x18 .\CortexM0\ARM_GCC_484\Debug\cybootloader.o
 .debug_aranges
                0x00000190       0x18 .\CortexM0\ARM_GCC_484\Debug\cymetadata.o
 .debug_aranges
                0x000001a8       0x48 .\CortexM0\ARM_GCC_484\Debug\Cm0Start.o
 .debug_aranges
                0x000001f0       0x60 .\CortexM0\ARM_GCC_484\Debug\arm_controller_v2.1.a(cyfitter_cfg.o)
 .debug_aranges
                0x00000250       0x40 .\CortexM0\ARM_GCC_484\Debug\arm_controller_v2.1.a(Clock_counter.o)
 .debug_aranges
                0x00000290       0x40 .\CortexM0\ARM_GCC_484\Debug\arm_controller_v2.1.a(Clock_pwm.o)
 .debug_aranges
                0x000002d0       0x80 .\CortexM0\ARM_GCC_484\Debug\arm_controller_v2.1.a(isr_1.o)
 .debug_aranges
                0x00000350       0x40 .\CortexM0\ARM_GCC_484\Debug\arm_controller_v2.1.a(LED.o)
 .debug_aranges
                0x00000390      0x158 .\CortexM0\ARM_GCC_484\Debug\arm_controller_v2.1.a(Timer_1.o)
 .debug_aranges
                0x000004e8       0x20 .\CortexM0\ARM_GCC_484\Debug\arm_controller_v2.1.a(CyBootAsmGnu.o)
 .debug_aranges
                0x00000508      0x230 .\CortexM0\ARM_GCC_484\Debug\arm_controller_v2.1.a(CyLib.o)
 .debug_aranges
                0x00000738       0x40 .\CortexM0\ARM_GCC_484\Debug\arm_controller_v2.1.a(WIZ_RDY.o)
 .debug_aranges
                0x00000778       0x40 .\CortexM0\ARM_GCC_484\Debug\arm_controller_v2.1.a(WIZ_INT.o)
 .debug_aranges
                0x000007b8       0x40 .\CortexM0\ARM_GCC_484\Debug\arm_controller_v2.1.a(WIZ_RST.o)
 .debug_aranges
                0x000007f8       0x40 .\CortexM0\ARM_GCC_484\Debug\arm_controller_v2.1.a(WIZ_SS.o)
 .debug_aranges
                0x00000838      0x158 .\CortexM0\ARM_GCC_484\Debug\arm_controller_v2.1.a(BA_PWM.o)
 .debug_aranges
                0x00000990      0x158 .\CortexM0\ARM_GCC_484\Debug\arm_controller_v2.1.a(ELBW_PWM.o)
 .debug_aranges
                0x00000ae8      0x158 .\CortexM0\ARM_GCC_484\Debug\arm_controller_v2.1.a(SHLDR_PWM.o)
 .debug_aranges
                0x00000c40       0xd8 .\CortexM0\ARM_GCC_484\Debug\arm_controller_v2.1.a(SPIM_1.o)
 .debug_aranges
                0x00000d18       0x40 .\CortexM0\ARM_GCC_484\Debug\arm_controller_v2.1.a(SPIM_1_IntClock.o)
 .debug_aranges
                0x00000d58       0x98 .\CortexM0\ARM_GCC_484\Debug\arm_controller_v2.1.a(EFFECTOR_PWM.o)
 .debug_aranges
                0x00000df0       0x68 .\CortexM0\ARM_GCC_484\Debug\arm_controller_v2.1.a(Wrist_UART.o)
 .debug_aranges
                0x00000e58       0x60 .\CortexM0\ARM_GCC_484\Debug\arm_controller_v2.1.a(Wrist_UART_SPI_UART.o)
 .debug_aranges
                0x00000eb8       0x50 .\CortexM0\ARM_GCC_484\Debug\arm_controller_v2.1.a(Wrist_UART_UART.o)
 .debug_aranges
                0x00000f08       0x68 .\CortexM0\ARM_GCC_484\Debug\arm_controller_v2.1.a(Arduino_UART.o)
 .debug_aranges
                0x00000f70       0x60 .\CortexM0\ARM_GCC_484\Debug\arm_controller_v2.1.a(Arduino_UART_SPI_UART.o)
 .debug_aranges
                0x00000fd0       0x50 .\CortexM0\ARM_GCC_484\Debug\arm_controller_v2.1.a(Arduino_UART_UART.o)
 .debug_aranges
                0x00001020       0x20 .\CortexM0\ARM_GCC_484\Debug\arm_controller_v2.1.a(Arduino_UART_SPI_UART_INT.o)

.debug_pubnames
 *(.debug_pubnames)

.debug_info     0x00000000     0x645d
 *(.debug_info .gnu.linkonce.wi.*)
 .debug_info    0x00000000      0xa26 .\CortexM0\ARM_GCC_484\Debug\main.o
 .debug_info    0x00000a26       0x80 .\CortexM0\ARM_GCC_484\Debug\spi.o
 .debug_info    0x00000aa6      0x54a .\CortexM0\ARM_GCC_484\Debug\wiznet5500.o
 .debug_info    0x00000ff0      0x14d .\CortexM0\ARM_GCC_484\Debug\cybootloader.o
 .debug_info    0x0000113d       0xb1 .\CortexM0\ARM_GCC_484\Debug\cymetadata.o
 .debug_info    0x000011ee      0x310 .\CortexM0\ARM_GCC_484\Debug\Cm0Start.o
 .debug_info    0x000014fe      0x57e .\CortexM0\ARM_GCC_484\Debug\arm_controller_v2.1.a(cyfitter_cfg.o)
 .debug_info    0x00001a7c      0x14d .\CortexM0\ARM_GCC_484\Debug\arm_controller_v2.1.a(Clock_counter.o)
 .debug_info    0x00001bc9      0x14d .\CortexM0\ARM_GCC_484\Debug\arm_controller_v2.1.a(Clock_pwm.o)
 .debug_info    0x00001d16      0x241 .\CortexM0\ARM_GCC_484\Debug\arm_controller_v2.1.a(isr_1.o)
 .debug_info    0x00001f57      0x14c .\CortexM0\ARM_GCC_484\Debug\arm_controller_v2.1.a(LED.o)
 .debug_info    0x000020a3      0x6f0 .\CortexM0\ARM_GCC_484\Debug\arm_controller_v2.1.a(Timer_1.o)
 .debug_info    0x00002793       0xa1 .\CortexM0\ARM_GCC_484\Debug\arm_controller_v2.1.a(CyBootAsmGnu.o)
 .debug_info    0x00002834      0xc5b .\CortexM0\ARM_GCC_484\Debug\arm_controller_v2.1.a(CyLib.o)
 .debug_info    0x0000348f      0x14c .\CortexM0\ARM_GCC_484\Debug\arm_controller_v2.1.a(WIZ_RDY.o)
 .debug_info    0x000035db      0x14c .\CortexM0\ARM_GCC_484\Debug\arm_controller_v2.1.a(WIZ_INT.o)
 .debug_info    0x00003727      0x14c .\CortexM0\ARM_GCC_484\Debug\arm_controller_v2.1.a(WIZ_RST.o)
 .debug_info    0x00003873      0x14c .\CortexM0\ARM_GCC_484\Debug\arm_controller_v2.1.a(WIZ_SS.o)
 .debug_info    0x000039bf      0x6f0 .\CortexM0\ARM_GCC_484\Debug\arm_controller_v2.1.a(BA_PWM.o)
 .debug_info    0x000040af      0x6f0 .\CortexM0\ARM_GCC_484\Debug\arm_controller_v2.1.a(ELBW_PWM.o)
 .debug_info    0x0000479f      0x6f0 .\CortexM0\ARM_GCC_484\Debug\arm_controller_v2.1.a(SHLDR_PWM.o)
 .debug_info    0x00004e8f      0x3ec .\CortexM0\ARM_GCC_484\Debug\arm_controller_v2.1.a(SPIM_1.o)
 .debug_info    0x0000527b      0x14d .\CortexM0\ARM_GCC_484\Debug\arm_controller_v2.1.a(SPIM_1_IntClock.o)
 .debug_info    0x000053c8      0x29e .\CortexM0\ARM_GCC_484\Debug\arm_controller_v2.1.a(EFFECTOR_PWM.o)
 .debug_info    0x00005666      0x1eb .\CortexM0\ARM_GCC_484\Debug\arm_controller_v2.1.a(Wrist_UART.o)
 .debug_info    0x00005851      0x20d .\CortexM0\ARM_GCC_484\Debug\arm_controller_v2.1.a(Wrist_UART_SPI_UART.o)
 .debug_info    0x00005a5e      0x1fe .\CortexM0\ARM_GCC_484\Debug\arm_controller_v2.1.a(Wrist_UART_UART.o)
 .debug_info    0x00005c5c      0x1eb .\CortexM0\ARM_GCC_484\Debug\arm_controller_v2.1.a(Arduino_UART.o)
 .debug_info    0x00005e47      0x29e .\CortexM0\ARM_GCC_484\Debug\arm_controller_v2.1.a(Arduino_UART_SPI_UART.o)
 .debug_info    0x000060e5      0x233 .\CortexM0\ARM_GCC_484\Debug\arm_controller_v2.1.a(Arduino_UART_UART.o)
 .debug_info    0x00006318      0x145 .\CortexM0\ARM_GCC_484\Debug\arm_controller_v2.1.a(Arduino_UART_SPI_UART_INT.o)

.debug_abbrev   0x00000000     0x1f33
 *(.debug_abbrev)
 .debug_abbrev  0x00000000      0x17b .\CortexM0\ARM_GCC_484\Debug\main.o
 .debug_abbrev  0x0000017b       0x26 .\CortexM0\ARM_GCC_484\Debug\spi.o
 .debug_abbrev  0x000001a1      0x186 .\CortexM0\ARM_GCC_484\Debug\wiznet5500.o
 .debug_abbrev  0x00000327       0x77 .\CortexM0\ARM_GCC_484\Debug\cybootloader.o
 .debug_abbrev  0x0000039e       0x5d .\CortexM0\ARM_GCC_484\Debug\cymetadata.o
 .debug_abbrev  0x000003fb      0x1c5 .\CortexM0\ARM_GCC_484\Debug\Cm0Start.o
 .debug_abbrev  0x000005c0      0x1cd .\CortexM0\ARM_GCC_484\Debug\arm_controller_v2.1.a(cyfitter_cfg.o)
 .debug_abbrev  0x0000078d       0xb5 .\CortexM0\ARM_GCC_484\Debug\arm_controller_v2.1.a(Clock_counter.o)
 .debug_abbrev  0x00000842       0xb5 .\CortexM0\ARM_GCC_484\Debug\arm_controller_v2.1.a(Clock_pwm.o)
 .debug_abbrev  0x000008f7      0x168 .\CortexM0\ARM_GCC_484\Debug\arm_controller_v2.1.a(isr_1.o)
 .debug_abbrev  0x00000a5f       0xb7 .\CortexM0\ARM_GCC_484\Debug\arm_controller_v2.1.a(LED.o)
 .debug_abbrev  0x00000b16      0x109 .\CortexM0\ARM_GCC_484\Debug\arm_controller_v2.1.a(Timer_1.o)
 .debug_abbrev  0x00000c1f       0x14 .\CortexM0\ARM_GCC_484\Debug\arm_controller_v2.1.a(CyBootAsmGnu.o)
 .debug_abbrev  0x00000c33      0x207 .\CortexM0\ARM_GCC_484\Debug\arm_controller_v2.1.a(CyLib.o)
 .debug_abbrev  0x00000e3a       0xb7 .\CortexM0\ARM_GCC_484\Debug\arm_controller_v2.1.a(WIZ_RDY.o)
 .debug_abbrev  0x00000ef1       0xb7 .\CortexM0\ARM_GCC_484\Debug\arm_controller_v2.1.a(WIZ_INT.o)
 .debug_abbrev  0x00000fa8       0xb7 .\CortexM0\ARM_GCC_484\Debug\arm_controller_v2.1.a(WIZ_RST.o)
 .debug_abbrev  0x0000105f       0xb7 .\CortexM0\ARM_GCC_484\Debug\arm_controller_v2.1.a(WIZ_SS.o)
 .debug_abbrev  0x00001116      0x109 .\CortexM0\ARM_GCC_484\Debug\arm_controller_v2.1.a(BA_PWM.o)
 .debug_abbrev  0x0000121f      0x109 .\CortexM0\ARM_GCC_484\Debug\arm_controller_v2.1.a(ELBW_PWM.o)
 .debug_abbrev  0x00001328      0x109 .\CortexM0\ARM_GCC_484\Debug\arm_controller_v2.1.a(SHLDR_PWM.o)
 .debug_abbrev  0x00001431      0x163 .\CortexM0\ARM_GCC_484\Debug\arm_controller_v2.1.a(SPIM_1.o)
 .debug_abbrev  0x00001594       0xb5 .\CortexM0\ARM_GCC_484\Debug\arm_controller_v2.1.a(SPIM_1_IntClock.o)
 .debug_abbrev  0x00001649      0x13b .\CortexM0\ARM_GCC_484\Debug\arm_controller_v2.1.a(EFFECTOR_PWM.o)
 .debug_abbrev  0x00001784      0x122 .\CortexM0\ARM_GCC_484\Debug\arm_controller_v2.1.a(Wrist_UART.o)
 .debug_abbrev  0x000018a6      0x15c .\CortexM0\ARM_GCC_484\Debug\arm_controller_v2.1.a(Wrist_UART_SPI_UART.o)
 .debug_abbrev  0x00001a02       0xf9 .\CortexM0\ARM_GCC_484\Debug\arm_controller_v2.1.a(Wrist_UART_UART.o)
 .debug_abbrev  0x00001afb      0x138 .\CortexM0\ARM_GCC_484\Debug\arm_controller_v2.1.a(Arduino_UART.o)
 .debug_abbrev  0x00001c33      0x167 .\CortexM0\ARM_GCC_484\Debug\arm_controller_v2.1.a(Arduino_UART_SPI_UART.o)
 .debug_abbrev  0x00001d9a       0xf2 .\CortexM0\ARM_GCC_484\Debug\arm_controller_v2.1.a(Arduino_UART_UART.o)
 .debug_abbrev  0x00001e8c       0xa7 .\CortexM0\ARM_GCC_484\Debug\arm_controller_v2.1.a(Arduino_UART_SPI_UART_INT.o)

.debug_line     0x00000000     0x357c
 *(.debug_line)
 .debug_line    0x00000000      0x5b8 .\CortexM0\ARM_GCC_484\Debug\main.o
 .debug_line    0x000005b8       0x1d .\CortexM0\ARM_GCC_484\Debug\spi.o
 .debug_line    0x000005d5      0x374 .\CortexM0\ARM_GCC_484\Debug\wiznet5500.o
 .debug_line    0x00000949       0x55 .\CortexM0\ARM_GCC_484\Debug\cybootloader.o
 .debug_line    0x0000099e       0x53 .\CortexM0\ARM_GCC_484\Debug\cymetadata.o
 .debug_line    0x000009f1      0x1bc .\CortexM0\ARM_GCC_484\Debug\Cm0Start.o
 .debug_line    0x00000bad      0x20c .\CortexM0\ARM_GCC_484\Debug\arm_controller_v2.1.a(cyfitter_cfg.o)
 .debug_line    0x00000db9       0xb6 .\CortexM0\ARM_GCC_484\Debug\arm_controller_v2.1.a(Clock_counter.o)
 .debug_line    0x00000e6f       0xb2 .\CortexM0\ARM_GCC_484\Debug\arm_controller_v2.1.a(Clock_pwm.o)
 .debug_line    0x00000f21      0x154 .\CortexM0\ARM_GCC_484\Debug\arm_controller_v2.1.a(isr_1.o)
 .debug_line    0x00001075       0xa9 .\CortexM0\ARM_GCC_484\Debug\arm_controller_v2.1.a(LED.o)
 .debug_line    0x0000111e      0x370 .\CortexM0\ARM_GCC_484\Debug\arm_controller_v2.1.a(Timer_1.o)
 .debug_line    0x0000148e       0x69 .\CortexM0\ARM_GCC_484\Debug\arm_controller_v2.1.a(CyBootAsmGnu.o)
 .debug_line    0x000014f7      0x703 .\CortexM0\ARM_GCC_484\Debug\arm_controller_v2.1.a(CyLib.o)
 .debug_line    0x00001bfa       0xad .\CortexM0\ARM_GCC_484\Debug\arm_controller_v2.1.a(WIZ_RDY.o)
 .debug_line    0x00001ca7       0xad .\CortexM0\ARM_GCC_484\Debug\arm_controller_v2.1.a(WIZ_INT.o)
 .debug_line    0x00001d54       0xad .\CortexM0\ARM_GCC_484\Debug\arm_controller_v2.1.a(WIZ_RST.o)
 .debug_line    0x00001e01       0xac .\CortexM0\ARM_GCC_484\Debug\arm_controller_v2.1.a(WIZ_SS.o)
 .debug_line    0x00001ead      0x376 .\CortexM0\ARM_GCC_484\Debug\arm_controller_v2.1.a(BA_PWM.o)
 .debug_line    0x00002223      0x378 .\CortexM0\ARM_GCC_484\Debug\arm_controller_v2.1.a(ELBW_PWM.o)
 .debug_line    0x0000259b      0x379 .\CortexM0\ARM_GCC_484\Debug\arm_controller_v2.1.a(SHLDR_PWM.o)
 .debug_line    0x00002914      0x272 .\CortexM0\ARM_GCC_484\Debug\arm_controller_v2.1.a(SPIM_1.o)
 .debug_line    0x00002b86       0xb8 .\CortexM0\ARM_GCC_484\Debug\arm_controller_v2.1.a(SPIM_1_IntClock.o)
 .debug_line    0x00002c3e      0x196 .\CortexM0\ARM_GCC_484\Debug\arm_controller_v2.1.a(EFFECTOR_PWM.o)
 .debug_line    0x00002dd4      0x125 .\CortexM0\ARM_GCC_484\Debug\arm_controller_v2.1.a(Wrist_UART.o)
 .debug_line    0x00002ef9      0x12b .\CortexM0\ARM_GCC_484\Debug\arm_controller_v2.1.a(Wrist_UART_SPI_UART.o)
 .debug_line    0x00003024      0x107 .\CortexM0\ARM_GCC_484\Debug\arm_controller_v2.1.a(Wrist_UART_UART.o)
 .debug_line    0x0000312b      0x12a .\CortexM0\ARM_GCC_484\Debug\arm_controller_v2.1.a(Arduino_UART.o)
 .debug_line    0x00003255      0x138 .\CortexM0\ARM_GCC_484\Debug\arm_controller_v2.1.a(Arduino_UART_SPI_UART.o)
 .debug_line    0x0000338d      0x12c .\CortexM0\ARM_GCC_484\Debug\arm_controller_v2.1.a(Arduino_UART_UART.o)
 .debug_line    0x000034b9       0xc3 .\CortexM0\ARM_GCC_484\Debug\arm_controller_v2.1.a(Arduino_UART_SPI_UART_INT.o)

.debug_frame    0x00000000     0x3fac
 *(.debug_frame)
 .debug_frame   0x00000000      0x2c0 .\CortexM0\ARM_GCC_484\Debug\main.o
 .debug_frame   0x000002c0      0x224 .\CortexM0\ARM_GCC_484\Debug\wiznet5500.o
 .debug_frame   0x000004e4       0xc8 .\CortexM0\ARM_GCC_484\Debug\Cm0Start.o
 .debug_frame   0x000005ac      0x128 .\CortexM0\ARM_GCC_484\Debug\arm_controller_v2.1.a(cyfitter_cfg.o)
 .debug_frame   0x000006d4       0xa0 .\CortexM0\ARM_GCC_484\Debug\arm_controller_v2.1.a(Clock_counter.o)
 .debug_frame   0x00000774       0xa0 .\CortexM0\ARM_GCC_484\Debug\arm_controller_v2.1.a(Clock_pwm.o)
 .debug_frame   0x00000814      0x190 .\CortexM0\ARM_GCC_484\Debug\arm_controller_v2.1.a(isr_1.o)
 .debug_frame   0x000009a4       0xa8 .\CortexM0\ARM_GCC_484\Debug\arm_controller_v2.1.a(LED.o)
 .debug_frame   0x00000a4c      0x52c .\CortexM0\ARM_GCC_484\Debug\arm_controller_v2.1.a(Timer_1.o)
 .debug_frame   0x00000f78      0x83c .\CortexM0\ARM_GCC_484\Debug\arm_controller_v2.1.a(CyLib.o)
 .debug_frame   0x000017b4       0xa8 .\CortexM0\ARM_GCC_484\Debug\arm_controller_v2.1.a(WIZ_RDY.o)
 .debug_frame   0x0000185c       0xa8 .\CortexM0\ARM_GCC_484\Debug\arm_controller_v2.1.a(WIZ_INT.o)
 .debug_frame   0x00001904       0xa8 .\CortexM0\ARM_GCC_484\Debug\arm_controller_v2.1.a(WIZ_RST.o)
 .debug_frame   0x000019ac       0xa8 .\CortexM0\ARM_GCC_484\Debug\arm_controller_v2.1.a(WIZ_SS.o)
 .debug_frame   0x00001a54      0x52c .\CortexM0\ARM_GCC_484\Debug\arm_controller_v2.1.a(BA_PWM.o)
 .debug_frame   0x00001f80      0x52c .\CortexM0\ARM_GCC_484\Debug\arm_controller_v2.1.a(ELBW_PWM.o)
 .debug_frame   0x000024ac      0x52c .\CortexM0\ARM_GCC_484\Debug\arm_controller_v2.1.a(SHLDR_PWM.o)
 .debug_frame   0x000029d8      0x2fc .\CortexM0\ARM_GCC_484\Debug\arm_controller_v2.1.a(SPIM_1.o)
 .debug_frame   0x00002cd4       0xa0 .\CortexM0\ARM_GCC_484\Debug\arm_controller_v2.1.a(SPIM_1_IntClock.o)
 .debug_frame   0x00002d74      0x1f0 .\CortexM0\ARM_GCC_484\Debug\arm_controller_v2.1.a(EFFECTOR_PWM.o)
 .debug_frame   0x00002f64      0x134 .\CortexM0\ARM_GCC_484\Debug\arm_controller_v2.1.a(Wrist_UART.o)
 .debug_frame   0x00003098      0x128 .\CortexM0\ARM_GCC_484\Debug\arm_controller_v2.1.a(Wrist_UART_SPI_UART.o)
 .debug_frame   0x000031c0       0xec .\CortexM0\ARM_GCC_484\Debug\arm_controller_v2.1.a(Wrist_UART_UART.o)
 .debug_frame   0x000032ac      0x134 .\CortexM0\ARM_GCC_484\Debug\arm_controller_v2.1.a(Arduino_UART.o)
 .debug_frame   0x000033e0      0x12c .\CortexM0\ARM_GCC_484\Debug\arm_controller_v2.1.a(Arduino_UART_SPI_UART.o)
 .debug_frame   0x0000350c       0xec .\CortexM0\ARM_GCC_484\Debug\arm_controller_v2.1.a(Arduino_UART_UART.o)
 .debug_frame   0x000035f8       0x30 .\CortexM0\ARM_GCC_484\Debug\arm_controller_v2.1.a(Arduino_UART_SPI_UART_INT.o)
 .debug_frame   0x00003628       0x20 c:/program files (x86)/cypress/psoc creator/3.1/psoc creator/import/gnu_cs/arm/4.8.4/bin/../lib/gcc/arm-none-eabi/4.8.4/armv6-m\libgcc.a(_udivsi3.o)
 .debug_frame   0x00003648       0x20 c:/program files (x86)/cypress/psoc creator/3.1/psoc creator/import/gnu_cs/arm/4.8.4/bin/../lib/gcc/arm-none-eabi/4.8.4/armv6-m\libgcc.a(_divsi3.o)
 .debug_frame   0x00003668       0x20 c:/program files (x86)/cypress/psoc creator/3.1/psoc creator/import/gnu_cs/arm/4.8.4/bin/../lib/gcc/arm-none-eabi/4.8.4/../../../../arm-none-eabi/lib/armv6-m\libg_s.a(lib_a-errno.o)
 .debug_frame   0x00003688       0x28 c:/program files (x86)/cypress/psoc creator/3.1/psoc creator/import/gnu_cs/arm/4.8.4/bin/../lib/gcc/arm-none-eabi/4.8.4/../../../../arm-none-eabi/lib/armv6-m\libg_s.a(lib_a-exit.o)
 .debug_frame   0x000036b0       0x2c c:/program files (x86)/cypress/psoc creator/3.1/psoc creator/import/gnu_cs/arm/4.8.4/bin/../lib/gcc/arm-none-eabi/4.8.4/../../../../arm-none-eabi/lib/armv6-m\libg_s.a(lib_a-init.o)
 .debug_frame   0x000036dc       0x28 c:/program files (x86)/cypress/psoc creator/3.1/psoc creator/import/gnu_cs/arm/4.8.4/bin/../lib/gcc/arm-none-eabi/4.8.4/../../../../arm-none-eabi/lib/armv6-m\libg_s.a(lib_a-memcpy-stub.o)
 .debug_frame   0x00003704       0x20 c:/program files (x86)/cypress/psoc creator/3.1/psoc creator/import/gnu_cs/arm/4.8.4/bin/../lib/gcc/arm-none-eabi/4.8.4/../../../../arm-none-eabi/lib/armv6-m\libg_s.a(lib_a-memset.o)
 .debug_frame   0x00003724       0x50 c:/program files (x86)/cypress/psoc creator/3.1/psoc creator/import/gnu_cs/arm/4.8.4/bin/../lib/gcc/arm-none-eabi/4.8.4/../../../../arm-none-eabi/lib/armv6-m\libg_s.a(lib_a-printf.o)
 .debug_frame   0x00003774       0x48 c:/program files (x86)/cypress/psoc creator/3.1/psoc creator/import/gnu_cs/arm/4.8.4/bin/../lib/gcc/arm-none-eabi/4.8.4/../../../../arm-none-eabi/lib/armv6-m\libg_s.a(lib_a-putchar.o)
 .debug_frame   0x000037bc       0xa0 c:/program files (x86)/cypress/psoc creator/3.1/psoc creator/import/gnu_cs/arm/4.8.4/bin/../lib/gcc/arm-none-eabi/4.8.4/../../../../arm-none-eabi/lib/armv6-m\libg_s.a(lib_a-vfprintf.o)
 .debug_frame   0x0000385c       0x54 c:/program files (x86)/cypress/psoc creator/3.1/psoc creator/import/gnu_cs/arm/4.8.4/bin/../lib/gcc/arm-none-eabi/4.8.4/../../../../arm-none-eabi/lib/armv6-m\libg_s.a(lib_a-vfprintf_i.o)
 .debug_frame   0x000038b0       0x44 c:/program files (x86)/cypress/psoc creator/3.1/psoc creator/import/gnu_cs/arm/4.8.4/bin/../lib/gcc/arm-none-eabi/4.8.4/../../../../arm-none-eabi/lib/armv6-m\libg_s.a(lib_a-wbuf.o)
 .debug_frame   0x000038f4       0x2c c:/program files (x86)/cypress/psoc creator/3.1/psoc creator/import/gnu_cs/arm/4.8.4/bin/../lib/gcc/arm-none-eabi/4.8.4/../../../../arm-none-eabi/lib/armv6-m\libg_s.a(lib_a-wsetup.o)
 .debug_frame   0x00003920       0x68 c:/program files (x86)/cypress/psoc creator/3.1/psoc creator/import/gnu_cs/arm/4.8.4/bin/../lib/gcc/arm-none-eabi/4.8.4/../../../../arm-none-eabi/lib/armv6-m\libg_s.a(lib_a-fflush.o)
 .debug_frame   0x00003988      0x148 c:/program files (x86)/cypress/psoc creator/3.1/psoc creator/import/gnu_cs/arm/4.8.4/bin/../lib/gcc/arm-none-eabi/4.8.4/../../../../arm-none-eabi/lib/armv6-m\libg_s.a(lib_a-findfp.o)
 .debug_frame   0x00003ad0       0x30 c:/program files (x86)/cypress/psoc creator/3.1/psoc creator/import/gnu_cs/arm/4.8.4/bin/../lib/gcc/arm-none-eabi/4.8.4/../../../../arm-none-eabi/lib/armv6-m\libg_s.a(lib_a-fvwrite.o)
 .debug_frame   0x00003b00       0x58 c:/program files (x86)/cypress/psoc creator/3.1/psoc creator/import/gnu_cs/arm/4.8.4/bin/../lib/gcc/arm-none-eabi/4.8.4/../../../../arm-none-eabi/lib/armv6-m\libg_s.a(lib_a-fwalk.o)
 .debug_frame   0x00003b58       0x30 c:/program files (x86)/cypress/psoc creator/3.1/psoc creator/import/gnu_cs/arm/4.8.4/bin/../lib/gcc/arm-none-eabi/4.8.4/../../../../arm-none-eabi/lib/armv6-m\libg_s.a(lib_a-makebuf.o)
 .debug_frame   0x00003b88       0x20 c:/program files (x86)/cypress/psoc creator/3.1/psoc creator/import/gnu_cs/arm/4.8.4/bin/../lib/gcc/arm-none-eabi/4.8.4/../../../../arm-none-eabi/lib/armv6-m\libg_s.a(lib_a-memchr-stub.o)
 .debug_frame   0x00003ba8       0x2c c:/program files (x86)/cypress/psoc creator/3.1/psoc creator/import/gnu_cs/arm/4.8.4/bin/../lib/gcc/arm-none-eabi/4.8.4/../../../../arm-none-eabi/lib/armv6-m\libg_s.a(lib_a-memmove.o)
 .debug_frame   0x00003bd4       0x2c c:/program files (x86)/cypress/psoc creator/3.1/psoc creator/import/gnu_cs/arm/4.8.4/bin/../lib/gcc/arm-none-eabi/4.8.4/../../../../arm-none-eabi/lib/armv6-m\libg_s.a(lib_a-nano-freer.o)
 .debug_frame   0x00003c00       0x2c c:/program files (x86)/cypress/psoc creator/3.1/psoc creator/import/gnu_cs/arm/4.8.4/bin/../lib/gcc/arm-none-eabi/4.8.4/../../../../arm-none-eabi/lib/armv6-m\libg_s.a(lib_a-nano-mallocr.o)
 .debug_frame   0x00003c2c       0x30 c:/program files (x86)/cypress/psoc creator/3.1/psoc creator/import/gnu_cs/arm/4.8.4/bin/../lib/gcc/arm-none-eabi/4.8.4/../../../../arm-none-eabi/lib/armv6-m\libg_s.a(lib_a-nano-reallocr.o)
 .debug_frame   0x00003c5c       0x44 c:/program files (x86)/cypress/psoc creator/3.1/psoc creator/import/gnu_cs/arm/4.8.4/bin/../lib/gcc/arm-none-eabi/4.8.4/../../../../arm-none-eabi/lib/armv6-m\libg_s.a(lib_a-putc.o)
 .debug_frame   0x00003ca0       0x2c c:/program files (x86)/cypress/psoc creator/3.1/psoc creator/import/gnu_cs/arm/4.8.4/bin/../lib/gcc/arm-none-eabi/4.8.4/../../../../arm-none-eabi/lib/armv6-m\libg_s.a(lib_a-sbrkr.o)
 .debug_frame   0x00003ccc       0x90 c:/program files (x86)/cypress/psoc creator/3.1/psoc creator/import/gnu_cs/arm/4.8.4/bin/../lib/gcc/arm-none-eabi/4.8.4/../../../../arm-none-eabi/lib/armv6-m\libg_s.a(lib_a-stdio.o)
 .debug_frame   0x00003d5c       0x20 c:/program files (x86)/cypress/psoc creator/3.1/psoc creator/import/gnu_cs/arm/4.8.4/bin/../lib/gcc/arm-none-eabi/4.8.4/../../../../arm-none-eabi/lib/armv6-m\libg_s.a(lib_a-strlen.o)
 .debug_frame   0x00003d7c       0x2c c:/program files (x86)/cypress/psoc creator/3.1/psoc creator/import/gnu_cs/arm/4.8.4/bin/../lib/gcc/arm-none-eabi/4.8.4/../../../../arm-none-eabi/lib/armv6-m\libg_s.a(lib_a-writer.o)
 .debug_frame   0x00003da8       0x2c c:/program files (x86)/cypress/psoc creator/3.1/psoc creator/import/gnu_cs/arm/4.8.4/bin/../lib/gcc/arm-none-eabi/4.8.4/../../../../arm-none-eabi/lib/armv6-m\libg_s.a(lib_a-closer.o)
 .debug_frame   0x00003dd4       0x2c c:/program files (x86)/cypress/psoc creator/3.1/psoc creator/import/gnu_cs/arm/4.8.4/bin/../lib/gcc/arm-none-eabi/4.8.4/../../../../arm-none-eabi/lib/armv6-m\libg_s.a(lib_a-fstatr.o)
 .debug_frame   0x00003e00       0x2c c:/program files (x86)/cypress/psoc creator/3.1/psoc creator/import/gnu_cs/arm/4.8.4/bin/../lib/gcc/arm-none-eabi/4.8.4/../../../../arm-none-eabi/lib/armv6-m\libg_s.a(lib_a-isattyr.o)
 .debug_frame   0x00003e2c       0x2c c:/program files (x86)/cypress/psoc creator/3.1/psoc creator/import/gnu_cs/arm/4.8.4/bin/../lib/gcc/arm-none-eabi/4.8.4/../../../../arm-none-eabi/lib/armv6-m\libg_s.a(lib_a-lseekr.o)
 .debug_frame   0x00003e58       0x20 c:/program files (x86)/cypress/psoc creator/3.1/psoc creator/import/gnu_cs/arm/4.8.4/bin/../lib/gcc/arm-none-eabi/4.8.4/../../../../arm-none-eabi/lib/armv6-m\libg_s.a(lib_a-nano-msizer.o)
 .debug_frame   0x00003e78       0x2c c:/program files (x86)/cypress/psoc creator/3.1/psoc creator/import/gnu_cs/arm/4.8.4/bin/../lib/gcc/arm-none-eabi/4.8.4/../../../../arm-none-eabi/lib/armv6-m\libg_s.a(lib_a-readr.o)
 .debug_frame   0x00003ea4       0x48 c:/program files (x86)/cypress/psoc creator/3.1/psoc creator/import/gnu_cs/arm/4.8.4/bin/../lib/gcc/arm-none-eabi/4.8.4/../../../../arm-none-eabi/lib/armv6-m\libg_s.a(lib_a-reent.o)
 .debug_frame   0x00003eec       0x20 c:/program files (x86)/cypress/psoc creator/3.1/psoc creator/import/gnu_cs/arm/4.8.4/bin/../lib/gcc/arm-none-eabi/4.8.4/../../../../arm-none-eabi/lib/armv6-m\libnosys.a(close.o)
 .debug_frame   0x00003f0c       0x20 c:/program files (x86)/cypress/psoc creator/3.1/psoc creator/import/gnu_cs/arm/4.8.4/bin/../lib/gcc/arm-none-eabi/4.8.4/../../../../arm-none-eabi/lib/armv6-m\libnosys.a(fstat.o)
 .debug_frame   0x00003f2c       0x20 c:/program files (x86)/cypress/psoc creator/3.1/psoc creator/import/gnu_cs/arm/4.8.4/bin/../lib/gcc/arm-none-eabi/4.8.4/../../../../arm-none-eabi/lib/armv6-m\libnosys.a(isatty.o)
 .debug_frame   0x00003f4c       0x20 c:/program files (x86)/cypress/psoc creator/3.1/psoc creator/import/gnu_cs/arm/4.8.4/bin/../lib/gcc/arm-none-eabi/4.8.4/../../../../arm-none-eabi/lib/armv6-m\libnosys.a(lseek.o)
 .debug_frame   0x00003f6c       0x20 c:/program files (x86)/cypress/psoc creator/3.1/psoc creator/import/gnu_cs/arm/4.8.4/bin/../lib/gcc/arm-none-eabi/4.8.4/../../../../arm-none-eabi/lib/armv6-m\libnosys.a(read.o)
 .debug_frame   0x00003f8c       0x20 c:/program files (x86)/cypress/psoc creator/3.1/psoc creator/import/gnu_cs/arm/4.8.4/bin/../lib/gcc/arm-none-eabi/4.8.4/../../../../arm-none-eabi/lib/armv6-m\libnosys.a(write.o)

.debug_str      0x00000000     0x35a8
 *(.debug_str)
 .debug_str     0x00000000      0x724 .\CortexM0\ARM_GCC_484\Debug\main.o
                                0x784 (size before relaxing)
 .debug_str     0x00000724        0x8 .\CortexM0\ARM_GCC_484\Debug\spi.o
                                0x17f (size before relaxing)
 .debug_str     0x0000072c      0x1e6 .\CortexM0\ARM_GCC_484\Debug\wiznet5500.o
                                0x389 (size before relaxing)
 .debug_str     0x00000912       0x7a .\CortexM0\ARM_GCC_484\Debug\cybootloader.o
                                0x1f7 (size before relaxing)
 .debug_str     0x0000098c       0x37 .\CortexM0\ARM_GCC_484\Debug\cymetadata.o
                                0x1b4 (size before relaxing)
 .debug_str     0x000009c3      0x139 .\CortexM0\ARM_GCC_484\Debug\Cm0Start.o
                                0x2d5 (size before relaxing)
 .debug_str     0x00000afc      0x22b .\CortexM0\ARM_GCC_484\Debug\arm_controller_v2.1.a(cyfitter_cfg.o)
                                0x3f2 (size before relaxing)
 .debug_str     0x00000d27       0xef .\CortexM0\ARM_GCC_484\Debug\arm_controller_v2.1.a(Clock_counter.o)
                                0x277 (size before relaxing)
 .debug_str     0x00000e16       0xaf .\CortexM0\ARM_GCC_484\Debug\arm_controller_v2.1.a(Clock_pwm.o)
                                0x25f (size before relaxing)
 .debug_str     0x00000ec5      0x100 .\CortexM0\ARM_GCC_484\Debug\arm_controller_v2.1.a(isr_1.o)
                                0x2bb (size before relaxing)
 .debug_str     0x00000fc5       0x7e .\CortexM0\ARM_GCC_484\Debug\arm_controller_v2.1.a(LED.o)
                                0x205 (size before relaxing)
 .debug_str     0x00001043      0x439 .\CortexM0\ARM_GCC_484\Debug\arm_controller_v2.1.a(Timer_1.o)
                                0x5d6 (size before relaxing)
 .debug_str     0x0000147c      0x6f7 .\CortexM0\ARM_GCC_484\Debug\arm_controller_v2.1.a(CyLib.o)
                                0x8df (size before relaxing)
 .debug_str     0x00001b73       0x7e .\CortexM0\ARM_GCC_484\Debug\arm_controller_v2.1.a(WIZ_RDY.o)
                                0x21d (size before relaxing)
 .debug_str     0x00001bf1       0x7e .\CortexM0\ARM_GCC_484\Debug\arm_controller_v2.1.a(WIZ_INT.o)
                                0x21d (size before relaxing)
 .debug_str     0x00001c6f       0x7e .\CortexM0\ARM_GCC_484\Debug\arm_controller_v2.1.a(WIZ_RST.o)
                                0x21d (size before relaxing)
 .debug_str     0x00001ced       0x78 .\CortexM0\ARM_GCC_484\Debug\arm_controller_v2.1.a(WIZ_SS.o)
                                0x217 (size before relaxing)
 .debug_str     0x00001d65      0x353 .\CortexM0\ARM_GCC_484\Debug\arm_controller_v2.1.a(BA_PWM.o)
                                0x5ac (size before relaxing)
 .debug_str     0x000020b8      0x3a7 .\CortexM0\ARM_GCC_484\Debug\arm_controller_v2.1.a(ELBW_PWM.o)
                                0x600 (size before relaxing)
 .debug_str     0x0000245f      0x3d1 .\CortexM0\ARM_GCC_484\Debug\arm_controller_v2.1.a(SHLDR_PWM.o)
                                0x62a (size before relaxing)
 .debug_str     0x00002830      0x256 .\CortexM0\ARM_GCC_484\Debug\arm_controller_v2.1.a(SPIM_1.o)
                                0x3ee (size before relaxing)
 .debug_str     0x00002a86       0xd3 .\CortexM0\ARM_GCC_484\Debug\arm_controller_v2.1.a(SPIM_1_IntClock.o)
                                0x283 (size before relaxing)
 .debug_str     0x00002b59      0x207 .\CortexM0\ARM_GCC_484\Debug\arm_controller_v2.1.a(EFFECTOR_PWM.o)
                                0x3b4 (size before relaxing)
 .debug_str     0x00002d60      0x165 .\CortexM0\ARM_GCC_484\Debug\arm_controller_v2.1.a(Wrist_UART.o)
                                0x2fc (size before relaxing)
 .debug_str     0x00002ec5      0x165 .\CortexM0\ARM_GCC_484\Debug\arm_controller_v2.1.a(Wrist_UART_SPI_UART.o)
                                0x308 (size before relaxing)
 .debug_str     0x0000302a      0x106 .\CortexM0\ARM_GCC_484\Debug\arm_controller_v2.1.a(Wrist_UART_UART.o)
                                0x2ba (size before relaxing)
 .debug_str     0x00003130      0x15e .\CortexM0\ARM_GCC_484\Debug\arm_controller_v2.1.a(Arduino_UART.o)
                                0x316 (size before relaxing)
 .debug_str     0x0000328e      0x1db .\CortexM0\ARM_GCC_484\Debug\arm_controller_v2.1.a(Arduino_UART_SPI_UART.o)
                                0x39c (size before relaxing)
 .debug_str     0x00003469       0xe9 .\CortexM0\ARM_GCC_484\Debug\arm_controller_v2.1.a(Arduino_UART_UART.o)
                                0x322 (size before relaxing)
 .debug_str     0x00003552       0x56 .\CortexM0\ARM_GCC_484\Debug\arm_controller_v2.1.a(Arduino_UART_SPI_UART_INT.o)
                                0x284 (size before relaxing)

.debug_loc
 *(.debug_loc)

.debug_macinfo
 *(.debug_macinfo)

.debug_ranges   0x00000000      0xe28
 *(.debug_ranges)
 .debug_ranges  0x00000000       0xb0 .\CortexM0\ARM_GCC_484\Debug\main.o
 .debug_ranges  0x000000b0       0x90 .\CortexM0\ARM_GCC_484\Debug\wiznet5500.o
 .debug_ranges  0x00000140       0x38 .\CortexM0\ARM_GCC_484\Debug\Cm0Start.o
 .debug_ranges  0x00000178       0x50 .\CortexM0\ARM_GCC_484\Debug\arm_controller_v2.1.a(cyfitter_cfg.o)
 .debug_ranges  0x000001c8       0x30 .\CortexM0\ARM_GCC_484\Debug\arm_controller_v2.1.a(Clock_counter.o)
 .debug_ranges  0x000001f8       0x30 .\CortexM0\ARM_GCC_484\Debug\arm_controller_v2.1.a(Clock_pwm.o)
 .debug_ranges  0x00000228       0x70 .\CortexM0\ARM_GCC_484\Debug\arm_controller_v2.1.a(isr_1.o)
 .debug_ranges  0x00000298       0x30 .\CortexM0\ARM_GCC_484\Debug\arm_controller_v2.1.a(LED.o)
 .debug_ranges  0x000002c8      0x148 .\CortexM0\ARM_GCC_484\Debug\arm_controller_v2.1.a(Timer_1.o)
 .debug_ranges  0x00000410      0x220 .\CortexM0\ARM_GCC_484\Debug\arm_controller_v2.1.a(CyLib.o)
 .debug_ranges  0x00000630       0x30 .\CortexM0\ARM_GCC_484\Debug\arm_controller_v2.1.a(WIZ_RDY.o)
 .debug_ranges  0x00000660       0x30 .\CortexM0\ARM_GCC_484\Debug\arm_controller_v2.1.a(WIZ_INT.o)
 .debug_ranges  0x00000690       0x30 .\CortexM0\ARM_GCC_484\Debug\arm_controller_v2.1.a(WIZ_RST.o)
 .debug_ranges  0x000006c0       0x30 .\CortexM0\ARM_GCC_484\Debug\arm_controller_v2.1.a(WIZ_SS.o)
 .debug_ranges  0x000006f0      0x148 .\CortexM0\ARM_GCC_484\Debug\arm_controller_v2.1.a(BA_PWM.o)
 .debug_ranges  0x00000838      0x148 .\CortexM0\ARM_GCC_484\Debug\arm_controller_v2.1.a(ELBW_PWM.o)
 .debug_ranges  0x00000980      0x148 .\CortexM0\ARM_GCC_484\Debug\arm_controller_v2.1.a(SHLDR_PWM.o)
 .debug_ranges  0x00000ac8       0xc8 .\CortexM0\ARM_GCC_484\Debug\arm_controller_v2.1.a(SPIM_1.o)
 .debug_ranges  0x00000b90       0x30 .\CortexM0\ARM_GCC_484\Debug\arm_controller_v2.1.a(SPIM_1_IntClock.o)
 .debug_ranges  0x00000bc0       0x88 .\CortexM0\ARM_GCC_484\Debug\arm_controller_v2.1.a(EFFECTOR_PWM.o)
 .debug_ranges  0x00000c48       0x58 .\CortexM0\ARM_GCC_484\Debug\arm_controller_v2.1.a(Wrist_UART.o)
 .debug_ranges  0x00000ca0       0x50 .\CortexM0\ARM_GCC_484\Debug\arm_controller_v2.1.a(Wrist_UART_SPI_UART.o)
 .debug_ranges  0x00000cf0       0x40 .\CortexM0\ARM_GCC_484\Debug\arm_controller_v2.1.a(Wrist_UART_UART.o)
 .debug_ranges  0x00000d30       0x58 .\CortexM0\ARM_GCC_484\Debug\arm_controller_v2.1.a(Arduino_UART.o)
 .debug_ranges  0x00000d88       0x50 .\CortexM0\ARM_GCC_484\Debug\arm_controller_v2.1.a(Arduino_UART_SPI_UART.o)
 .debug_ranges  0x00000dd8       0x40 .\CortexM0\ARM_GCC_484\Debug\arm_controller_v2.1.a(Arduino_UART_UART.o)
 .debug_ranges  0x00000e18       0x10 .\CortexM0\ARM_GCC_484\Debug\arm_controller_v2.1.a(Arduino_UART_SPI_UART_INT.o)

.comment        0x00000000       0x70
 .comment       0x00000000       0x70 .\CortexM0\ARM_GCC_484\Debug\main.o
                                 0x71 (size before relaxing)
 .comment       0x00000000       0x71 .\CortexM0\ARM_GCC_484\Debug\spi.o
 .comment       0x00000000       0x71 .\CortexM0\ARM_GCC_484\Debug\wiznet5500.o
 .comment       0x00000000       0x71 .\CortexM0\ARM_GCC_484\Debug\cybootloader.o
 .comment       0x00000000       0x71 .\CortexM0\ARM_GCC_484\Debug\cymetadata.o
 .comment       0x00000000       0x71 .\CortexM0\ARM_GCC_484\Debug\Cm0Start.o
 .comment       0x00000000       0x71 .\CortexM0\ARM_GCC_484\Debug\arm_controller_v2.1.a(cyfitter_cfg.o)
 .comment       0x00000000       0x71 .\CortexM0\ARM_GCC_484\Debug\arm_controller_v2.1.a(Clock_counter.o)
 .comment       0x00000000       0x71 .\CortexM0\ARM_GCC_484\Debug\arm_controller_v2.1.a(Clock_pwm.o)
 .comment       0x00000000       0x71 .\CortexM0\ARM_GCC_484\Debug\arm_controller_v2.1.a(isr_1.o)
 .comment       0x00000000       0x71 .\CortexM0\ARM_GCC_484\Debug\arm_controller_v2.1.a(LED.o)
 .comment       0x00000000       0x71 .\CortexM0\ARM_GCC_484\Debug\arm_controller_v2.1.a(Timer_1.o)
 .comment       0x00000000       0x71 .\CortexM0\ARM_GCC_484\Debug\arm_controller_v2.1.a(CyLib.o)
 .comment       0x00000000       0x71 .\CortexM0\ARM_GCC_484\Debug\arm_controller_v2.1.a(WIZ_RDY.o)
 .comment       0x00000000       0x71 .\CortexM0\ARM_GCC_484\Debug\arm_controller_v2.1.a(WIZ_INT.o)
 .comment       0x00000000       0x71 .\CortexM0\ARM_GCC_484\Debug\arm_controller_v2.1.a(WIZ_RST.o)
 .comment       0x00000000       0x71 .\CortexM0\ARM_GCC_484\Debug\arm_controller_v2.1.a(WIZ_SS.o)
 .comment       0x00000000       0x71 .\CortexM0\ARM_GCC_484\Debug\arm_controller_v2.1.a(BA_PWM.o)
 .comment       0x00000000       0x71 .\CortexM0\ARM_GCC_484\Debug\arm_controller_v2.1.a(ELBW_PWM.o)
 .comment       0x00000000       0x71 .\CortexM0\ARM_GCC_484\Debug\arm_controller_v2.1.a(SHLDR_PWM.o)
 .comment       0x00000000       0x71 .\CortexM0\ARM_GCC_484\Debug\arm_controller_v2.1.a(SPIM_1.o)
 .comment       0x00000000       0x71 .\CortexM0\ARM_GCC_484\Debug\arm_controller_v2.1.a(SPIM_1_IntClock.o)
 .comment       0x00000000       0x71 .\CortexM0\ARM_GCC_484\Debug\arm_controller_v2.1.a(EFFECTOR_PWM.o)
 .comment       0x00000000       0x71 .\CortexM0\ARM_GCC_484\Debug\arm_controller_v2.1.a(Wrist_UART.o)
 .comment       0x00000000       0x71 .\CortexM0\ARM_GCC_484\Debug\arm_controller_v2.1.a(Wrist_UART_SPI_UART.o)
 .comment       0x00000000       0x71 .\CortexM0\ARM_GCC_484\Debug\arm_controller_v2.1.a(Wrist_UART_UART.o)
 .comment       0x00000000       0x71 .\CortexM0\ARM_GCC_484\Debug\arm_controller_v2.1.a(Arduino_UART.o)
 .comment       0x00000000       0x71 .\CortexM0\ARM_GCC_484\Debug\arm_controller_v2.1.a(Arduino_UART_SPI_UART.o)
 .comment       0x00000000       0x71 .\CortexM0\ARM_GCC_484\Debug\arm_controller_v2.1.a(Arduino_UART_UART.o)
 .comment       0x00000000       0x71 .\CortexM0\ARM_GCC_484\Debug\arm_controller_v2.1.a(Arduino_UART_SPI_UART_INT.o)

.debug_weaknames
 *(.debug_weaknames)

.debug_funcnames
 *(.debug_funcnames)

.debug_typenames
 *(.debug_typenames)

.debug_varnames
 *(.debug_varnames)

.note.gnu.arm.ident
 *(.note.gnu.arm.ident)

.ARM.attributes
                0x00000000       0x28
 *(.ARM.attributes)
 .ARM.attributes
                0x00000000       0x1e c:/program files (x86)/cypress/psoc creator/3.1/psoc creator/import/gnu_cs/arm/4.8.4/bin/../lib/gcc/arm-none-eabi/4.8.4/armv6-m/crti.o
 .ARM.attributes
                0x0000001e       0x2c c:/program files (x86)/cypress/psoc creator/3.1/psoc creator/import/gnu_cs/arm/4.8.4/bin/../lib/gcc/arm-none-eabi/4.8.4/armv6-m/crtbegin.o
 .ARM.attributes
                0x0000004a       0x1b c:/program files (x86)/cypress/psoc creator/3.1/psoc creator/import/gnu_cs/arm/4.8.4/bin/../lib/gcc/arm-none-eabi/4.8.4/../../../../arm-none-eabi/lib/armv6-m/crt0.o
 .ARM.attributes
                0x00000065       0x31 .\CortexM0\ARM_GCC_484\Debug\main.o
 .ARM.attributes
                0x00000096       0x31 .\CortexM0\ARM_GCC_484\Debug\spi.o
 .ARM.attributes
                0x000000c7       0x31 .\CortexM0\ARM_GCC_484\Debug\wiznet5500.o
 .ARM.attributes
                0x000000f8       0x31 .\CortexM0\ARM_GCC_484\Debug\cybootloader.o
 .ARM.attributes
                0x00000129       0x31 .\CortexM0\ARM_GCC_484\Debug\cymetadata.o
 .ARM.attributes
                0x0000015a       0x31 .\CortexM0\ARM_GCC_484\Debug\Cm0Start.o
 .ARM.attributes
                0x0000018b       0x31 .\CortexM0\ARM_GCC_484\Debug\arm_controller_v2.1.a(cyfitter_cfg.o)
 .ARM.attributes
                0x000001bc       0x31 .\CortexM0\ARM_GCC_484\Debug\arm_controller_v2.1.a(Clock_counter.o)
 .ARM.attributes
                0x000001ed       0x31 .\CortexM0\ARM_GCC_484\Debug\arm_controller_v2.1.a(Clock_pwm.o)
 .ARM.attributes
                0x0000021e       0x31 .\CortexM0\ARM_GCC_484\Debug\arm_controller_v2.1.a(isr_1.o)
 .ARM.attributes
                0x0000024f       0x31 .\CortexM0\ARM_GCC_484\Debug\arm_controller_v2.1.a(LED.o)
 .ARM.attributes
                0x00000280       0x31 .\CortexM0\ARM_GCC_484\Debug\arm_controller_v2.1.a(Timer_1.o)
 .ARM.attributes
                0x000002b1       0x21 .\CortexM0\ARM_GCC_484\Debug\arm_controller_v2.1.a(CyBootAsmGnu.o)
 .ARM.attributes
                0x000002d2       0x31 .\CortexM0\ARM_GCC_484\Debug\arm_controller_v2.1.a(CyLib.o)
 .ARM.attributes
                0x00000303       0x31 .\CortexM0\ARM_GCC_484\Debug\arm_controller_v2.1.a(WIZ_RDY.o)
 .ARM.attributes
                0x00000334       0x31 .\CortexM0\ARM_GCC_484\Debug\arm_controller_v2.1.a(WIZ_INT.o)
 .ARM.attributes
                0x00000365       0x31 .\CortexM0\ARM_GCC_484\Debug\arm_controller_v2.1.a(WIZ_RST.o)
 .ARM.attributes
                0x00000396       0x31 .\CortexM0\ARM_GCC_484\Debug\arm_controller_v2.1.a(WIZ_SS.o)
 .ARM.attributes
                0x000003c7       0x31 .\CortexM0\ARM_GCC_484\Debug\arm_controller_v2.1.a(BA_PWM.o)
 .ARM.attributes
                0x000003f8       0x31 .\CortexM0\ARM_GCC_484\Debug\arm_controller_v2.1.a(ELBW_PWM.o)
 .ARM.attributes
                0x00000429       0x31 .\CortexM0\ARM_GCC_484\Debug\arm_controller_v2.1.a(SHLDR_PWM.o)
 .ARM.attributes
                0x0000045a       0x31 .\CortexM0\ARM_GCC_484\Debug\arm_controller_v2.1.a(SPIM_1.o)
 .ARM.attributes
                0x0000048b       0x31 .\CortexM0\ARM_GCC_484\Debug\arm_controller_v2.1.a(SPIM_1_IntClock.o)
 .ARM.attributes
                0x000004bc       0x31 .\CortexM0\ARM_GCC_484\Debug\arm_controller_v2.1.a(EFFECTOR_PWM.o)
 .ARM.attributes
                0x000004ed       0x31 .\CortexM0\ARM_GCC_484\Debug\arm_controller_v2.1.a(Wrist_UART.o)
 .ARM.attributes
                0x0000051e       0x31 .\CortexM0\ARM_GCC_484\Debug\arm_controller_v2.1.a(Wrist_UART_SPI_UART.o)
 .ARM.attributes
                0x0000054f       0x31 .\CortexM0\ARM_GCC_484\Debug\arm_controller_v2.1.a(Wrist_UART_UART.o)
 .ARM.attributes
                0x00000580       0x31 .\CortexM0\ARM_GCC_484\Debug\arm_controller_v2.1.a(Arduino_UART.o)
 .ARM.attributes
                0x000005b1       0x31 .\CortexM0\ARM_GCC_484\Debug\arm_controller_v2.1.a(Arduino_UART_SPI_UART.o)
 .ARM.attributes
                0x000005e2       0x31 .\CortexM0\ARM_GCC_484\Debug\arm_controller_v2.1.a(Arduino_UART_UART.o)
 .ARM.attributes
                0x00000613       0x31 .\CortexM0\ARM_GCC_484\Debug\arm_controller_v2.1.a(Arduino_UART_SPI_UART_INT.o)
 .ARM.attributes
                0x00000644       0x1e c:/program files (x86)/cypress/psoc creator/3.1/psoc creator/import/gnu_cs/arm/4.8.4/bin/../lib/gcc/arm-none-eabi/4.8.4/armv6-m\libgcc.a(_udivsi3.o)
 .ARM.attributes
                0x00000662       0x1e c:/program files (x86)/cypress/psoc creator/3.1/psoc creator/import/gnu_cs/arm/4.8.4/bin/../lib/gcc/arm-none-eabi/4.8.4/armv6-m\libgcc.a(_divsi3.o)
 .ARM.attributes
                0x00000680       0x1e c:/program files (x86)/cypress/psoc creator/3.1/psoc creator/import/gnu_cs/arm/4.8.4/bin/../lib/gcc/arm-none-eabi/4.8.4/armv6-m\libgcc.a(_dvmd_tls.o)
 .ARM.attributes
                0x0000069e       0x2c c:/program files (x86)/cypress/psoc creator/3.1/psoc creator/import/gnu_cs/arm/4.8.4/bin/../lib/gcc/arm-none-eabi/4.8.4/../../../../arm-none-eabi/lib/armv6-m\libg_s.a(lib_a-errno.o)
 .ARM.attributes
                0x000006ca       0x2c c:/program files (x86)/cypress/psoc creator/3.1/psoc creator/import/gnu_cs/arm/4.8.4/bin/../lib/gcc/arm-none-eabi/4.8.4/../../../../arm-none-eabi/lib/armv6-m\libg_s.a(lib_a-exit.o)
 .ARM.attributes
                0x000006f6       0x2c c:/program files (x86)/cypress/psoc creator/3.1/psoc creator/import/gnu_cs/arm/4.8.4/bin/../lib/gcc/arm-none-eabi/4.8.4/../../../../arm-none-eabi/lib/armv6-m\libg_s.a(lib_a-impure.o)
 .ARM.attributes
                0x00000722       0x2c c:/program files (x86)/cypress/psoc creator/3.1/psoc creator/import/gnu_cs/arm/4.8.4/bin/../lib/gcc/arm-none-eabi/4.8.4/../../../../arm-none-eabi/lib/armv6-m\libg_s.a(lib_a-init.o)
 .ARM.attributes
                0x0000074e       0x2c c:/program files (x86)/cypress/psoc creator/3.1/psoc creator/import/gnu_cs/arm/4.8.4/bin/../lib/gcc/arm-none-eabi/4.8.4/../../../../arm-none-eabi/lib/armv6-m\libg_s.a(lib_a-memcpy-stub.o)
 .ARM.attributes
                0x0000077a       0x2c c:/program files (x86)/cypress/psoc creator/3.1/psoc creator/import/gnu_cs/arm/4.8.4/bin/../lib/gcc/arm-none-eabi/4.8.4/../../../../arm-none-eabi/lib/armv6-m\libg_s.a(lib_a-memset.o)
 .ARM.attributes
                0x000007a6       0x2c c:/program files (x86)/cypress/psoc creator/3.1/psoc creator/import/gnu_cs/arm/4.8.4/bin/../lib/gcc/arm-none-eabi/4.8.4/../../../../arm-none-eabi/lib/armv6-m\libg_s.a(lib_a-printf.o)
 .ARM.attributes
                0x000007d2       0x2c c:/program files (x86)/cypress/psoc creator/3.1/psoc creator/import/gnu_cs/arm/4.8.4/bin/../lib/gcc/arm-none-eabi/4.8.4/../../../../arm-none-eabi/lib/armv6-m\libg_s.a(lib_a-putchar.o)
 .ARM.attributes
                0x000007fe       0x2c c:/program files (x86)/cypress/psoc creator/3.1/psoc creator/import/gnu_cs/arm/4.8.4/bin/../lib/gcc/arm-none-eabi/4.8.4/../../../../arm-none-eabi/lib/armv6-m\libg_s.a(lib_a-vfprintf.o)
 .ARM.attributes
                0x0000082a       0x2c c:/program files (x86)/cypress/psoc creator/3.1/psoc creator/import/gnu_cs/arm/4.8.4/bin/../lib/gcc/arm-none-eabi/4.8.4/../../../../arm-none-eabi/lib/armv6-m\libg_s.a(lib_a-vfprintf_i.o)
 .ARM.attributes
                0x00000856       0x2c c:/program files (x86)/cypress/psoc creator/3.1/psoc creator/import/gnu_cs/arm/4.8.4/bin/../lib/gcc/arm-none-eabi/4.8.4/../../../../arm-none-eabi/lib/armv6-m\libg_s.a(lib_a-wbuf.o)
 .ARM.attributes
                0x00000882       0x2c c:/program files (x86)/cypress/psoc creator/3.1/psoc creator/import/gnu_cs/arm/4.8.4/bin/../lib/gcc/arm-none-eabi/4.8.4/../../../../arm-none-eabi/lib/armv6-m\libg_s.a(lib_a-wsetup.o)
 .ARM.attributes
                0x000008ae       0x2c c:/program files (x86)/cypress/psoc creator/3.1/psoc creator/import/gnu_cs/arm/4.8.4/bin/../lib/gcc/arm-none-eabi/4.8.4/../../../../arm-none-eabi/lib/armv6-m\libg_s.a(lib_a-fflush.o)
 .ARM.attributes
                0x000008da       0x2c c:/program files (x86)/cypress/psoc creator/3.1/psoc creator/import/gnu_cs/arm/4.8.4/bin/../lib/gcc/arm-none-eabi/4.8.4/../../../../arm-none-eabi/lib/armv6-m\libg_s.a(lib_a-findfp.o)
 .ARM.attributes
                0x00000906       0x2c c:/program files (x86)/cypress/psoc creator/3.1/psoc creator/import/gnu_cs/arm/4.8.4/bin/../lib/gcc/arm-none-eabi/4.8.4/../../../../arm-none-eabi/lib/armv6-m\libg_s.a(lib_a-fvwrite.o)
 .ARM.attributes
                0x00000932       0x2c c:/program files (x86)/cypress/psoc creator/3.1/psoc creator/import/gnu_cs/arm/4.8.4/bin/../lib/gcc/arm-none-eabi/4.8.4/../../../../arm-none-eabi/lib/armv6-m\libg_s.a(lib_a-fwalk.o)
 .ARM.attributes
                0x0000095e       0x2c c:/program files (x86)/cypress/psoc creator/3.1/psoc creator/import/gnu_cs/arm/4.8.4/bin/../lib/gcc/arm-none-eabi/4.8.4/../../../../arm-none-eabi/lib/armv6-m\libg_s.a(lib_a-makebuf.o)
 .ARM.attributes
                0x0000098a       0x2c c:/program files (x86)/cypress/psoc creator/3.1/psoc creator/import/gnu_cs/arm/4.8.4/bin/../lib/gcc/arm-none-eabi/4.8.4/../../../../arm-none-eabi/lib/armv6-m\libg_s.a(lib_a-memchr-stub.o)
 .ARM.attributes
                0x000009b6       0x2c c:/program files (x86)/cypress/psoc creator/3.1/psoc creator/import/gnu_cs/arm/4.8.4/bin/../lib/gcc/arm-none-eabi/4.8.4/../../../../arm-none-eabi/lib/armv6-m\libg_s.a(lib_a-memmove.o)
 .ARM.attributes
                0x000009e2       0x2c c:/program files (x86)/cypress/psoc creator/3.1/psoc creator/import/gnu_cs/arm/4.8.4/bin/../lib/gcc/arm-none-eabi/4.8.4/../../../../arm-none-eabi/lib/armv6-m\libg_s.a(lib_a-nano-freer.o)
 .ARM.attributes
                0x00000a0e       0x2c c:/program files (x86)/cypress/psoc creator/3.1/psoc creator/import/gnu_cs/arm/4.8.4/bin/../lib/gcc/arm-none-eabi/4.8.4/../../../../arm-none-eabi/lib/armv6-m\libg_s.a(lib_a-nano-mallocr.o)
 .ARM.attributes
                0x00000a3a       0x2c c:/program files (x86)/cypress/psoc creator/3.1/psoc creator/import/gnu_cs/arm/4.8.4/bin/../lib/gcc/arm-none-eabi/4.8.4/../../../../arm-none-eabi/lib/armv6-m\libg_s.a(lib_a-nano-reallocr.o)
 .ARM.attributes
                0x00000a66       0x2c c:/program files (x86)/cypress/psoc creator/3.1/psoc creator/import/gnu_cs/arm/4.8.4/bin/../lib/gcc/arm-none-eabi/4.8.4/../../../../arm-none-eabi/lib/armv6-m\libg_s.a(lib_a-putc.o)
 .ARM.attributes
                0x00000a92       0x2c c:/program files (x86)/cypress/psoc creator/3.1/psoc creator/import/gnu_cs/arm/4.8.4/bin/../lib/gcc/arm-none-eabi/4.8.4/../../../../arm-none-eabi/lib/armv6-m\libg_s.a(lib_a-sbrkr.o)
 .ARM.attributes
                0x00000abe       0x2c c:/program files (x86)/cypress/psoc creator/3.1/psoc creator/import/gnu_cs/arm/4.8.4/bin/../lib/gcc/arm-none-eabi/4.8.4/../../../../arm-none-eabi/lib/armv6-m\libg_s.a(lib_a-stdio.o)
 .ARM.attributes
                0x00000aea       0x2c c:/program files (x86)/cypress/psoc creator/3.1/psoc creator/import/gnu_cs/arm/4.8.4/bin/../lib/gcc/arm-none-eabi/4.8.4/../../../../arm-none-eabi/lib/armv6-m\libg_s.a(lib_a-strlen.o)
 .ARM.attributes
                0x00000b16       0x2c c:/program files (x86)/cypress/psoc creator/3.1/psoc creator/import/gnu_cs/arm/4.8.4/bin/../lib/gcc/arm-none-eabi/4.8.4/../../../../arm-none-eabi/lib/armv6-m\libg_s.a(lib_a-writer.o)
 .ARM.attributes
                0x00000b42       0x2c c:/program files (x86)/cypress/psoc creator/3.1/psoc creator/import/gnu_cs/arm/4.8.4/bin/../lib/gcc/arm-none-eabi/4.8.4/../../../../arm-none-eabi/lib/armv6-m\libg_s.a(lib_a-closer.o)
 .ARM.attributes
                0x00000b6e       0x2c c:/program files (x86)/cypress/psoc creator/3.1/psoc creator/import/gnu_cs/arm/4.8.4/bin/../lib/gcc/arm-none-eabi/4.8.4/../../../../arm-none-eabi/lib/armv6-m\libg_s.a(lib_a-fstatr.o)
 .ARM.attributes
                0x00000b9a       0x2c c:/program files (x86)/cypress/psoc creator/3.1/psoc creator/import/gnu_cs/arm/4.8.4/bin/../lib/gcc/arm-none-eabi/4.8.4/../../../../arm-none-eabi/lib/armv6-m\libg_s.a(lib_a-isattyr.o)
 .ARM.attributes
                0x00000bc6       0x2c c:/program files (x86)/cypress/psoc creator/3.1/psoc creator/import/gnu_cs/arm/4.8.4/bin/../lib/gcc/arm-none-eabi/4.8.4/../../../../arm-none-eabi/lib/armv6-m\libg_s.a(lib_a-lseekr.o)
 .ARM.attributes
                0x00000bf2       0x2c c:/program files (x86)/cypress/psoc creator/3.1/psoc creator/import/gnu_cs/arm/4.8.4/bin/../lib/gcc/arm-none-eabi/4.8.4/../../../../arm-none-eabi/lib/armv6-m\libg_s.a(lib_a-nano-msizer.o)
 .ARM.attributes
                0x00000c1e       0x2c c:/program files (x86)/cypress/psoc creator/3.1/psoc creator/import/gnu_cs/arm/4.8.4/bin/../lib/gcc/arm-none-eabi/4.8.4/../../../../arm-none-eabi/lib/armv6-m\libg_s.a(lib_a-readr.o)
 .ARM.attributes
                0x00000c4a       0x2c c:/program files (x86)/cypress/psoc creator/3.1/psoc creator/import/gnu_cs/arm/4.8.4/bin/../lib/gcc/arm-none-eabi/4.8.4/../../../../arm-none-eabi/lib/armv6-m\libg_s.a(lib_a-reent.o)
 .ARM.attributes
                0x00000c76       0x2c c:/program files (x86)/cypress/psoc creator/3.1/psoc creator/import/gnu_cs/arm/4.8.4/bin/../lib/gcc/arm-none-eabi/4.8.4/armv6-m/crtend.o
 .ARM.attributes
                0x00000ca2       0x1e c:/program files (x86)/cypress/psoc creator/3.1/psoc creator/import/gnu_cs/arm/4.8.4/bin/../lib/gcc/arm-none-eabi/4.8.4/armv6-m/crtn.o
 .ARM.attributes
                0x00000cc0       0x2c c:/program files (x86)/cypress/psoc creator/3.1/psoc creator/import/gnu_cs/arm/4.8.4/bin/../lib/gcc/arm-none-eabi/4.8.4/../../../../arm-none-eabi/lib/armv6-m\libnosys.a(close.o)
 .ARM.attributes